/home/nguyenhoangtrieu/embedded/NPX_Workspace/mcuxsdk/mcuxsdk/examples/_boards/frdmmcxn947/board.c:28:6:BOARD_InitDebugConsole	8	static
/home/nguyenhoangtrieu/embedded/NPX_Workspace/mcuxsdk/mcuxsdk/examples/_boards/frdmmcxn947/board.c:44:6:BOARD_InitDebugConsole_Core1	8	static
/home/nguyenhoangtrieu/embedded/NPX_Workspace/mcuxsdk/mcuxsdk/examples/_boards/frdmmcxn947/board.c:58:6:BOARD_LPI2C_Init	48	static
/home/nguyenhoangtrieu/embedded/NPX_Workspace/mcuxsdk/mcuxsdk/examples/_boards/frdmmcxn947/board.c:76:10:BOARD_LPI2C_Send	32	static
/home/nguyenhoangtrieu/embedded/NPX_Workspace/mcuxsdk/mcuxsdk/examples/_boards/frdmmcxn947/board.c:96:10:BOARD_LPI2C_Receive	32	static
/home/nguyenhoangtrieu/embedded/NPX_Workspace/mcuxsdk/mcuxsdk/examples/_boards/frdmmcxn947/board.c:116:10:BOARD_LPI2C_SendSCCB	4	static
/home/nguyenhoangtrieu/embedded/NPX_Workspace/mcuxsdk/mcuxsdk/examples/_boards/frdmmcxn947/board.c:126:10:BOARD_LPI2C_ReceiveSCCB	40	static
/home/nguyenhoangtrieu/embedded/NPX_Workspace/mcuxsdk/mcuxsdk/examples/_boards/frdmmcxn947/board.c:159:6:BOARD_Accel_I2C_Init	0	static
/home/nguyenhoangtrieu/embedded/NPX_Workspace/mcuxsdk/mcuxsdk/examples/_boards/frdmmcxn947/board.c:164:10:BOARD_Accel_I2C_Send	24	static
/home/nguyenhoangtrieu/embedded/NPX_Workspace/mcuxsdk/mcuxsdk/examples/_boards/frdmmcxn947/board.c:171:10:BOARD_Accel_I2C_Receive	16	static
/home/nguyenhoangtrieu/embedded/NPX_Workspace/mcuxsdk/mcuxsdk/examples/_boards/frdmmcxn947/board.c:177:6:BOARD_Codec_I2C_Init	0	static
/home/nguyenhoangtrieu/embedded/NPX_Workspace/mcuxsdk/mcuxsdk/examples/_boards/frdmmcxn947/board.c:182:10:BOARD_Codec_I2C_Send	16	static
/home/nguyenhoangtrieu/embedded/NPX_Workspace/mcuxsdk/mcuxsdk/examples/_boards/frdmmcxn947/board.c:189:10:BOARD_Codec_I2C_Receive	4	static
/home/nguyenhoangtrieu/embedded/NPX_Workspace/mcuxsdk/mcuxsdk/examples/_boards/frdmmcxn947/board.c:195:6:BOARD_Camera_I2C_Init	8	static
/home/nguyenhoangtrieu/embedded/NPX_Workspace/mcuxsdk/mcuxsdk/examples/_boards/frdmmcxn947/board.c:201:10:BOARD_Camera_I2C_Send	16	static
/home/nguyenhoangtrieu/embedded/NPX_Workspace/mcuxsdk/mcuxsdk/examples/_boards/frdmmcxn947/board.c:208:10:BOARD_Camera_I2C_Receive	16	static
/home/nguyenhoangtrieu/embedded/NPX_Workspace/mcuxsdk/mcuxsdk/examples/_boards/frdmmcxn947/board.c:215:10:BOARD_Camera_I2C_SendSCCB	4	static
/home/nguyenhoangtrieu/embedded/NPX_Workspace/mcuxsdk/mcuxsdk/examples/_boards/frdmmcxn947/board.c:222:10:BOARD_Camera_I2C_ReceiveSCCB	16	static
/home/nguyenhoangtrieu/embedded/NPX_Workspace/mcuxsdk/mcuxsdk/examples/_boards/frdmmcxn947/board.c:232:6:BOARD_PowerMode_OD	16	static
