/home/nguyenhoangtrieu/embedded/NPX_Workspace/mcuxsdk/mcuxsdk/rtos/freertos/freertos-kernel-upstream/tasks.c:5801:8:prvIdleTask	8	static
/home/nguyenhoangtrieu/embedded/NPX_Workspace/mcuxsdk/mcuxsdk/rtos/freertos/freertos-kernel-upstream/tasks.c:8579:13:prvAddCurrentTaskToDelayedList	32	static
/home/nguyenhoangtrieu/embedded/NPX_Workspace/mcuxsdk/mcuxsdk/rtos/freertos/freertos-kernel-upstream/tasks.c:6515:13:prvResetNextTaskUnblockTime	0	static
/home/nguyenhoangtrieu/embedded/NPX_Workspace/mcuxsdk/mcuxsdk/rtos/freertos/freertos-kernel-upstream/tasks.c:3312:23:prvTaskIsTaskSuspended	8	static
/home/nguyenhoangtrieu/embedded/NPX_Workspace/mcuxsdk/mcuxsdk/rtos/freertos/freertos-kernel-upstream/tasks.c:1740:16:xTaskCreate	40	static
/home/nguyenhoangtrieu/embedded/NPX_Workspace/mcuxsdk/mcuxsdk/rtos/freertos/freertos-kernel-upstream/tasks.c:3382:10:vTaskResume	24	static
/home/nguyenhoangtrieu/embedded/NPX_Workspace/mcuxsdk/mcuxsdk/rtos/freertos/freertos-kernel-upstream/tasks.c:3443:16:xTaskResumeFromISR	24	static
/home/nguyenhoangtrieu/embedded/NPX_Workspace/mcuxsdk/mcuxsdk/rtos/freertos/freertos-kernel-upstream/tasks.c:3689:6:vTaskStartScheduler	40	static
/home/nguyenhoangtrieu/embedded/NPX_Workspace/mcuxsdk/mcuxsdk/rtos/freertos/freertos-kernel-upstream/tasks.c:3794:6:vTaskEndScheduler	8	static
/home/nguyenhoangtrieu/embedded/NPX_Workspace/mcuxsdk/mcuxsdk/rtos/freertos/freertos-kernel-upstream/tasks.c:3837:6:vTaskSuspendAll	0	static
/home/nguyenhoangtrieu/embedded/NPX_Workspace/mcuxsdk/mcuxsdk/rtos/freertos/freertos-kernel-upstream/tasks.c:4160:12:xTaskGetTickCount	0	static
/home/nguyenhoangtrieu/embedded/NPX_Workspace/mcuxsdk/mcuxsdk/rtos/freertos/freertos-kernel-upstream/tasks.c:4179:12:xTaskGetTickCountFromISR	8	static
/home/nguyenhoangtrieu/embedded/NPX_Workspace/mcuxsdk/mcuxsdk/rtos/freertos/freertos-kernel-upstream/tasks.c:4214:13:uxTaskGetNumberOfTasks	0	static
/home/nguyenhoangtrieu/embedded/NPX_Workspace/mcuxsdk/mcuxsdk/rtos/freertos/freertos-kernel-upstream/tasks.c:4226:8:pcTaskGetName	8	static
/home/nguyenhoangtrieu/embedded/NPX_Workspace/mcuxsdk/mcuxsdk/rtos/freertos/freertos-kernel-upstream/tasks.c:4725:12:xTaskIncrementTick	40	static
/home/nguyenhoangtrieu/embedded/NPX_Workspace/mcuxsdk/mcuxsdk/rtos/freertos/freertos-kernel-upstream/tasks.c:4011:12:xTaskResumeAll	40	static
/home/nguyenhoangtrieu/embedded/NPX_Workspace/mcuxsdk/mcuxsdk/rtos/freertos/freertos-kernel-upstream/tasks.c:2458:10:vTaskDelay	8	static
/home/nguyenhoangtrieu/embedded/NPX_Workspace/mcuxsdk/mcuxsdk/rtos/freertos/freertos-kernel-upstream/tasks.c:4601:12:xTaskCatchUpTicks	8	static
/home/nguyenhoangtrieu/embedded/NPX_Workspace/mcuxsdk/mcuxsdk/rtos/freertos/freertos-kernel-upstream/tasks.c:5109:10:vTaskSwitchContext	8	static
/home/nguyenhoangtrieu/embedded/NPX_Workspace/mcuxsdk/mcuxsdk/rtos/freertos/freertos-kernel-upstream/tasks.c:3149:10:vTaskSuspend	16	static
/home/nguyenhoangtrieu/embedded/NPX_Workspace/mcuxsdk/mcuxsdk/rtos/freertos/freertos-kernel-upstream/tasks.c:5296:6:vTaskPlaceOnEventList	8	static
/home/nguyenhoangtrieu/embedded/NPX_Workspace/mcuxsdk/mcuxsdk/rtos/freertos/freertos-kernel-upstream/tasks.c:5325:6:vTaskPlaceOnUnorderedEventList	16	static
/home/nguyenhoangtrieu/embedded/NPX_Workspace/mcuxsdk/mcuxsdk/rtos/freertos/freertos-kernel-upstream/tasks.c:5394:12:xTaskRemoveFromEventList	24	static
/home/nguyenhoangtrieu/embedded/NPX_Workspace/mcuxsdk/mcuxsdk/rtos/freertos/freertos-kernel-upstream/tasks.c:5487:6:vTaskRemoveFromUnorderedEventList	24	static
/home/nguyenhoangtrieu/embedded/NPX_Workspace/mcuxsdk/mcuxsdk/rtos/freertos/freertos-kernel-upstream/tasks.c:5559:6:vTaskSetTimeOutState	8	static
/home/nguyenhoangtrieu/embedded/NPX_Workspace/mcuxsdk/mcuxsdk/rtos/freertos/freertos-kernel-upstream/tasks.c:5575:6:vTaskInternalSetTimeOutState	0	static
/home/nguyenhoangtrieu/embedded/NPX_Workspace/mcuxsdk/mcuxsdk/rtos/freertos/freertos-kernel-upstream/tasks.c:5587:12:xTaskCheckForTimeOut	16	static
/home/nguyenhoangtrieu/embedded/NPX_Workspace/mcuxsdk/mcuxsdk/rtos/freertos/freertos-kernel-upstream/tasks.c:5656:6:vTaskMissedYield	0	static
/home/nguyenhoangtrieu/embedded/NPX_Workspace/mcuxsdk/mcuxsdk/rtos/freertos/freertos-kernel-upstream/tasks.c:6429:17:uxTaskGetStackHighWaterMark	8	static
/home/nguyenhoangtrieu/embedded/NPX_Workspace/mcuxsdk/mcuxsdk/rtos/freertos/freertos-kernel-upstream/tasks.c:6539:22:xTaskGetCurrentTaskHandle	0	static
/home/nguyenhoangtrieu/embedded/NPX_Workspace/mcuxsdk/mcuxsdk/rtos/freertos/freertos-kernel-upstream/tasks.c:6574:18:xTaskGetCurrentTaskHandleForCore	0	static
/home/nguyenhoangtrieu/embedded/NPX_Workspace/mcuxsdk/mcuxsdk/rtos/freertos/freertos-kernel-upstream/tasks.c:6639:16:xTaskPriorityInherit	24	static
/home/nguyenhoangtrieu/embedded/NPX_Workspace/mcuxsdk/mcuxsdk/rtos/freertos/freertos-kernel-upstream/tasks.c:6742:16:xTaskPriorityDisinherit	24	static
/home/nguyenhoangtrieu/embedded/NPX_Workspace/mcuxsdk/mcuxsdk/rtos/freertos/freertos-kernel-upstream/tasks.c:6836:10:vTaskPriorityDisinheritAfterTimeout	16	static
/home/nguyenhoangtrieu/embedded/NPX_Workspace/mcuxsdk/mcuxsdk/rtos/freertos/freertos-kernel-upstream/tasks.c:7646:12:uxTaskResetEventItemValue	0	static
/home/nguyenhoangtrieu/embedded/NPX_Workspace/mcuxsdk/mcuxsdk/rtos/freertos/freertos-kernel-upstream/tasks.c:7666:18:pvTaskIncrementMutexHeldCount	0	static
/home/nguyenhoangtrieu/embedded/NPX_Workspace/mcuxsdk/mcuxsdk/rtos/freertos/freertos-kernel-upstream/tasks.c:7691:14:ulTaskGenericNotifyTake	24	static
/home/nguyenhoangtrieu/embedded/NPX_Workspace/mcuxsdk/mcuxsdk/rtos/freertos/freertos-kernel-upstream/tasks.c:7793:16:xTaskGenericNotifyWait	32	static
/home/nguyenhoangtrieu/embedded/NPX_Workspace/mcuxsdk/mcuxsdk/rtos/freertos/freertos-kernel-upstream/tasks.c:7907:16:xTaskGenericNotify	24	static
/home/nguyenhoangtrieu/embedded/NPX_Workspace/mcuxsdk/mcuxsdk/rtos/freertos/freertos-kernel-upstream/tasks.c:8027:16:xTaskGenericNotifyFromISR	24	static
/home/nguyenhoangtrieu/embedded/NPX_Workspace/mcuxsdk/mcuxsdk/rtos/freertos/freertos-kernel-upstream/tasks.c:8209:10:vTaskGenericNotifyGiveFromISR	24	static
/home/nguyenhoangtrieu/embedded/NPX_Workspace/mcuxsdk/mcuxsdk/rtos/freertos/freertos-kernel-upstream/tasks.c:8341:16:xTaskGenericNotifyStateClear	8	static
/home/nguyenhoangtrieu/embedded/NPX_Workspace/mcuxsdk/mcuxsdk/rtos/freertos/freertos-kernel-upstream/tasks.c:8380:14:ulTaskGenericNotifyValueClear	16	static
/home/nguyenhoangtrieu/embedded/NPX_Workspace/mcuxsdk/mcuxsdk/rtos/freertos/freertos-kernel-upstream/tasks.c:8810:6:vTaskResetState	0	static
