/home/nguyenhoangtrieu/embedded/NPX_Workspace/mcuxsdk/mcuxsdk/middleware/sdmmc/sdspi/fsl_sdspi.c:251:17:SDSPI_WaitReady	24	static
/home/nguyenhoangtrieu/embedded/NPX_Workspace/mcuxsdk/mcuxsdk/middleware/sdmmc/sdspi/fsl_sdspi.c:314:17:SDSPI_SendCommand	48	static
/home/nguyenhoangtrieu/embedded/NPX_Workspace/mcuxsdk/mcuxsdk/middleware/sdmmc/sdspi/fsl_sdspi.c:491:17:SDSPI_SendApplicationCmd	16	static
/home/nguyenhoangtrieu/embedded/NPX_Workspace/mcuxsdk/mcuxsdk/middleware/sdmmc/sdspi/fsl_sdspi.c:824:17:SDSPI_Write	40	static
/home/nguyenhoangtrieu/embedded/NPX_Workspace/mcuxsdk/mcuxsdk/middleware/sdmmc/sdspi/fsl_sdspi.c:880:17:SDSPI_Read	32	static
/home/nguyenhoangtrieu/embedded/NPX_Workspace/mcuxsdk/mcuxsdk/middleware/sdmmc/sdspi/fsl_sdspi.c:737:10:SDSPI_SendCid	24	static
/home/nguyenhoangtrieu/embedded/NPX_Workspace/mcuxsdk/mcuxsdk/middleware/sdmmc/sdspi/fsl_sdspi.c:1095:10:SDSPI_Init	32	static
/home/nguyenhoangtrieu/embedded/NPX_Workspace/mcuxsdk/mcuxsdk/middleware/sdmmc/sdspi/fsl_sdspi.c:1174:6:SDSPI_Deinit	8	static
/home/nguyenhoangtrieu/embedded/NPX_Workspace/mcuxsdk/mcuxsdk/middleware/sdmmc/sdspi/fsl_sdspi.c:1186:6:SDSPI_CheckReadOnly	8	static
/home/nguyenhoangtrieu/embedded/NPX_Workspace/mcuxsdk/mcuxsdk/middleware/sdmmc/sdspi/fsl_sdspi.c:1199:10:SDSPI_ReadBlocks	32	static
/home/nguyenhoangtrieu/embedded/NPX_Workspace/mcuxsdk/mcuxsdk/middleware/sdmmc/sdspi/fsl_sdspi.c:1241:10:SDSPI_WriteBlocks	40	static
/home/nguyenhoangtrieu/embedded/NPX_Workspace/mcuxsdk/mcuxsdk/middleware/sdmmc/sdspi/fsl_sdspi.c:1300:10:SDSPI_SendPreErase	24	static
/home/nguyenhoangtrieu/embedded/NPX_Workspace/mcuxsdk/mcuxsdk/middleware/sdmmc/sdspi/fsl_sdspi.c:1325:10:SDSPI_EraseBlocks	48	static
/home/nguyenhoangtrieu/embedded/NPX_Workspace/mcuxsdk/mcuxsdk/middleware/sdmmc/sdspi/fsl_sdspi.c:1359:10:SDSPI_SwitchToHighSpeed	88	static
