/home/nguyenhoangtrieu/embedded/NPX_Workspace/mcuxsdk/mcuxsdk/drivers/flexio/fsl_flexio.c:429:13:FLEXIO_CommonIRQHandler	8	static
/home/nguyenhoangtrieu/embedded/NPX_Workspace/mcuxsdk/mcuxsdk/drivers/flexio/fsl_flexio.c:78:10:FLEXIO_GetInstance	8	static
/home/nguyenhoangtrieu/embedded/NPX_Workspace/mcuxsdk/mcuxsdk/drivers/flexio/fsl_flexio.c:162:6:FLEXIO_Deinit	8	static
/home/nguyenhoangtrieu/embedded/NPX_Workspace/mcuxsdk/mcuxsdk/drivers/flexio/fsl_flexio.c:182:6:FLEXIO_GetDefaultConfig	8	static
/home/nguyenhoangtrieu/embedded/NPX_Workspace/mcuxsdk/mcuxsdk/drivers/flexio/fsl_flexio.c:202:6:FLEXIO_Reset	0	static
/home/nguyenhoangtrieu/embedded/NPX_Workspace/mcuxsdk/mcuxsdk/drivers/flexio/fsl_flexio.c:123:6:FLEXIO_Init	16	static
/home/nguyenhoangtrieu/embedded/NPX_Workspace/mcuxsdk/mcuxsdk/drivers/flexio/fsl_flexio.c:217:10:FLEXIO_GetShifterBufferAddress	8	static
/home/nguyenhoangtrieu/embedded/NPX_Workspace/mcuxsdk/mcuxsdk/drivers/flexio/fsl_flexio.c:291:6:FLEXIO_SetShifterConfig	8	static
/home/nguyenhoangtrieu/embedded/NPX_Workspace/mcuxsdk/mcuxsdk/drivers/flexio/fsl_flexio.c:336:6:FLEXIO_SetTimerConfig	8	static
/home/nguyenhoangtrieu/embedded/NPX_Workspace/mcuxsdk/mcuxsdk/drivers/flexio/fsl_flexio.c:362:10:FLEXIO_RegisterHandleIRQ	16	static
/home/nguyenhoangtrieu/embedded/NPX_Workspace/mcuxsdk/mcuxsdk/drivers/flexio/fsl_flexio.c:400:10:FLEXIO_UnregisterHandleIRQ	8	static
/home/nguyenhoangtrieu/embedded/NPX_Workspace/mcuxsdk/mcuxsdk/drivers/flexio/fsl_flexio.c:471:6:FLEXIO_SetPinConfig	24	static
/home/nguyenhoangtrieu/embedded/NPX_Workspace/mcuxsdk/mcuxsdk/drivers/flexio/fsl_flexio.c:515:6:FLEXIO_DriverIRQHandler	0	static
/home/nguyenhoangtrieu/embedded/NPX_Workspace/mcuxsdk/mcuxsdk/drivers/flexio/fsl_flexio.c:529:6:FLEXIO0_DriverIRQHandler	0	static
/home/nguyenhoangtrieu/embedded/NPX_Workspace/mcuxsdk/mcuxsdk/drivers/flexio/fsl_flexio.c:535:6:FLEXIO1_DriverIRQHandler	0	static
/home/nguyenhoangtrieu/embedded/NPX_Workspace/mcuxsdk/mcuxsdk/drivers/flexio/fsl_flexio.c:541:6:UART2_FLEXIO_DriverIRQHandler	0	static
/home/nguyenhoangtrieu/embedded/NPX_Workspace/mcuxsdk/mcuxsdk/drivers/flexio/fsl_flexio.c:547:6:FLEXIO2_DriverIRQHandler	0	static
/home/nguyenhoangtrieu/embedded/NPX_Workspace/mcuxsdk/mcuxsdk/drivers/flexio/fsl_flexio.c:553:6:FLEXIO3_DriverIRQHandler	0	static
/home/nguyenhoangtrieu/embedded/NPX_Workspace/mcuxsdk/mcuxsdk/drivers/flexio/fsl_flexio.c:559:6:FLEXIO_CommonDriverIRQHandler	8	static
