/home/nguyenhoangtrieu/embedded/NPX_Workspace/mcuxsdk/mcuxsdk/drivers/flexio/mculcd/fsl_flexio_mculcd.h:560:20:FLEXIO_MCULCD_StopTransfer.isra	0	static
/home/nguyenhoangtrieu/embedded/NPX_Workspace/mcuxsdk/mcuxsdk/drivers/flexio/mculcd/fsl_flexio_mculcd.c:114:6:FLEXIO_MCULCD_GetDefaultConfig	8	static
/home/nguyenhoangtrieu/embedded/NPX_Workspace/mcuxsdk/mcuxsdk/drivers/flexio/mculcd/fsl_flexio_mculcd.c:139:10:FLEXIO_MCULCD_SetBaudRate	0	static
/home/nguyenhoangtrieu/embedded/NPX_Workspace/mcuxsdk/mcuxsdk/drivers/flexio/mculcd/fsl_flexio_mculcd.c:57:10:FLEXIO_MCULCD_Init	24	static
/home/nguyenhoangtrieu/embedded/NPX_Workspace/mcuxsdk/mcuxsdk/drivers/flexio/mculcd/fsl_flexio_mculcd.c:178:10:FLEXIO_MCULCD_GetStatusFlags	0	static
/home/nguyenhoangtrieu/embedded/NPX_Workspace/mcuxsdk/mcuxsdk/drivers/flexio/mculcd/fsl_flexio_mculcd.c:208:6:FLEXIO_MCULCD_ClearStatusFlags	0	static
/home/nguyenhoangtrieu/embedded/NPX_Workspace/mcuxsdk/mcuxsdk/drivers/flexio/mculcd/fsl_flexio_mculcd.c:235:6:FLEXIO_MCULCD_EnableInterrupts	0	static
/home/nguyenhoangtrieu/embedded/NPX_Workspace/mcuxsdk/mcuxsdk/drivers/flexio/mculcd/fsl_flexio_mculcd.c:262:6:FLEXIO_MCULCD_DisableInterrupts	0	static
/home/nguyenhoangtrieu/embedded/NPX_Workspace/mcuxsdk/mcuxsdk/drivers/flexio/mculcd/fsl_flexio_mculcd.c:306:10:FLEXIO_MCULCD_ReadData	0	static
/home/nguyenhoangtrieu/embedded/NPX_Workspace/mcuxsdk/mcuxsdk/drivers/flexio/mculcd/fsl_flexio_mculcd.c:326:6:FLEXIO_MCULCD_SetSingleBeatWriteConfig	16	static
/home/nguyenhoangtrieu/embedded/NPX_Workspace/mcuxsdk/mcuxsdk/drivers/flexio/mculcd/fsl_flexio_mculcd.c:387:6:FLEXIO_MCULCD_ClearSingleBeatWriteConfig	12	static
/home/nguyenhoangtrieu/embedded/NPX_Workspace/mcuxsdk/mcuxsdk/drivers/flexio/mculcd/fsl_flexio_mculcd.c:416:6:FLEXIO_MCULCD_SetSingleBeatReadConfig	20	static
/home/nguyenhoangtrieu/embedded/NPX_Workspace/mcuxsdk/mcuxsdk/drivers/flexio/mculcd/fsl_flexio_mculcd.c:483:6:FLEXIO_MCULCD_ClearSingleBeatReadConfig	12	static
/home/nguyenhoangtrieu/embedded/NPX_Workspace/mcuxsdk/mcuxsdk/drivers/flexio/mculcd/fsl_flexio_mculcd.c:95:6:FLEXIO_MCULCD_Deinit	8	static
/home/nguyenhoangtrieu/embedded/NPX_Workspace/mcuxsdk/mcuxsdk/drivers/flexio/mculcd/fsl_flexio_mculcd.c:512:6:FLEXIO_MCULCD_SetMultiBeatsWriteConfig	24	static
/home/nguyenhoangtrieu/embedded/NPX_Workspace/mcuxsdk/mcuxsdk/drivers/flexio/mculcd/fsl_flexio_mculcd.c:592:6:FLEXIO_MCULCD_ClearMultiBeatsWriteConfig	16	static
/home/nguyenhoangtrieu/embedded/NPX_Workspace/mcuxsdk/mcuxsdk/drivers/flexio/mculcd/fsl_flexio_mculcd.c:629:6:FLEXIO_MCULCD_SetMultiBeatsReadConfig	24	static
/home/nguyenhoangtrieu/embedded/NPX_Workspace/mcuxsdk/mcuxsdk/drivers/flexio/mculcd/fsl_flexio_mculcd.c:715:6:FLEXIO_MCULCD_ClearMultiBeatsReadConfig	16	static
/home/nguyenhoangtrieu/embedded/NPX_Workspace/mcuxsdk/mcuxsdk/drivers/flexio/mculcd/fsl_flexio_mculcd.c:748:6:FLEXIO_MCULCD_WaitTransmitComplete	0	static
/home/nguyenhoangtrieu/embedded/NPX_Workspace/mcuxsdk/mcuxsdk/drivers/flexio/mculcd/fsl_flexio_mculcd.c:1297:6:FLEXIO_MCULCD_TransferHandleIRQ	24	static
/home/nguyenhoangtrieu/embedded/NPX_Workspace/mcuxsdk/mcuxsdk/drivers/flexio/mculcd/fsl_flexio_mculcd.c:767:6:FLEXIO_MCULCD_WriteCommandBlocking	16	static
/home/nguyenhoangtrieu/embedded/NPX_Workspace/mcuxsdk/mcuxsdk/drivers/flexio/mculcd/fsl_flexio_mculcd.c:828:6:FLEXIO_MCULCD_WriteDataArrayBlocking	24	static
/home/nguyenhoangtrieu/embedded/NPX_Workspace/mcuxsdk/mcuxsdk/drivers/flexio/mculcd/fsl_flexio_mculcd.c:907:6:FLEXIO_MCULCD_ReadDataArrayBlocking	24	static
/home/nguyenhoangtrieu/embedded/NPX_Workspace/mcuxsdk/mcuxsdk/drivers/flexio/mculcd/fsl_flexio_mculcd.c:993:6:FLEXIO_MCULCD_WriteSameValueBlocking	24	static
/home/nguyenhoangtrieu/embedded/NPX_Workspace/mcuxsdk/mcuxsdk/drivers/flexio/mculcd/fsl_flexio_mculcd.c:1048:6:FLEXIO_MCULCD_TransferBlocking	16	static
/home/nguyenhoangtrieu/embedded/NPX_Workspace/mcuxsdk/mcuxsdk/drivers/flexio/mculcd/fsl_flexio_mculcd.c:1088:10:FLEXIO_MCULCD_TransferCreateHandle	24	static
/home/nguyenhoangtrieu/embedded/NPX_Workspace/mcuxsdk/mcuxsdk/drivers/flexio/mculcd/fsl_flexio_mculcd.c:1129:10:FLEXIO_MCULCD_TransferNonBlocking	16	static
/home/nguyenhoangtrieu/embedded/NPX_Workspace/mcuxsdk/mcuxsdk/drivers/flexio/mculcd/fsl_flexio_mculcd.c:1228:6:FLEXIO_MCULCD_TransferAbort	16	static
/home/nguyenhoangtrieu/embedded/NPX_Workspace/mcuxsdk/mcuxsdk/drivers/flexio/mculcd/fsl_flexio_mculcd.c:1272:10:FLEXIO_MCULCD_TransferGetCount	8	static
