/home/nguyenhoangtrieu/embedded/NPX_Workspace/mcuxsdk/mcuxsdk/arch/arm/CMSIS/Core/Include/core_cm33.h:2358:22:__NVIC_EnableIRQ	0	static
/home/nguyenhoangtrieu/embedded/NPX_Workspace/mcuxsdk/mcuxsdk/devices/MCX/MCXN/MCXN947/drivers/fsl_clock.h:1496:20:CLOCK_EnableClock	0	static
/home/nguyenhoangtrieu/embedded/NPX_Workspace/mcuxsdk/mcuxsdk/devices/MCX/MCXN/MCXN947/drivers/fsl_clock.h:1530:20:CLOCK_DisableClock	0	static
/home/nguyenhoangtrieu/embedded/NPX_Workspace/mcuxsdk/mcuxsdk/drivers/lpflexcomm/lpi2c/fsl_lpi2c.c:1748:17:LPI2C_SlaveCheckAndClearError	8	static
/home/nguyenhoangtrieu/embedded/NPX_Workspace/mcuxsdk/mcuxsdk/drivers/lpflexcomm/lpi2c/fsl_lpi2c.c:2158:6:LPI2C_SlaveTransferHandleIRQ	16	static
/home/nguyenhoangtrieu/embedded/NPX_Workspace/mcuxsdk/mcuxsdk/drivers/lpflexcomm/lpi2c/fsl_lpi2c.c:153:17:LPI2C_GetCyclesForWidth	16	static
/home/nguyenhoangtrieu/embedded/NPX_Workspace/mcuxsdk/mcuxsdk/drivers/lpflexcomm/lpi2c/fsl_lpi2c.c:130:10:LPI2C_GetInstance	8	static
/home/nguyenhoangtrieu/embedded/NPX_Workspace/mcuxsdk/mcuxsdk/drivers/lpflexcomm/lpi2c/fsl_lpi2c.c:195:10:LPI2C_MasterCheckAndClearError	8	static
/home/nguyenhoangtrieu/embedded/NPX_Workspace/mcuxsdk/mcuxsdk/drivers/lpflexcomm/lpi2c/fsl_lpi2c.c:249:17:LPI2C_MasterWaitForTxReady	16	static
/home/nguyenhoangtrieu/embedded/NPX_Workspace/mcuxsdk/mcuxsdk/drivers/lpflexcomm/lpi2c/fsl_lpi2c.c:297:10:LPI2C_CheckForBusyBus	0	static
/home/nguyenhoangtrieu/embedded/NPX_Workspace/mcuxsdk/mcuxsdk/drivers/lpflexcomm/lpi2c/fsl_lpi2c.c:334:6:LPI2C_MasterGetDefaultConfig	8	static
/home/nguyenhoangtrieu/embedded/NPX_Workspace/mcuxsdk/mcuxsdk/drivers/lpflexcomm/lpi2c/fsl_lpi2c.c:485:6:LPI2C_MasterDeinit	16	static
/home/nguyenhoangtrieu/embedded/NPX_Workspace/mcuxsdk/mcuxsdk/drivers/lpflexcomm/lpi2c/fsl_lpi2c.c:517:6:LPI2C_MasterConfigureDataMatch	8	static
/home/nguyenhoangtrieu/embedded/NPX_Workspace/mcuxsdk/mcuxsdk/drivers/lpflexcomm/lpi2c/fsl_lpi2c.c:548:6:LPI2C_MasterSetBaudRate	48	static
/home/nguyenhoangtrieu/embedded/NPX_Workspace/mcuxsdk/mcuxsdk/drivers/lpflexcomm/lpi2c/fsl_lpi2c.c:367:6:LPI2C_MasterInit	32	static
/home/nguyenhoangtrieu/embedded/NPX_Workspace/mcuxsdk/mcuxsdk/drivers/lpflexcomm/lpi2c/fsl_lpi2c.c:672:10:LPI2C_MasterStart	16	static
/home/nguyenhoangtrieu/embedded/NPX_Workspace/mcuxsdk/mcuxsdk/drivers/lpflexcomm/lpi2c/fsl_lpi2c.c:709:10:LPI2C_MasterStop	16	static
/home/nguyenhoangtrieu/embedded/NPX_Workspace/mcuxsdk/mcuxsdk/drivers/lpflexcomm/lpi2c/fsl_lpi2c.c:773:10:LPI2C_MasterReceive	24	static
/home/nguyenhoangtrieu/embedded/NPX_Workspace/mcuxsdk/mcuxsdk/drivers/lpflexcomm/lpi2c/fsl_lpi2c.c:856:10:LPI2C_MasterSend	16	static
/home/nguyenhoangtrieu/embedded/NPX_Workspace/mcuxsdk/mcuxsdk/drivers/lpflexcomm/lpi2c/fsl_lpi2c.c:895:10:LPI2C_MasterTransferBlocking	48	static
/home/nguyenhoangtrieu/embedded/NPX_Workspace/mcuxsdk/mcuxsdk/drivers/lpflexcomm/lpi2c/fsl_lpi2c.c:1009:6:LPI2C_MasterTransferCreateHandle	32	static
/home/nguyenhoangtrieu/embedded/NPX_Workspace/mcuxsdk/mcuxsdk/drivers/lpflexcomm/lpi2c/fsl_lpi2c.c:1361:10:LPI2C_MasterTransferNonBlocking	24	static
/home/nguyenhoangtrieu/embedded/NPX_Workspace/mcuxsdk/mcuxsdk/drivers/lpflexcomm/lpi2c/fsl_lpi2c.c:1418:10:LPI2C_MasterTransferGetCount	16	static
/home/nguyenhoangtrieu/embedded/NPX_Workspace/mcuxsdk/mcuxsdk/drivers/lpflexcomm/lpi2c/fsl_lpi2c.c:1485:6:LPI2C_MasterTransferAbort	0	static
/home/nguyenhoangtrieu/embedded/NPX_Workspace/mcuxsdk/mcuxsdk/drivers/lpflexcomm/lpi2c/fsl_lpi2c.c:1515:6:LPI2C_MasterTransferHandleIRQ	24	static
/home/nguyenhoangtrieu/embedded/NPX_Workspace/mcuxsdk/mcuxsdk/drivers/lpflexcomm/lpi2c/fsl_lpi2c.c:1586:6:LPI2C_SlaveGetDefaultConfig	8	static
/home/nguyenhoangtrieu/embedded/NPX_Workspace/mcuxsdk/mcuxsdk/drivers/lpflexcomm/lpi2c/fsl_lpi2c.c:1625:6:LPI2C_SlaveInit	40	static
/home/nguyenhoangtrieu/embedded/NPX_Workspace/mcuxsdk/mcuxsdk/drivers/lpflexcomm/lpi2c/fsl_lpi2c.c:1714:6:LPI2C_SlaveDeinit	16	static
/home/nguyenhoangtrieu/embedded/NPX_Workspace/mcuxsdk/mcuxsdk/drivers/lpflexcomm/lpi2c/fsl_lpi2c.c:1788:10:LPI2C_SlaveSend	32	static
/home/nguyenhoangtrieu/embedded/NPX_Workspace/mcuxsdk/mcuxsdk/drivers/lpflexcomm/lpi2c/fsl_lpi2c.c:1875:10:LPI2C_SlaveReceive	32	static
/home/nguyenhoangtrieu/embedded/NPX_Workspace/mcuxsdk/mcuxsdk/drivers/lpflexcomm/lpi2c/fsl_lpi2c.c:1969:6:LPI2C_SlaveTransferCreateHandle	32	static
/home/nguyenhoangtrieu/embedded/NPX_Workspace/mcuxsdk/mcuxsdk/drivers/lpflexcomm/lpi2c/fsl_lpi2c.c:2038:10:LPI2C_SlaveTransferNonBlocking	24	static
/home/nguyenhoangtrieu/embedded/NPX_Workspace/mcuxsdk/mcuxsdk/drivers/lpflexcomm/lpi2c/fsl_lpi2c.c:2095:10:LPI2C_SlaveTransferGetCount	8	static
/home/nguyenhoangtrieu/embedded/NPX_Workspace/mcuxsdk/mcuxsdk/drivers/lpflexcomm/lpi2c/fsl_lpi2c.c:2130:6:LPI2C_SlaveTransferAbort	8	static
/home/nguyenhoangtrieu/embedded/NPX_Workspace/mcuxsdk/mcuxsdk/drivers/lpflexcomm/lpi2c/fsl_lpi2c.c:2336:6:LPI2C_CommonIRQHandler	16	static
