Archive member included to satisfy reference by file (symbol)

/usr/lib/gcc/arm-none-eabi/14.2.1/../../../arm-none-eabi/lib/thumb/v8-m.main/nofp/libc_nano.a(libc_a-fini.o)
                              /usr/lib/gcc/arm-none-eabi/14.2.1/../../../arm-none-eabi/lib/thumb/v8-m.main/nofp/crt0.o (__libc_fini_array)
/usr/lib/gcc/arm-none-eabi/14.2.1/../../../arm-none-eabi/lib/thumb/v8-m.main/nofp/libc_nano.a(libc_a-memcmp.o)
                              CMakeFiles/camera_ai_demo_cm33_core1.dir/home/nguyenhoangtrieu/embedded/NPX_Workspace/mcuxsdk/mcuxsdk/middleware/fatfs/source/ff.c.obj (memcmp)
/usr/lib/gcc/arm-none-eabi/14.2.1/../../../arm-none-eabi/lib/thumb/v8-m.main/nofp/libc_nano.a(libc_a-strtoul.o)
                              CMakeFiles/camera_ai_demo_cm33_core1.dir/home/nguyenhoangtrieu/embedded/NPX_Workspace/mcuxsdk/mcuxsdk/components/str/fsl_str.c.obj (strtoul)
/usr/lib/gcc/arm-none-eabi/14.2.1/../../../arm-none-eabi/lib/thumb/v8-m.main/nofp/libc_nano.a(libc_a-strchr.o)
                              CMakeFiles/camera_ai_demo_cm33_core1.dir/home/nguyenhoangtrieu/embedded/NPX_Workspace/mcuxsdk/mcuxsdk/middleware/fatfs/source/ff.c.obj (strchr)
/usr/lib/gcc/arm-none-eabi/14.2.1/../../../arm-none-eabi/lib/thumb/v8-m.main/nofp/libc_nano.a(libc_a-strcmp.o)
                              CMakeFiles/camera_ai_demo_cm33_core1.dir/source/storage/snapshot.c.obj (strcmp)
/usr/lib/gcc/arm-none-eabi/14.2.1/../../../arm-none-eabi/lib/thumb/v8-m.main/nofp/libc_nano.a(libc_a-malloc.o)
                              CMakeFiles/camera_ai_demo_cm33_core1.dir/home/nguyenhoangtrieu/embedded/NPX_Workspace/mcuxsdk/mcuxsdk/drivers/common/fsl_common.c.obj (malloc)
/usr/lib/gcc/arm-none-eabi/14.2.1/../../../arm-none-eabi/lib/thumb/v8-m.main/nofp/libc_nano.a(libc_a-ctype_.o)
                              /usr/lib/gcc/arm-none-eabi/14.2.1/../../../arm-none-eabi/lib/thumb/v8-m.main/nofp/libc_nano.a(libc_a-strtoul.o) (_ctype_)
/usr/lib/gcc/arm-none-eabi/14.2.1/../../../arm-none-eabi/lib/thumb/v8-m.main/nofp/libc_nano.a(libc_a-strlen-stub.o)
                              CMakeFiles/camera_ai_demo_cm33_core1.dir/home/nguyenhoangtrieu/embedded/NPX_Workspace/mcuxsdk/mcuxsdk/components/debug_console_lite/fsl_debug_console.c.obj (strlen)
/usr/lib/gcc/arm-none-eabi/14.2.1/../../../arm-none-eabi/lib/thumb/v8-m.main/nofp/libc_nano.a(libc_a-errno.o)
                              CMakeFiles/camera_ai_demo_cm33_core1.dir/home/nguyenhoangtrieu/embedded/NPX_Workspace/mcuxsdk/mcuxsdk/components/misc_utilities/fsl_syscall_stub.c.obj (__errno)
/usr/lib/gcc/arm-none-eabi/14.2.1/../../../arm-none-eabi/lib/thumb/v8-m.main/nofp/libc_nano.a(libc_a-exit.o)
                              /usr/lib/gcc/arm-none-eabi/14.2.1/../../../arm-none-eabi/lib/thumb/v8-m.main/nofp/crt0.o (exit)
/usr/lib/gcc/arm-none-eabi/14.2.1/../../../arm-none-eabi/lib/thumb/v8-m.main/nofp/libc_nano.a(libc_a-atexit.o)
                              /usr/lib/gcc/arm-none-eabi/14.2.1/../../../arm-none-eabi/lib/thumb/v8-m.main/nofp/crt0.o (atexit)
/usr/lib/gcc/arm-none-eabi/14.2.1/../../../arm-none-eabi/lib/thumb/v8-m.main/nofp/libc_nano.a(libc_a-init.o)
                              /usr/lib/gcc/arm-none-eabi/14.2.1/../../../arm-none-eabi/lib/thumb/v8-m.main/nofp/crt0.o (__libc_init_array)
/usr/lib/gcc/arm-none-eabi/14.2.1/../../../arm-none-eabi/lib/thumb/v8-m.main/nofp/libc_nano.a(libc_a-impure.o)
                              /usr/lib/gcc/arm-none-eabi/14.2.1/../../../arm-none-eabi/lib/thumb/v8-m.main/nofp/libc_nano.a(libc_a-strtoul.o) (_impure_ptr)
/usr/lib/gcc/arm-none-eabi/14.2.1/../../../arm-none-eabi/lib/thumb/v8-m.main/nofp/libc_nano.a(libc_a-findfp.o)
                              /usr/lib/gcc/arm-none-eabi/14.2.1/../../../arm-none-eabi/lib/thumb/v8-m.main/nofp/libc_nano.a(libc_a-exit.o) (__stdio_exit_handler)
/usr/lib/gcc/arm-none-eabi/14.2.1/../../../arm-none-eabi/lib/thumb/v8-m.main/nofp/libc_nano.a(libc_a-fflush.o)
                              /usr/lib/gcc/arm-none-eabi/14.2.1/../../../arm-none-eabi/lib/thumb/v8-m.main/nofp/libc_nano.a(libc_a-findfp.o) (_fflush_r)
/usr/lib/gcc/arm-none-eabi/14.2.1/../../../arm-none-eabi/lib/thumb/v8-m.main/nofp/libc_nano.a(libc_a-fwalk.o)
                              /usr/lib/gcc/arm-none-eabi/14.2.1/../../../arm-none-eabi/lib/thumb/v8-m.main/nofp/libc_nano.a(libc_a-findfp.o) (_fwalk_sglue)
/usr/lib/gcc/arm-none-eabi/14.2.1/../../../arm-none-eabi/lib/thumb/v8-m.main/nofp/libc_nano.a(libc_a-stdio.o)
                              /usr/lib/gcc/arm-none-eabi/14.2.1/../../../arm-none-eabi/lib/thumb/v8-m.main/nofp/libc_nano.a(libc_a-findfp.o) (__sread)
/usr/lib/gcc/arm-none-eabi/14.2.1/../../../arm-none-eabi/lib/thumb/v8-m.main/nofp/libc_nano.a(libc_a-mallocr.o)
                              /usr/lib/gcc/arm-none-eabi/14.2.1/../../../arm-none-eabi/lib/thumb/v8-m.main/nofp/libc_nano.a(libc_a-malloc.o) (_malloc_r)
/usr/lib/gcc/arm-none-eabi/14.2.1/../../../arm-none-eabi/lib/thumb/v8-m.main/nofp/libc_nano.a(libc_a-readr.o)
[...]
Memory Configuration

Name             Origin             Length             Attributes
m_interrupts     0x2004e000         0x00000400         xr
m_text           0x2004e400         0x00010000         xr
m_data           0x2005e400         0x00009c00         rw
rpmsg_sh_mem     0x2004e000         0x00000000         rw
m_usb_sram       0x400ba000         0x00001000         rw
*default*        0x00000000         0xffffffff

Linker script and memory map

LOAD /usr/lib/gcc/arm-none-eabi/14.2.1/thumb/v8-m.main/nofp/crti.o
LOAD /usr/lib/gcc/arm-none-eabi/14.2.1/thumb/v8-m.main/nofp/crtbegin.o
LOAD /usr/lib/gcc/arm-none-eabi/14.2.1/../../../arm-none-eabi/lib/thumb/v8-m.main/nofp/crt0.o
LOAD CMakeFiles/camera_ai_demo_cm33_core1.dir/home/nguyenhoangtrieu/embedded/NPX_Workspace/mcuxsdk/mcuxsdk/devices/MCX/MCXN/MCXN947/system_MCXN947_cm33_core1.c.obj
LOAD CMakeFiles/camera_ai_demo_cm33_core1.dir/home/nguyenhoangtrieu/embedded/NPX_Workspace/mcuxsdk/mcuxsdk/devices/MCX/MCXN/MCXN947/gcc/startup_MCXN947_cm33_core1.S.obj
LOAD CMakeFiles/camera_ai_demo_cm33_core1.dir/home/nguyenhoangtrieu/embedded/NPX_Workspace/mcuxsdk/mcuxsdk/devices/MCX/MCXN/MCXN947/drivers/fsl_clock.c.obj
LOAD CMakeFiles/camera_ai_demo_cm33_core1.dir/home/nguyenhoangtrieu/embedded/NPX_Workspace/mcuxsdk/mcuxsdk/devices/MCX/MCXN/MCXN947/drivers/fsl_edma_soc.c.obj
LOAD CMakeFiles/camera_ai_demo_cm33_core1.dir/home/nguyenhoangtrieu/embedded/NPX_Workspace/mcuxsdk/mcuxsdk/devices/MCX/MCXN/MCXN947/drivers/fsl_reset.c.obj
LOAD CMakeFiles/camera_ai_demo_cm33_core1.dir/home/nguyenhoangtrieu/embedded/NPX_Workspace/mcuxsdk/mcuxsdk/examples/_boards/frdmmcxn947/board.c.obj
LOAD CMakeFiles/camera_ai_demo_cm33_core1.dir/home/nguyenhoangtrieu/embedded/NPX_Workspace/mcuxsdk/mcuxsdk/examples/_boards/frdmmcxn947/clock_config.c.obj
LOAD CMakeFiles/camera_ai_demo_cm33_core1.dir/board_port/pin_mux.c.obj
LOAD CMakeFiles/camera_ai_demo_cm33_core1.dir/board_port/cm33_core1/hardware_init.c.obj
LOAD CMakeFiles/camera_ai_demo_cm33_core1.dir/home/nguyenhoangtrieu/embedded/NPX_Workspace/mcuxsdk/mcuxsdk/drivers/common/fsl_common.c.obj
LOAD CMakeFiles/camera_ai_demo_cm33_core1.dir/home/nguyenhoangtrieu/embedded/NPX_Workspace/mcuxsdk/mcuxsdk/drivers/common/fsl_common_arm.c.obj
LOAD CMakeFiles/camera_ai_demo_cm33_core1.dir/home/nguyenhoangtrieu/embedded/NPX_Workspace/mcuxsdk/mcuxsdk/drivers/edma4/fsl_edma.c.obj
LOAD CMakeFiles/camera_ai_demo_cm33_core1.dir/home/nguyenhoangtrieu/embedded/NPX_Workspace/mcuxsdk/mcuxsdk/drivers/flexio/fsl_flexio.c.obj
LOAD CMakeFiles/camera_ai_demo_cm33_core1.dir/home/nguyenhoangtrieu/embedded/NPX_Workspace/mcuxsdk/mcuxsdk/drivers/gpio/fsl_gpio.c.obj
LOAD CMakeFiles/camera_ai_demo_cm33_core1.dir/home/nguyenhoangtrieu/embedded/NPX_Workspace/mcuxsdk/mcuxsdk/drivers/inputmux/fsl_inputmux.c.obj
LOAD CMakeFiles/camera_ai_demo_cm33_core1.dir/home/nguyenhoangtrieu/embedded/NPX_Workspace/mcuxsdk/mcuxsdk/drivers/lpflexcomm/fsl_lpflexcomm.c.obj
LOAD CMakeFiles/camera_ai_demo_cm33_core1.dir/home/nguyenhoangtrieu/embedded/NPX_Workspace/mcuxsdk/mcuxsdk/drivers/mcx_spc/fsl_spc.c.obj
LOAD CMakeFiles/camera_ai_demo_cm33_core1.dir/home/nguyenhoangtrieu/embedded/NPX_Workspace/mcuxsdk/mcuxsdk/drivers/smartdma/fsl_smartdma.c.obj
LOAD CMakeFiles/camera_ai_demo_cm33_core1.dir/home/nguyenhoangtrieu/embedded/NPX_Workspace/mcuxsdk/mcuxsdk/drivers/smartdma/mcxn/fsl_smartdma_fw.c.obj
LOAD CMakeFiles/camera_ai_demo_cm33_core1.dir/home/nguyenhoangtrieu/embedded/NPX_Workspace/mcuxsdk/mcuxsdk/drivers/flexio/mculcd/fsl_flexio_mculcd.c.obj
LOAD CMakeFiles/camera_ai_demo_cm33_core1.dir/home/nguyenhoangtrieu/embedded/NPX_Workspace/mcuxsdk/mcuxsdk/drivers/lpflexcomm/lpi2c/fsl_lpi2c.c.obj
LOAD CMakeFiles/camera_ai_demo_cm33_core1.dir/home/nguyenhoangtrieu/embedded/NPX_Workspace/mcuxsdk/mcuxsdk/drivers/lpflexcomm/lpspi/fsl_lpspi.c.obj
LOAD CMakeFiles/camera_ai_demo_cm33_core1.dir/home/nguyenhoangtrieu/embedded/NPX_Workspace/mcuxsdk/mcuxsdk/drivers/lpflexcomm/lpspi/fsl_lpspi_edma.c.obj
LOAD CMakeFiles/camera_ai_demo_cm33_core1.dir/home/nguyenhoangtrieu/embedded/NPX_Workspace/mcuxsdk/mcuxsdk/drivers/lpflexcomm/lpuart/fsl_lpuart.c.obj
LOAD CMakeFiles/camera_ai_demo_cm33_core1.dir/home/nguyenhoangtrieu/embedded/NPX_Workspace/mcuxsdk/mcuxsdk/components/assert/fsl_assert.c.obj
LOAD CMakeFiles/camera_ai_demo_cm33_core1.dir/home/nguyenhoangtrieu/embedded/NPX_Workspace/mcuxsdk/mcuxsdk/components/debug_console_lite/fsl_debug_console.c.obj
LOAD CMakeFiles/camera_ai_demo_cm33_core1.dir/home/nguyenhoangtrieu/embedded/NPX_Workspace/mcuxsdk/mcuxsdk/components/lists/fsl_component_generic_list.c.obj
LOAD CMakeFiles/camera_ai_demo_cm33_core1.dir/home/nguyenhoangtrieu/embedded/NPX_Workspace/mcuxsdk/mcuxsdk/components/misc_utilities/fsl_syscall_stub.c.obj
LOAD CMakeFiles/camera_ai_demo_cm33_core1.dir/home/nguyenhoangtrieu/embedded/NPX_Workspace/mcuxsdk/mcuxsdk/components/misc_utilities/fsl_sbrk.c.obj
LOAD CMakeFiles/camera_ai_demo_cm33_core1.dir/home/nguyenhoangtrieu/embedded/NPX_Workspace/mcuxsdk/mcuxsdk/components/misc_utilities/fsl_memcpy.S.obj
LOAD CMakeFiles/camera_ai_demo_cm33_core1.dir/home/nguyenhoangtrieu/embedded/NPX_Workspace/mcuxsdk/mcuxsdk/components/misc_utilities/fsl_memset.S.obj
LOAD CMakeFiles/camera_ai_demo_cm33_core1.dir/home/nguyenhoangtrieu/embedded/NPX_Workspace/mcuxsdk/mcuxsdk/components/osa/fsl_os_abstraction_bm.c.obj
LOAD CMakeFiles/camera_ai_demo_cm33_core1.dir/home/nguyenhoangtrieu/embedded/NPX_Workspace/mcuxsdk/mcuxsdk/components/str/fsl_str.c.obj
LOAD CMakeFiles/camera_ai_demo_cm33_core1.dir/home/nguyenhoangtrieu/embedded/NPX_Workspace/mcuxsdk/mcuxsdk/components/uart/fsl_adapter_lpuart.c.obj
LOAD CMakeFiles/camera_ai_demo_cm33_core1.dir/home/nguyenhoangtrieu/embedded/NPX_Workspace/mcuxsdk/mcuxsdk/components/video/fsl_video_common.c.obj
LOAD CMakeFiles/camera_ai_demo_cm33_core1.dir/home/nguyenhoangtrieu/embedded/NPX_Workspace/mcuxsdk/mcuxsdk/components/video/camera/device/sccb/fsl_sccb.c.obj
LOAD CMakeFiles/camera_ai_demo_cm33_core1.dir/home/nguyenhoangtrieu/embedded/NPX_Workspace/mcuxsdk/mcuxsdk/components/video/camera/device/ov7670/fsl_ov7670.c.obj
LOAD CMakeFiles/camera_ai_demo_cm33_core1.dir/home/nguyenhoangtrieu/embedded/NPX_Workspace/mcuxsdk/mcuxsdk/middleware/multicore/mcmgr/src/mcmgr.c.obj
LOAD CMakeFiles/camera_ai_demo_cm33_core1.dir/home/nguyenhoangtrieu/embedded/NPX_Workspace/mcuxsdk/mcuxsdk/middleware/multicore/mcmgr/src/mcmgr_internal_core_api_mcxnx4x.c.obj
LOAD CMakeFiles/camera_ai_demo_cm33_core1.dir/home/nguyenhoangtrieu/embedded/NPX_Workspace/mcuxsdk/mcuxsdk/rtos/freertos/freertos-kernel-upstream/tasks.c.obj
LOAD CMakeFiles/camera_ai_demo_cm33_core1.dir/home/nguyenhoangtrieu/embedded/NPX_Workspace/mcuxsdk/mcuxsdk/rtos/freertos/freertos-kernel-upstream/list.c.obj
LOAD CMakeFiles/camera_ai_demo_cm33_core1.dir/home/nguyenhoangtrieu/embedded/NPX_Workspace/mcuxsdk/mcuxsdk/rtos/freertos/freertos-kernel-upstream/queue.c.obj
LOAD CMakeFiles/camera_ai_demo_cm33_core1.dir/home/nguyenhoangtrieu/embedded/NPX_Workspace/mcuxsdk/mcuxsdk/rtos/freertos/freertos-kernel-upstream/portable/GCC/ARM_CM33_NTZ/non_secure/port.c.obj
LOAD CMakeFiles/camera_ai_demo_cm33_core1.dir/home/nguyenhoangtrieu/embedded/NPX_Workspace/mcuxsdk/mcuxsdk/rtos/freertos/freertos-kernel-upstream/portable/GCC/ARM_CM33_NTZ/non_secure/portasm.c.obj
LOAD CMakeFiles/camera_ai_demo_cm33_core1.dir/home/nguyenhoangtrieu/embedded/NPX_Workspace/mcuxsdk/mcuxsdk/rtos/freertos/freertos-kernel-upstream/portable/GCC/ARM_CM33_NTZ/non_secure/mpu_wrappers_v2_asm.c.obj
LOAD CMakeFiles/camera_ai_demo_cm33_core1.dir/home/nguyenhoangtrieu/embedded/NPX_Workspace/mcuxsdk/mcuxsdk/rtos/freertos/freertos-kernel-upstream/portable/MemMang/heap_4.c.obj
LOAD CMakeFiles/camera_ai_demo_cm33_core1.dir/source/shared/ipc_events.c.obj
LOAD CMakeFiles/camera_ai_demo_cm33_core1.dir/source/shared/freertos_hooks.c.obj
LOAD CMakeFiles/camera_ai_demo_cm33_core1.dir/home/nguyenhoangtrieu/embedded/NPX_Workspace/mcuxsdk/mcuxsdk/middleware/sdmmc/sdspi/fsl_sdspi.c.obj
LOAD CMakeFiles/camera_ai_demo_cm33_core1.dir/home/nguyenhoangtrieu/embedded/NPX_Workspace/mcuxsdk/mcuxsdk/middleware/fatfs/source/ff.c.obj
LOAD CMakeFiles/camera_ai_demo_cm33_core1.dir/source/main_core1.c.obj
LOAD CMakeFiles/camera_ai_demo_cm33_core1.dir/source/camera/camera_capture.c.obj
LOAD CMakeFiles/camera_ai_demo_cm33_core1.dir/source/display/lcd_spi_hw.c.obj
LOAD CMakeFiles/camera_ai_demo_cm33_core1.dir/source/spi1_bus.c.obj
LOAD CMakeFiles/camera_ai_demo_cm33_core1.dir/source/storage/sd_spi_disk.c.obj
LOAD CMakeFiles/camera_ai_demo_cm33_core1.dir/source/storage/snapshot.c.obj
LOAD CMakeFiles/camera_ai_demo_cm33_core1.dir/source/display/bbox_overlay.c.obj
START GROUP
LOAD /usr/lib/gcc/arm-none-eabi/14.2.1/../../../arm-none-eabi/lib/thumb/v8-m.main/nofp/libm.a
LOAD /usr/lib/gcc/arm-none-eabi/14.2.1/../../../arm-none-eabi/lib/thumb/v8-m.main/nofp/libc_nano.a
LOAD /usr/lib/gcc/arm-none-eabi/14.2.1/thumb/v8-m.main/nofp/libgcc.a
LOAD /usr/lib/gcc/arm-none-eabi/14.2.1/../../../arm-none-eabi/lib/thumb/v8-m.main/nofp/libnosys.a
END GROUP
START GROUP
LOAD /usr/lib/gcc/arm-none-eabi/14.2.1/thumb/v8-m.main/nofp/libgcc.a
LOAD /usr/lib/gcc/arm-none-eabi/14.2.1/../../../arm-none-eabi/lib/thumb/v8-m.main/nofp/libg_nano.a
LOAD /usr/lib/gcc/arm-none-eabi/14.2.1/../../../arm-none-eabi/lib/thumb/v8-m.main/nofp/libc_nano.a
END GROUP
START GROUP
LOAD /usr/lib/gcc/arm-none-eabi/14.2.1/thumb/v8-m.main/nofp/libgcc.a
LOAD /usr/lib/gcc/arm-none-eabi/14.2.1/../../../arm-none-eabi/lib/thumb/v8-m.main/nofp/libc_nano.a
LOAD /usr/lib/gcc/arm-none-eabi/14.2.1/../../../arm-none-eabi/lib/thumb/v8-m.main/nofp/libnosys.a
END GROUP
START GROUP
LOAD /usr/lib/gcc/arm-none-eabi/14.2.1/thumb/v8-m.main/nofp/libgcc.a
LOAD /usr/lib/gcc/arm-none-eabi/14.2.1/../../../arm-none-eabi/lib/thumb/v8-m.main/nofp/libc_nano.a
LOAD /usr/lib/gcc/arm-none-eabi/14.2.1/../../../arm-none-eabi/lib/thumb/v8-m.main/nofp/libnosys.a
END GROUP
LOAD /usr/lib/gcc/arm-none-eabi/14.2.1/thumb/v8-m.main/nofp/crtend.o
LOAD /usr/lib/gcc/arm-none-eabi/14.2.1/thumb/v8-m.main/nofp/crtn.o
                0x00000400                        HEAP_SIZE = DEFINED (__heap_size__)?__heap_size__:0x400
                0x00000800                        STACK_SIZE = DEFINED (__stack_size__)?__stack_size__:0x800
                0x00000000                        RPMSG_SHMEM_SIZE = DEFINED (__use_shmem__)?0x2000:0x0

.noinit_rpmsg_sh_mem
                0x2004e000        0x0
                0x2004e000                        __RPMSG_SH_MEM_START__ = .
 *(.noinit.$rpmsg_sh_mem*)
                0x2004e000                        . = ALIGN (0x4)
                0x2004e000                        __RPMSG_SH_MEM_END__ = .

.interrupts     0x2004e000      0x2b0
                0x2004e000                        . = ALIGN (0x4)
 *(.isr_vector)
 .isr_vector    0x2004e000      0x2b0 CMakeFiles/camera_ai_demo_cm33_core1.dir/home/nguyenhoangtrieu/embedded/NPX_Workspace/mcuxsdk/mcuxsdk/devices/MCX/MCXN/MCXN947/gcc/startup_MCXN947_cm33_core1.S.obj
                0x2004e000                __Vectors
                0x2004e2b0                        . = ALIGN (0x4)

.text           0x2004e400     0xce88
                0x2004e400                        . = ALIGN (0x4)
 *(.text)
 .text          0x2004e400       0x8c /usr/lib/gcc/arm-none-eabi/14.2.1/thumb/v8-m.main/nofp/crtbegin.o
 .text          0x2004e48c       0x70 /usr/lib/gcc/arm-none-eabi/14.2.1/../../../arm-none-eabi/lib/thumb/v8-m.main/nofp/crt0.o
                0x2004e48c                _stack_init
                0x2004e494                _mainCRTStartup
                0x2004e494                _start
 .text          0x2004e4fc      0x584 CMakeFiles/camera_ai_demo_cm33_core1.dir/home/nguyenhoangtrieu/embedded/NPX_Workspace/mcuxsdk/mcuxsdk/devices/MCX/MCXN/MCXN947/gcc/startup_MCXN947_cm33_core1.S.obj
                0x2004e4fc                Reset_Handler
                0x2004e574                HSCMP1_DriverIRQHandler
                0x2004e574                PINT0_DriverIRQHandler
                0x2004e574                WWDT1_DriverIRQHandler
                0x2004e574                DebugMon_Handler
                0x2004e574                EMVSIM0_DriverIRQHandler
                0x2004e574                I3C0_DriverIRQHandler
                0x2004e574                USB0_FS_DriverIRQHandler
                0x2004e574                PKC_ERR_DriverIRQHandler
                0x2004e574                QDC1_HOME_DriverIRQHandler
                0x2004e574                SCG_DriverIRQHandler
                0x2004e574                CMC0_DriverIRQHandler
                0x2004e574                LPTMR0_DriverIRQHandler
                0x2004e574                FLEXPWM1_SUBMODULE1_DriverIRQHandler
                0x2004e574                FLEXPWM0_SUBMODULE1_DriverIRQHandler
                0x2004e574                FLEXPWM0_RELOAD_ERROR_DriverIRQHandler
                0x2004e574                QDC0_HOME_DriverIRQHandler
                0x2004e574                Reserved167_DriverIRQHandler
                0x2004e574                SEC_VIO_DriverIRQHandler
                0x2004e574                ERM_MULTI_BIT_ERROR_DriverIRQHandler
                0x2004e574                GPIO31_DriverIRQHandler
                0x2004e574                EWM0_DriverIRQHandler
                0x2004e574                PKC_DriverIRQHandler
                0x2004e574                USB1_HS_PHY_DriverIRQHandler
                0x2004e574                QDC0_IDX_DriverIRQHandler
                0x2004e574                ELS_DriverIRQHandler
                0x2004e574                Reserved166_DriverIRQHandler
                0x2004e574                ETHERNET_DriverIRQHandler
                0x2004e574                QDC1_IDX_DriverIRQHandler
                0x2004e574                FLEXPWM1_SUBMODULE3_DriverIRQHandler
                0x2004e574                DAC1_DriverIRQHandler
                0x2004e574                CTIMER2_DriverIRQHandler
                0x2004e574                UsageFault_Handler
                0x2004e574                ITRC0_DriverIRQHandler
                0x2004e574                ETB0_DriverIRQHandler
                0x2004e574                Freqme_DriverIRQHandler
                0x2004e574                Reserved80_DriverIRQHandler
                0x2004e574                DefaultISR
                0x2004e574                ELS_ERR_DriverIRQHandler
                0x2004e574                DAC0_DriverIRQHandler
                0x2004e574                MRT0_DriverIRQHandler
                0x2004e574                UTICK0_DriverIRQHandler
                0x2004e574                FLEXPWM0_SUBMODULE2_DriverIRQHandler
                0x2004e574                GPIO01_DriverIRQHandler
                0x2004e574                WWDT0_DriverIRQHandler
                0x2004e574                USDHC0_DriverIRQHandler
                0x2004e574                GPIO00_DriverIRQHandler
                0x2004e574                GPIO11_DriverIRQHandler
                0x2004e574                CTIMER4_DriverIRQHandler
                0x2004e574                BSP32_DriverIRQHandler
                0x2004e574                FLEXPWM0_FAULT_DriverIRQHandler
                0x2004e574                SAI1_DriverIRQHandler
                0x2004e574                ERM_SINGLE_BIT_ERROR_DriverIRQHandler
                0x2004e574                GPIO21_DriverIRQHandler
                0x2004e574                FLEXPWM1_FAULT_DriverIRQHandler
                0x2004e574                GPIO30_DriverIRQHandler
                0x2004e574                CTIMER0_DriverIRQHandler
                0x2004e574                CTIMER1_DriverIRQHandler
                0x2004e574                QDC0_COMPARE_DriverIRQHandler
                0x2004e574                SecureFault_Handler
                0x2004e574                ADC1_DriverIRQHandler
                0x2004e574                PQ_DriverIRQHandler
                0x2004e574                ETHERNET_MACLP_DriverIRQHandler
                0x2004e574                USB0_DCD_DriverIRQHandler
                0x2004e574                MAILBOX_DriverIRQHandler
                0x2004e574                WUU_DriverIRQHandler
                0x2004e574                CTIMER3_DriverIRQHandler
                0x2004e574                FLEXPWM1_SUBMODULE0_DriverIRQHandler
                0x2004e574                CDOG1_DriverIRQHandler
                0x2004e574                TSI_OUT_OF_SCAN_DriverIRQHandler
                0x2004e574                PUF_DriverIRQHandler
                0x2004e574                SPC_DriverIRQHandler
                0x2004e574                RTC_DriverIRQHandler
                0x2004e574                VBAT0_DriverIRQHandler
                0x2004e574                Reserved65_DriverIRQHandler
                0x2004e574                HSCMP2_DriverIRQHandler
                0x2004e574                MemManage_Handler
                0x2004e574                PDM_EVENT_DriverIRQHandler
                0x2004e574                ETHERNET_PMT_DriverIRQHandler
                0x2004e574                FLEXPWM1_RELOAD_ERROR_DriverIRQHandler
                0x2004e574                FMU0_DriverIRQHandler
                0x2004e574                QDC1_COMPARE_DriverIRQHandler
                0x2004e574                LPTMR1_DriverIRQHandler
                0x2004e574                CTI0_DriverIRQHandler
                0x2004e574                GPIO40_DriverIRQHandler
                0x2004e574                FLEXPWM1_SUBMODULE2_DriverIRQHandler
                0x2004e574                GPIO20_DriverIRQHandler
                0x2004e574                QDC1_WDG_SAB_DriverIRQHandler
                0x2004e574                GDET_DriverIRQHandler
                0x2004e574                PORT_EFT_DriverIRQHandler
                0x2004e574                Reserved85_DriverIRQHandler
                0x2004e574                Reserved81_DriverIRQHandler
                0x2004e574                TSI_END_OF_SCAN_DriverIRQHandler
                0x2004e574                FLEXPWM0_SUBMODULE3_DriverIRQHandler
                0x2004e574                ADC0_DriverIRQHandler
                0x2004e574                OR_DriverIRQHandler
                0x2004e574                USB1_HS_DriverIRQHandler
                0x2004e574                Reserved113_DriverIRQHandler
                0x2004e574                DAC2_DriverIRQHandler
                0x2004e574                GPIO51_DriverIRQHandler
                0x2004e574                HSCMP0_DriverIRQHandler
                0x2004e574                QDC0_WDG_SAB_DriverIRQHandler
                0x2004e574                CDOG0_DriverIRQHandler
                0x2004e574                CAN0_DriverIRQHandler
                0x2004e574                SMARTDMA_DriverIRQHandler
                0x2004e574                SAI0_DriverIRQHandler
                0x2004e574                EMVSIM1_DriverIRQHandler
                0x2004e574                I3C1_DriverIRQHandler
                0x2004e574                BusFault_Handler
                0x2004e574                FLEXSPI0_DriverIRQHandler
                0x2004e574                GPIO50_DriverIRQHandler
                0x2004e574                GPIO10_DriverIRQHandler
                0x2004e574                SCT0_DriverIRQHandler
                0x2004e574                CAN1_DriverIRQHandler
                0x2004e574                PLU_DriverIRQHandler
                0x2004e574                FLEXPWM0_SUBMODULE0_DriverIRQHandler
                0x2004e574                OS_EVENT_DriverIRQHandler
                0x2004e574                SINC_FILTER_DriverIRQHandler
                0x2004e574                GPIO41_DriverIRQHandler
                0x2004e574                SEC_HYPERVISOR_CALL_DriverIRQHandler
                0x2004e578                NMI_Handler
                0x2004e57c                HardFault_Handler
                0x2004e58c                OR_IRQHandler
                0x2004e590                EDMA_0_CH0_IRQHandler
                0x2004e594                EDMA_0_CH1_IRQHandler
                0x2004e598                EDMA_0_CH2_IRQHandler
                0x2004e59c                EDMA_0_CH3_IRQHandler
                0x2004e5a0                EDMA_0_CH4_IRQHandler
                0x2004e5a4                EDMA_0_CH5_IRQHandler
                0x2004e5a8                EDMA_0_CH6_IRQHandler
                0x2004e5ac                EDMA_0_CH7_IRQHandler
                0x2004e5b0                EDMA_0_CH8_IRQHandler
                0x2004e5b4                EDMA_0_CH9_IRQHandler
                0x2004e5b8                EDMA_0_CH10_IRQHandler
                0x2004e5bc                EDMA_0_CH11_IRQHandler
                0x2004e5c0                EDMA_0_CH12_IRQHandler
                0x2004e5c4                EDMA_0_CH13_IRQHandler
                0x2004e5c8                EDMA_0_CH14_IRQHandler
                0x2004e5cc                EDMA_0_CH15_IRQHandler
                0x2004e5d0                GPIO00_IRQHandler
                0x2004e5d4                GPIO01_IRQHandler
                0x2004e5d8                GPIO10_IRQHandler
                0x2004e5dc                GPIO11_IRQHandler
                0x2004e5e0                GPIO20_IRQHandler
                0x2004e5e4                GPIO21_IRQHandler
                0x2004e5e8                GPIO30_IRQHandler
                0x2004e5ec                GPIO31_IRQHandler
                0x2004e5f0                GPIO40_IRQHandler
                0x2004e5f4                GPIO41_IRQHandler
                0x2004e5f8                GPIO50_IRQHandler
                0x2004e5fc                GPIO51_IRQHandler
                0x2004e600                UTICK0_IRQHandler
                0x2004e604                MRT0_IRQHandler
                0x2004e608                CTIMER0_IRQHandler
                0x2004e60c                CTIMER1_IRQHandler
                0x2004e610                SCT0_IRQHandler
                0x2004e614                CTIMER2_IRQHandler
                0x2004e618                LP_FLEXCOMM0_IRQHandler
                0x2004e61c                LP_FLEXCOMM1_IRQHandler
                0x2004e620                LP_FLEXCOMM2_IRQHandler
                0x2004e624                LP_FLEXCOMM3_IRQHandler
                0x2004e628                LP_FLEXCOMM4_IRQHandler
                0x2004e62c                LP_FLEXCOMM5_IRQHandler
                0x2004e630                LP_FLEXCOMM6_IRQHandler
                0x2004e634                LP_FLEXCOMM7_IRQHandler
                0x2004e638                LP_FLEXCOMM8_IRQHandler
                0x2004e63c                LP_FLEXCOMM9_IRQHandler
                0x2004e640                ADC0_IRQHandler
                0x2004e644                ADC1_IRQHandler
                0x2004e648                PINT0_IRQHandler
                0x2004e64c                PDM_EVENT_IRQHandler
                0x2004e650                Reserved65_IRQHandler
                0x2004e654                USB0_FS_IRQHandler
                0x2004e658                USB0_DCD_IRQHandler
                0x2004e65c                RTC_IRQHandler
                0x2004e668                CTIMER3_IRQHandler
                0x2004e66c                CTIMER4_IRQHandler
                0x2004e670                OS_EVENT_IRQHandler
                0x2004e674                FLEXSPI0_IRQHandler
                0x2004e678                SAI0_IRQHandler
                0x2004e67c                SAI1_IRQHandler
                0x2004e680                USDHC0_IRQHandler
                0x2004e684                CAN0_IRQHandler
                0x2004e688                CAN1_IRQHandler
                0x2004e68c                Reserved80_IRQHandler
                0x2004e690                Reserved81_IRQHandler
                0x2004e694                USB1_HS_PHY_IRQHandler
                0x2004e698                USB1_HS_IRQHandler
                0x2004e69c                SEC_HYPERVISOR_CALL_IRQHandler
                0x2004e6a0                Reserved85_IRQHandler
                0x2004e6a4                PLU_IRQHandler
                0x2004e6a8                Freqme_IRQHandler
                0x2004e6ac                SEC_VIO_IRQHandler
                0x2004e6b0                ELS_IRQHandler
                0x2004e6b4                PKC_IRQHandler
                0x2004e6b8                PUF_IRQHandler
                0x2004e6bc                PQ_IRQHandler
                0x2004e6c0                EDMA_1_CH0_IRQHandler
                0x2004e6c4                EDMA_1_CH1_IRQHandler
                0x2004e6c8                EDMA_1_CH2_IRQHandler
                0x2004e6cc                EDMA_1_CH3_IRQHandler
                0x2004e6d0                EDMA_1_CH4_IRQHandler
                0x2004e6d4                EDMA_1_CH5_IRQHandler
                0x2004e6d8                EDMA_1_CH6_IRQHandler
                0x2004e6dc                EDMA_1_CH7_IRQHandler
                0x2004e6e0                EDMA_1_CH8_IRQHandler
                0x2004e6e4                EDMA_1_CH9_IRQHandler
                0x2004e6e8                EDMA_1_CH10_IRQHandler
                0x2004e6ec                EDMA_1_CH11_IRQHandler
                0x2004e6f0                EDMA_1_CH12_IRQHandler
                0x2004e6f4                EDMA_1_CH13_IRQHandler
                0x2004e6f8                EDMA_1_CH14_IRQHandler
                0x2004e6fc                EDMA_1_CH15_IRQHandler
                0x2004e700                CDOG0_IRQHandler
                0x2004e704                CDOG1_IRQHandler
                0x2004e708                I3C0_IRQHandler
                0x2004e70c                I3C1_IRQHandler
                0x2004e710                Reserved113_IRQHandler
                0x2004e714                GDET_IRQHandler
                0x2004e718                VBAT0_IRQHandler
                0x2004e71c                EWM0_IRQHandler
                0x2004e720                TSI_END_OF_SCAN_IRQHandler
                0x2004e724                TSI_OUT_OF_SCAN_IRQHandler
                0x2004e728                EMVSIM0_IRQHandler
                0x2004e72c                EMVSIM1_IRQHandler
                0x2004e730                FLEXIO_IRQHandler
                0x2004e734                DAC0_IRQHandler
                0x2004e738                DAC1_IRQHandler
                0x2004e73c                DAC2_IRQHandler
                0x2004e740                HSCMP0_IRQHandler
                0x2004e744                HSCMP1_IRQHandler
                0x2004e748                HSCMP2_IRQHandler
                0x2004e74c                FLEXPWM0_RELOAD_ERROR_IRQHandler
                0x2004e750                FLEXPWM0_FAULT_IRQHandler
                0x2004e754                FLEXPWM0_SUBMODULE0_IRQHandler
                0x2004e758                FLEXPWM0_SUBMODULE1_IRQHandler
                0x2004e75c                FLEXPWM0_SUBMODULE2_IRQHandler
                0x2004e760                FLEXPWM0_SUBMODULE3_IRQHandler
                0x2004e764                FLEXPWM1_RELOAD_ERROR_IRQHandler
                0x2004e768                FLEXPWM1_FAULT_IRQHandler
                0x2004e76c                FLEXPWM1_SUBMODULE0_IRQHandler
                0x2004e770                FLEXPWM1_SUBMODULE1_IRQHandler
                0x2004e774                FLEXPWM1_SUBMODULE2_IRQHandler
                0x2004e778                FLEXPWM1_SUBMODULE3_IRQHandler
                0x2004e77c                QDC0_COMPARE_IRQHandler
                0x2004e780                QDC0_HOME_IRQHandler
                0x2004e784                QDC0_WDG_SAB_IRQHandler
                0x2004e788                QDC0_IDX_IRQHandler
                0x2004e78c                QDC1_COMPARE_IRQHandler
                0x2004e790                QDC1_HOME_IRQHandler
                0x2004e794                QDC1_WDG_SAB_IRQHandler
                0x2004e798                QDC1_IDX_IRQHandler
                0x2004e79c                ITRC0_IRQHandler
                0x2004e7a0                BSP32_IRQHandler
                0x2004e7a4                ELS_ERR_IRQHandler
                0x2004e7a8                PKC_ERR_IRQHandler
                0x2004e7ac                ERM_SINGLE_BIT_ERROR_IRQHandler
                0x2004e7b0                ERM_MULTI_BIT_ERROR_IRQHandler
                0x2004e7b4                FMU0_IRQHandler
                0x2004e7b8                ETHERNET_IRQHandler
                0x2004e7bc                ETHERNET_PMT_IRQHandler
                0x2004e7c0                ETHERNET_MACLP_IRQHandler
                0x2004e7c4                SINC_FILTER_IRQHandler
                0x2004e7c8                LPTMR0_IRQHandler
                0x2004e7cc                LPTMR1_IRQHandler
                0x2004e7d0                SCG_IRQHandler
                0x2004e7d4                SPC_IRQHandler
                0x2004e7d8                WUU_IRQHandler
                0x2004e7dc                PORT_EFT_IRQHandler
                0x2004e7e0                ETB0_IRQHandler
                0x2004e7e4                Reserved166_IRQHandler
                0x2004e7e8                Reserved167_IRQHandler
                0x2004e7ec                WWDT0_IRQHandler
                0x2004e7f0                WWDT1_IRQHandler
                0x2004e7f4                CMC0_IRQHandler
                0x2004e7f8                CTI0_IRQHandler
 .text          0x2004ea80       0x28 /usr/lib/gcc/arm-none-eabi/14.2.1/../../../arm-none-eabi/lib/thumb/v8-m.main/nofp/libc_nano.a(libc_a-fini.o)
                0x2004ea80                __libc_fini_array
 .text          0x2004eaa8       0x5c /usr/lib/gcc/arm-none-eabi/14.2.1/../../../arm-none-eabi/lib/thumb/v8-m.main/nofp/libc_nano.a(libc_a-memcmp.o)
                0x2004eaa8                memcmp
 .text          0x2004eb04       0xd0 /usr/lib/gcc/arm-none-eabi/14.2.1/../../../arm-none-eabi/lib/thumb/v8-m.main/nofp/libc_nano.a(libc_a-strchr.o)
                0x2004eb04                strchr
 .text          0x2004ebd4      0x1bc /usr/lib/gcc/arm-none-eabi/14.2.1/../../../arm-none-eabi/lib/thumb/v8-m.main/nofp/libc_nano.a(libc_a-strcmp.o)
                0x2004ebd4                strcmp
 .text          0x2004ed90       0x20 /usr/lib/gcc/arm-none-eabi/14.2.1/../../../arm-none-eabi/lib/thumb/v8-m.main/nofp/libc_nano.a(libc_a-malloc.o)
                0x2004ed90                malloc
                0x2004eda0                free
 .text          0x2004edb0       0x5c /usr/lib/gcc/arm-none-eabi/14.2.1/../../../arm-none-eabi/lib/thumb/v8-m.main/nofp/libc_nano.a(libc_a-strlen-stub.o)
                0x2004edb0                strlen
 .text          0x2004ee0c        0xc /usr/lib/gcc/arm-none-eabi/14.2.1/../../../arm-none-eabi/lib/thumb/v8-m.main/nofp/libc_nano.a(libc_a-errno.o)
                0x2004ee0c                __errno
 .text          0x2004ee18       0x24 /usr/lib/gcc/arm-none-eabi/14.2.1/../../../arm-none-eabi/lib/thumb/v8-m.main/nofp/libc_nano.a(libc_a-exit.o)
                0x2004ee18                exit
 .text          0x2004ee3c        0xc /usr/lib/gcc/arm-none-eabi/14.2.1/../../../arm-none-eabi/lib/thumb/v8-m.main/nofp/libc_nano.a(libc_a-atexit.o)
                0x2004ee3c                atexit
 .text          0x2004ee48       0x50 /usr/lib/gcc/arm-none-eabi/14.2.1/../../../arm-none-eabi/lib/thumb/v8-m.main/nofp/libc_nano.a(libc_a-init.o)
                0x2004ee48                __libc_init_array
 .text          0x2004ee98      0x148 /usr/lib/gcc/arm-none-eabi/14.2.1/../../../arm-none-eabi/lib/thumb/v8-m.main/nofp/libc_nano.a(libc_a-mallocr.o)
                0x2004eee0                _malloc_r
 .text          0x2004efe0       0xa8 /usr/lib/gcc/arm-none-eabi/14.2.1/../../../arm-none-eabi/lib/thumb/v8-m.main/nofp/libc_nano.a(libc_a-freer.o)
                0x2004efe0                _free_r
 .text          0x2004f088       0xac /usr/lib/gcc/arm-none-eabi/14.2.1/../../../arm-none-eabi/lib/thumb/v8-m.main/nofp/libc_nano.a(libc_a-__atexit.o)
                0x2004f088                __register_exitproc
 .text          0x2004f134        0x8 /usr/lib/gcc/arm-none-eabi/14.2.1/../../../arm-none-eabi/lib/thumb/v8-m.main/nofp/libc_nano.a(libc_a-mlock.o)
                0x2004f134                __malloc_lock
                0x2004f138                __malloc_unlock
 .text          0x2004f13c       0x24 /usr/lib/gcc/arm-none-eabi/14.2.1/../../../arm-none-eabi/lib/thumb/v8-m.main/nofp/libc_nano.a(libc_a-sbrkr.o)
                0x2004f13c                _sbrk_r
 .text          0x2004f160       0xd0 /usr/lib/gcc/arm-none-eabi/14.2.1/../../../arm-none-eabi/lib/thumb/v8-m.main/nofp/libc_nano.a(libc_a-__call_atexit.o)
                0x2004f160                __call_exitprocs
 .text          0x2004f230      0x21c /usr/lib/gcc/arm-none-eabi/14.2.1/thumb/v8-m.main/nofp/libgcc.a(_arm_addsubsf3.o)
                0x2004f230                __aeabi_frsub
                0x2004f238                __subsf3
                0x2004f238                __aeabi_fsub
                0x2004f23c                __aeabi_fadd
                0x2004f23c                __addsf3
                0x2004f39c                __aeabi_ui2f
                0x2004f39c                __floatunsisf
                0x2004f3a4                __aeabi_i2f
                0x2004f3a4                __floatsisf
                0x2004f3c0                __floatundisf
                0x2004f3c0                __aeabi_ul2f
                0x2004f3d0                __floatdisf
                0x2004f3d0                __aeabi_l2f
 .text          0x2004f44c      0x2a0 /usr/lib/gcc/arm-none-eabi/14.2.1/thumb/v8-m.main/nofp/libgcc.a(_arm_muldivsf3.o)
                0x2004f44c                __mulsf3
                0x2004f44c                __aeabi_fmul
                0x2004f5b4                __divsf3
                0x2004f5b4                __aeabi_fdiv
 .text          0x2004f6ec       0x4c /usr/lib/gcc/arm-none-eabi/14.2.1/thumb/v8-m.main/nofp/libgcc.a(_arm_fixsfsi.o)
                0x2004f6ec                __fixsfsi
                0x2004f6ec                __aeabi_f2iz
 .text          0x2004f738       0x40 /usr/lib/gcc/arm-none-eabi/14.2.1/thumb/v8-m.main/nofp/libgcc.a(_arm_fixunssfsi.o)
                0x2004f738                __aeabi_f2uiz
                0x2004f738                __fixunssfsi
 .text          0x2004f778       0x30 /usr/lib/gcc/arm-none-eabi/14.2.1/thumb/v8-m.main/nofp/libgcc.a(_aeabi_uldivmod.o)
                0x2004f778                __aeabi_uldivmod
 .text          0x2004f7a8       0x40 /usr/lib/gcc/arm-none-eabi/14.2.1/thumb/v8-m.main/nofp/libgcc.a(_fixunssfdi.o)
                0x2004f7a8                __aeabi_f2ulz
                0x2004f7a8                __fixunssfdi
 .text          0x2004f7e8      0x34c /usr/lib/gcc/arm-none-eabi/14.2.1/thumb/v8-m.main/nofp/libgcc.a(_udivmoddi4.o)
                0x2004f7e8                __udivmoddi4
 .text          0x2004fb34      0x254 /usr/lib/gcc/arm-none-eabi/14.2.1/thumb/v8-m.main/nofp/libgcc.a(_arm_muldf3.o)
                0x2004fb34                __aeabi_dmul
                0x2004fb34                __muldf3
 .text          0x2004fd88        0x4 /usr/lib/gcc/arm-none-eabi/14.2.1/thumb/v8-m.main/nofp/libgcc.a(_dvmd_tls.o)
                0x2004fd88                __aeabi_ldiv0
                0x2004fd88                __aeabi_idiv0
 .text          0x2004fd8c      0x378 /usr/lib/gcc/arm-none-eabi/14.2.1/thumb/v8-m.main/nofp/libgcc.a(_arm_addsubdf3.o)
                0x2004fd8c                __aeabi_drsub
                0x2004fd94                __aeabi_dsub
                0x2004fd94                __subdf3
                0x2004fd98                __adddf3
                0x2004fd98                __aeabi_dadd
                0x20050010                __aeabi_ui2d
                0x20050010                __floatunsidf
                0x20050030                __floatsidf
                0x20050030                __aeabi_i2d
                0x20050054                __extendsfdf2
                0x20050054                __aeabi_f2d
                0x20050098                __aeabi_ul2d
                0x20050098                __floatundidf
                0x200500a8                __floatdidf
                0x200500a8                __aeabi_l2d
 .text          0x20050104       0x40 /usr/lib/gcc/arm-none-eabi/14.2.1/thumb/v8-m.main/nofp/libgcc.a(_arm_fixunsdfsi.o)
                0x20050104                __fixunsdfsi
                0x20050104                __aeabi_d2uiz
 .text          0x20050144        0x4 /usr/lib/gcc/arm-none-eabi/14.2.1/../../../arm-none-eabi/lib/thumb/v8-m.main/nofp/libnosys.a(_exit.o)
                0x20050144                _exit
 *(.text*)
 .text.SystemInitHook
                0x20050148        0x2 CMakeFiles/camera_ai_demo_cm33_core1.dir/home/nguyenhoangtrieu/embedded/NPX_Workspace/mcuxsdk/mcuxsdk/devices/MCX/MCXN/MCXN947/system_MCXN947_cm33_core1.c.obj
                0x20050148                SystemInitHook
 *fill*         0x2005014a        0x2 
 .text.SystemInit
                0x2005014c       0xd4 CMakeFiles/camera_ai_demo_cm33_core1.dir/home/nguyenhoangtrieu/embedded/NPX_Workspace/mcuxsdk/mcuxsdk/devices/MCX/MCXN/MCXN947/system_MCXN947_cm33_core1.c.obj
                0x2005014c                SystemInit
 .text.CLOCK_GetFro12MFreq
                0x20050220       0x1c CMakeFiles/camera_ai_demo_cm33_core1.dir/home/nguyenhoangtrieu/embedded/NPX_Workspace/mcuxsdk/mcuxsdk/devices/MCX/MCXN/MCXN947/drivers/fsl_clock.c.obj
 .text.CLOCK_GetClk48MFreq
                0x2005023c       0x1c CMakeFiles/camera_ai_demo_cm33_core1.dir/home/nguyenhoangtrieu/embedded/NPX_Workspace/mcuxsdk/mcuxsdk/devices/MCX/MCXN/MCXN947/drivers/fsl_clock.c.obj
 .text.CLOCK_GetClk16KFreq
                0x20050258       0x24 CMakeFiles/camera_ai_demo_cm33_core1.dir/home/nguyenhoangtrieu/embedded/NPX_Workspace/mcuxsdk/mcuxsdk/devices/MCX/MCXN/MCXN947/drivers/fsl_clock.c.obj
 .text.CLOCK_GetExtClkFreq
                0x2005027c       0x1c CMakeFiles/camera_ai_demo_cm33_core1.dir/home/nguyenhoangtrieu/embedded/NPX_Workspace/mcuxsdk/mcuxsdk/devices/MCX/MCXN/MCXN947/drivers/fsl_clock.c.obj
 .text.CLOCK_GetFroHfFreq
                0x20050298       0x2c CMakeFiles/camera_ai_demo_cm33_core1.dir/home/nguyenhoangtrieu/embedded/NPX_Workspace/mcuxsdk/mcuxsdk/devices/MCX/MCXN/MCXN947/drivers/fsl_clock.c.obj
 .text.CLOCK_GetOsc32KFreq
                0x200502c4       0x28 CMakeFiles/camera_ai_demo_cm33_core1.dir/home/nguyenhoangtrieu/embedded/NPX_Workspace/mcuxsdk/mcuxsdk/devices/MCX/MCXN/MCXN947/drivers/fsl_clock.c.obj
 .text.CLOCK_GetLposcFreq
                0x200502ec       0x18 CMakeFiles/camera_ai_demo_cm33_core1.dir/home/nguyenhoangtrieu/embedded/NPX_Workspace/mcuxsdk/mcuxsdk/devices/MCX/MCXN/MCXN947/drivers/fsl_clock.c.obj
 .text.CLOCK_SetupFROHFClocking
                0x20050304       0x68 CMakeFiles/camera_ai_demo_cm33_core1.dir/home/nguyenhoangtrieu/embedded/NPX_Workspace/mcuxsdk/mcuxsdk/devices/MCX/MCXN/MCXN947/drivers/fsl_clock.c.obj
                0x20050304                CLOCK_SetupFROHFClocking
 .text.CLOCK_SetPll0MonitorMode
                0x2005036c       0x18 CMakeFiles/camera_ai_demo_cm33_core1.dir/home/nguyenhoangtrieu/embedded/NPX_Workspace/mcuxsdk/mcuxsdk/devices/MCX/MCXN/MCXN947/drivers/fsl_clock.c.obj
                0x2005036c                CLOCK_SetPll0MonitorMode
 .text.CLOCK_AttachClk
                0x20050384       0x78 CMakeFiles/camera_ai_demo_cm33_core1.dir/home/nguyenhoangtrieu/embedded/NPX_Workspace/mcuxsdk/mcuxsdk/devices/MCX/MCXN/MCXN947/drivers/fsl_clock.c.obj
                0x20050384                CLOCK_AttachClk
 .text.CLOCK_SetClkDiv
                0x200503fc       0x62 CMakeFiles/camera_ai_demo_cm33_core1.dir/home/nguyenhoangtrieu/embedded/NPX_Workspace/mcuxsdk/mcuxsdk/devices/MCX/MCXN/MCXN947/drivers/fsl_clock.c.obj
                0x200503fc                CLOCK_SetClkDiv
 *fill*         0x2005045e        0x2 
 .text.CLOCK_GetPLL0InClockRate
                0x20050460       0x40 CMakeFiles/camera_ai_demo_cm33_core1.dir/home/nguyenhoangtrieu/embedded/NPX_Workspace/mcuxsdk/mcuxsdk/devices/MCX/MCXN/MCXN947/drivers/fsl_clock.c.obj
                0x20050460                CLOCK_GetPLL0InClockRate
 .text.CLOCK_GetPll0OutFreq
                0x200504a0       0xf0 CMakeFiles/camera_ai_demo_cm33_core1.dir/home/nguyenhoangtrieu/embedded/NPX_Workspace/mcuxsdk/mcuxsdk/devices/MCX/MCXN/MCXN947/drivers/fsl_clock.c.obj
                0x200504a0                CLOCK_GetPll0OutFreq
 .text.CLOCK_GetPLL1InClockRate
                0x20050590       0x2c CMakeFiles/camera_ai_demo_cm33_core1.dir/home/nguyenhoangtrieu/embedded/NPX_Workspace/mcuxsdk/mcuxsdk/devices/MCX/MCXN/MCXN947/drivers/fsl_clock.c.obj
                0x20050590                CLOCK_GetPLL1InClockRate
 .text.CLOCK_GetPll1OutFreq
                0x200505bc       0xd8 CMakeFiles/camera_ai_demo_cm33_core1.dir/home/nguyenhoangtrieu/embedded/NPX_Workspace/mcuxsdk/mcuxsdk/devices/MCX/MCXN/MCXN947/drivers/fsl_clock.c.obj
                0x200505bc                CLOCK_GetPll1OutFreq
 .text.CLOCK_GetPllClkDivFreq
                0x20050694       0x3c CMakeFiles/camera_ai_demo_cm33_core1.dir/home/nguyenhoangtrieu/embedded/NPX_Workspace/mcuxsdk/mcuxsdk/devices/MCX/MCXN/MCXN947/drivers/fsl_clock.c.obj
                0x20050694                CLOCK_GetPllClkDivFreq
 .text.CLOCK_GetLPFlexCommClkFreq
                0x200506d0       0x5c CMakeFiles/camera_ai_demo_cm33_core1.dir/home/nguyenhoangtrieu/embedded/NPX_Workspace/mcuxsdk/mcuxsdk/devices/MCX/MCXN/MCXN947/drivers/fsl_clock.c.obj
                0x200506d0                CLOCK_GetLPFlexCommClkFreq
 .text.CLOCK_SetPLL0Freq
                0x2005072c       0xc4 CMakeFiles/camera_ai_demo_cm33_core1.dir/home/nguyenhoangtrieu/embedded/NPX_Workspace/mcuxsdk/mcuxsdk/devices/MCX/MCXN/MCXN947/drivers/fsl_clock.c.obj
                0x2005072c                CLOCK_SetPLL0Freq
 .text.EDMA_0_CH0_DriverIRQHandler
                0x200507f0        0x8 CMakeFiles/camera_ai_demo_cm33_core1.dir/home/nguyenhoangtrieu/embedded/NPX_Workspace/mcuxsdk/mcuxsdk/devices/MCX/MCXN/MCXN947/drivers/fsl_edma_soc.c.obj
                0x200507f0                EDMA_0_CH0_DriverIRQHandler
 .text.EDMA_0_CH1_DriverIRQHandler
                0x200507f8        0x8 CMakeFiles/camera_ai_demo_cm33_core1.dir/home/nguyenhoangtrieu/embedded/NPX_Workspace/mcuxsdk/mcuxsdk/devices/MCX/MCXN/MCXN947/drivers/fsl_edma_soc.c.obj
                0x200507f8                EDMA_0_CH1_DriverIRQHandler
 .text.EDMA_0_CH2_DriverIRQHandler
                0x20050800        0x8 CMakeFiles/camera_ai_demo_cm33_core1.dir/home/nguyenhoangtrieu/embedded/NPX_Workspace/mcuxsdk/mcuxsdk/devices/MCX/MCXN/MCXN947/drivers/fsl_edma_soc.c.obj
                0x20050800                EDMA_0_CH2_DriverIRQHandler
 .text.EDMA_0_CH3_DriverIRQHandler
                0x20050808        0x8 CMakeFiles/camera_ai_demo_cm33_core1.dir/home/nguyenhoangtrieu/embedded/NPX_Workspace/mcuxsdk/mcuxsdk/devices/MCX/MCXN/MCXN947/drivers/fsl_edma_soc.c.obj
                0x20050808                EDMA_0_CH3_DriverIRQHandler
 .text.EDMA_0_CH4_DriverIRQHandler
                0x20050810        0x8 CMakeFiles/camera_ai_demo_cm33_core1.dir/home/nguyenhoangtrieu/embedded/NPX_Workspace/mcuxsdk/mcuxsdk/devices/MCX/MCXN/MCXN947/drivers/fsl_edma_soc.c.obj
                0x20050810                EDMA_0_CH4_DriverIRQHandler
 .text.EDMA_0_CH5_DriverIRQHandler
                0x20050818        0x8 CMakeFiles/camera_ai_demo_cm33_core1.dir/home/nguyenhoangtrieu/embedded/NPX_Workspace/mcuxsdk/mcuxsdk/devices/MCX/MCXN/MCXN947/drivers/fsl_edma_soc.c.obj
                0x20050818                EDMA_0_CH5_DriverIRQHandler
 .text.EDMA_0_CH6_DriverIRQHandler
                0x20050820        0x8 CMakeFiles/camera_ai_demo_cm33_core1.dir/home/nguyenhoangtrieu/embedded/NPX_Workspace/mcuxsdk/mcuxsdk/devices/MCX/MCXN/MCXN947/drivers/fsl_edma_soc.c.obj
                0x20050820                EDMA_0_CH6_DriverIRQHandler
 .text.EDMA_0_CH7_DriverIRQHandler
                0x20050828        0x8 CMakeFiles/camera_ai_demo_cm33_core1.dir/home/nguyenhoangtrieu/embedded/NPX_Workspace/mcuxsdk/mcuxsdk/devices/MCX/MCXN/MCXN947/drivers/fsl_edma_soc.c.obj
                0x20050828                EDMA_0_CH7_DriverIRQHandler
 .text.EDMA_0_CH8_DriverIRQHandler
                0x20050830        0x8 CMakeFiles/camera_ai_demo_cm33_core1.dir/home/nguyenhoangtrieu/embedded/NPX_Workspace/mcuxsdk/mcuxsdk/devices/MCX/MCXN/MCXN947/drivers/fsl_edma_soc.c.obj
                0x20050830                EDMA_0_CH8_DriverIRQHandler
 .text.EDMA_0_CH9_DriverIRQHandler
                0x20050838        0x8 CMakeFiles/camera_ai_demo_cm33_core1.dir/home/nguyenhoangtrieu/embedded/NPX_Workspace/mcuxsdk/mcuxsdk/devices/MCX/MCXN/MCXN947/drivers/fsl_edma_soc.c.obj
                0x20050838                EDMA_0_CH9_DriverIRQHandler
 .text.EDMA_0_CH10_DriverIRQHandler
                0x20050840        0x8 CMakeFiles/camera_ai_demo_cm33_core1.dir/home/nguyenhoangtrieu/embedded/NPX_Workspace/mcuxsdk/mcuxsdk/devices/MCX/MCXN/MCXN947/drivers/fsl_edma_soc.c.obj
                0x20050840                EDMA_0_CH10_DriverIRQHandler
 .text.EDMA_0_CH11_DriverIRQHandler
                0x20050848        0x8 CMakeFiles/camera_ai_demo_cm33_core1.dir/home/nguyenhoangtrieu/embedded/NPX_Workspace/mcuxsdk/mcuxsdk/devices/MCX/MCXN/MCXN947/drivers/fsl_edma_soc.c.obj
                0x20050848                EDMA_0_CH11_DriverIRQHandler
 .text.EDMA_0_CH12_DriverIRQHandler
                0x20050850        0x8 CMakeFiles/camera_ai_demo_cm33_core1.dir/home/nguyenhoangtrieu/embedded/NPX_Workspace/mcuxsdk/mcuxsdk/devices/MCX/MCXN/MCXN947/drivers/fsl_edma_soc.c.obj
                0x20050850                EDMA_0_CH12_DriverIRQHandler
 .text.EDMA_0_CH13_DriverIRQHandler
                0x20050858        0x8 CMakeFiles/camera_ai_demo_cm33_core1.dir/home/nguyenhoangtrieu/embedded/NPX_Workspace/mcuxsdk/mcuxsdk/devices/MCX/MCXN/MCXN947/drivers/fsl_edma_soc.c.obj
                0x20050858                EDMA_0_CH13_DriverIRQHandler
 .text.EDMA_0_CH14_DriverIRQHandler
                0x20050860        0x8 CMakeFiles/camera_ai_demo_cm33_core1.dir/home/nguyenhoangtrieu/embedded/NPX_Workspace/mcuxsdk/mcuxsdk/devices/MCX/MCXN/MCXN947/drivers/fsl_edma_soc.c.obj
                0x20050860                EDMA_0_CH14_DriverIRQHandler
 .text.EDMA_0_CH15_DriverIRQHandler
                0x20050868        0x8 CMakeFiles/camera_ai_demo_cm33_core1.dir/home/nguyenhoangtrieu/embedded/NPX_Workspace/mcuxsdk/mcuxsdk/devices/MCX/MCXN/MCXN947/drivers/fsl_edma_soc.c.obj
                0x20050868                EDMA_0_CH15_DriverIRQHandler
 .text.EDMA_1_CH0_DriverIRQHandler
                0x20050870        0x8 CMakeFiles/camera_ai_demo_cm33_core1.dir/home/nguyenhoangtrieu/embedded/NPX_Workspace/mcuxsdk/mcuxsdk/devices/MCX/MCXN/MCXN947/drivers/fsl_edma_soc.c.obj
                0x20050870                EDMA_1_CH0_DriverIRQHandler
 .text.EDMA_1_CH1_DriverIRQHandler
                0x20050878        0x8 CMakeFiles/camera_ai_demo_cm33_core1.dir/home/nguyenhoangtrieu/embedded/NPX_Workspace/mcuxsdk/mcuxsdk/devices/MCX/MCXN/MCXN947/drivers/fsl_edma_soc.c.obj
                0x20050878                EDMA_1_CH1_DriverIRQHandler
 .text.EDMA_1_CH2_DriverIRQHandler
                0x20050880        0x8 CMakeFiles/camera_ai_demo_cm33_core1.dir/home/nguyenhoangtrieu/embedded/NPX_Workspace/mcuxsdk/mcuxsdk/devices/MCX/MCXN/MCXN947/drivers/fsl_edma_soc.c.obj
                0x20050880                EDMA_1_CH2_DriverIRQHandler
 .text.EDMA_1_CH3_DriverIRQHandler
                0x20050888        0x8 CMakeFiles/camera_ai_demo_cm33_core1.dir/home/nguyenhoangtrieu/embedded/NPX_Workspace/mcuxsdk/mcuxsdk/devices/MCX/MCXN/MCXN947/drivers/fsl_edma_soc.c.obj
                0x20050888                EDMA_1_CH3_DriverIRQHandler
 .text.EDMA_1_CH4_DriverIRQHandler
                0x20050890        0x8 CMakeFiles/camera_ai_demo_cm33_core1.dir/home/nguyenhoangtrieu/embedded/NPX_Workspace/mcuxsdk/mcuxsdk/devices/MCX/MCXN/MCXN947/drivers/fsl_edma_soc.c.obj
                0x20050890                EDMA_1_CH4_DriverIRQHandler
 .text.EDMA_1_CH5_DriverIRQHandler
                0x20050898        0x8 CMakeFiles/camera_ai_demo_cm33_core1.dir/home/nguyenhoangtrieu/embedded/NPX_Workspace/mcuxsdk/mcuxsdk/devices/MCX/MCXN/MCXN947/drivers/fsl_edma_soc.c.obj
                0x20050898                EDMA_1_CH5_DriverIRQHandler
 .text.EDMA_1_CH6_DriverIRQHandler
                0x200508a0        0x8 CMakeFiles/camera_ai_demo_cm33_core1.dir/home/nguyenhoangtrieu/embedded/NPX_Workspace/mcuxsdk/mcuxsdk/devices/MCX/MCXN/MCXN947/drivers/fsl_edma_soc.c.obj
                0x200508a0                EDMA_1_CH6_DriverIRQHandler
 .text.EDMA_1_CH7_DriverIRQHandler
                0x200508a8        0x8 CMakeFiles/camera_ai_demo_cm33_core1.dir/home/nguyenhoangtrieu/embedded/NPX_Workspace/mcuxsdk/mcuxsdk/devices/MCX/MCXN/MCXN947/drivers/fsl_edma_soc.c.obj
                0x200508a8                EDMA_1_CH7_DriverIRQHandler
 .text.EDMA_1_CH8_DriverIRQHandler
                0x200508b0        0x8 CMakeFiles/camera_ai_demo_cm33_core1.dir/home/nguyenhoangtrieu/embedded/NPX_Workspace/mcuxsdk/mcuxsdk/devices/MCX/MCXN/MCXN947/drivers/fsl_edma_soc.c.obj
                0x200508b0                EDMA_1_CH8_DriverIRQHandler
 .text.EDMA_1_CH9_DriverIRQHandler
                0x200508b8        0x8 CMakeFiles/camera_ai_demo_cm33_core1.dir/home/nguyenhoangtrieu/embedded/NPX_Workspace/mcuxsdk/mcuxsdk/devices/MCX/MCXN/MCXN947/drivers/fsl_edma_soc.c.obj
                0x200508b8                EDMA_1_CH9_DriverIRQHandler
 .text.EDMA_1_CH10_DriverIRQHandler
                0x200508c0        0x8 CMakeFiles/camera_ai_demo_cm33_core1.dir/home/nguyenhoangtrieu/embedded/NPX_Workspace/mcuxsdk/mcuxsdk/devices/MCX/MCXN/MCXN947/drivers/fsl_edma_soc.c.obj
                0x200508c0                EDMA_1_CH10_DriverIRQHandler
 .text.EDMA_1_CH11_DriverIRQHandler
                0x200508c8        0x8 CMakeFiles/camera_ai_demo_cm33_core1.dir/home/nguyenhoangtrieu/embedded/NPX_Workspace/mcuxsdk/mcuxsdk/devices/MCX/MCXN/MCXN947/drivers/fsl_edma_soc.c.obj
                0x200508c8                EDMA_1_CH11_DriverIRQHandler
 .text.EDMA_1_CH12_DriverIRQHandler
                0x200508d0        0x8 CMakeFiles/camera_ai_demo_cm33_core1.dir/home/nguyenhoangtrieu/embedded/NPX_Workspace/mcuxsdk/mcuxsdk/devices/MCX/MCXN/MCXN947/drivers/fsl_edma_soc.c.obj
                0x200508d0                EDMA_1_CH12_DriverIRQHandler
 .text.EDMA_1_CH13_DriverIRQHandler
                0x200508d8        0x8 CMakeFiles/camera_ai_demo_cm33_core1.dir/home/nguyenhoangtrieu/embedded/NPX_Workspace/mcuxsdk/mcuxsdk/devices/MCX/MCXN/MCXN947/drivers/fsl_edma_soc.c.obj
                0x200508d8                EDMA_1_CH13_DriverIRQHandler
 .text.EDMA_1_CH14_DriverIRQHandler
                0x200508e0        0x8 CMakeFiles/camera_ai_demo_cm33_core1.dir/home/nguyenhoangtrieu/embedded/NPX_Workspace/mcuxsdk/mcuxsdk/devices/MCX/MCXN/MCXN947/drivers/fsl_edma_soc.c.obj
                0x200508e0                EDMA_1_CH14_DriverIRQHandler
 .text.EDMA_1_CH15_DriverIRQHandler
                0x200508e8        0x8 CMakeFiles/camera_ai_demo_cm33_core1.dir/home/nguyenhoangtrieu/embedded/NPX_Workspace/mcuxsdk/mcuxsdk/devices/MCX/MCXN/MCXN947/drivers/fsl_edma_soc.c.obj
                0x200508e8                EDMA_1_CH15_DriverIRQHandler
 .text.RESET_SetPeripheralReset
                0x200508f0       0x5c CMakeFiles/camera_ai_demo_cm33_core1.dir/home/nguyenhoangtrieu/embedded/NPX_Workspace/mcuxsdk/mcuxsdk/devices/MCX/MCXN/MCXN947/drivers/fsl_reset.c.obj
                0x200508f0                RESET_SetPeripheralReset
 .text.RESET_ClearPeripheralReset
                0x2005094c       0x5c CMakeFiles/camera_ai_demo_cm33_core1.dir/home/nguyenhoangtrieu/embedded/NPX_Workspace/mcuxsdk/mcuxsdk/devices/MCX/MCXN/MCXN947/drivers/fsl_reset.c.obj
                0x2005094c                RESET_ClearPeripheralReset
 .text.RESET_PeripheralReset
                0x200509a8       0x16 CMakeFiles/camera_ai_demo_cm33_core1.dir/home/nguyenhoangtrieu/embedded/NPX_Workspace/mcuxsdk/mcuxsdk/devices/MCX/MCXN/MCXN947/drivers/fsl_reset.c.obj
                0x200509a8                RESET_PeripheralReset
 *fill*         0x200509be        0x2 
 .text.BOARD_InitDebugConsole
                0x200509c0       0x2c CMakeFiles/camera_ai_demo_cm33_core1.dir/home/nguyenhoangtrieu/embedded/NPX_Workspace/mcuxsdk/mcuxsdk/examples/_boards/frdmmcxn947/board.c.obj
                0x200509c0                BOARD_InitDebugConsole
 .text.BOARD_LPI2C_Init
                0x200509ec       0x26 CMakeFiles/camera_ai_demo_cm33_core1.dir/home/nguyenhoangtrieu/embedded/NPX_Workspace/mcuxsdk/mcuxsdk/examples/_boards/frdmmcxn947/board.c.obj
                0x200509ec                BOARD_LPI2C_Init
 .text.BOARD_LPI2C_Send
                0x20050a12       0x28 CMakeFiles/camera_ai_demo_cm33_core1.dir/home/nguyenhoangtrieu/embedded/NPX_Workspace/mcuxsdk/mcuxsdk/examples/_boards/frdmmcxn947/board.c.obj
                0x20050a12                BOARD_LPI2C_Send
 .text.BOARD_LPI2C_ReceiveSCCB
                0x20050a3a       0x40 CMakeFiles/camera_ai_demo_cm33_core1.dir/home/nguyenhoangtrieu/embedded/NPX_Workspace/mcuxsdk/mcuxsdk/examples/_boards/frdmmcxn947/board.c.obj
                0x20050a3a                BOARD_LPI2C_ReceiveSCCB
 *fill*         0x20050a7a        0x2 
 .text.BOARD_Camera_I2C_Init
                0x20050a7c       0x20 CMakeFiles/camera_ai_demo_cm33_core1.dir/home/nguyenhoangtrieu/embedded/NPX_Workspace/mcuxsdk/mcuxsdk/examples/_boards/frdmmcxn947/board.c.obj
                0x20050a7c                BOARD_Camera_I2C_Init
 .text.BOARD_Camera_I2C_Send
                0x20050a9c       0x20 CMakeFiles/camera_ai_demo_cm33_core1.dir/home/nguyenhoangtrieu/embedded/NPX_Workspace/mcuxsdk/mcuxsdk/examples/_boards/frdmmcxn947/board.c.obj
                0x20050a9c                BOARD_Camera_I2C_Send
 .text.BOARD_Camera_I2C_SendSCCB
                0x20050abc        0xe CMakeFiles/camera_ai_demo_cm33_core1.dir/home/nguyenhoangtrieu/embedded/NPX_Workspace/mcuxsdk/mcuxsdk/examples/_boards/frdmmcxn947/board.c.obj
                0x20050abc                BOARD_Camera_I2C_SendSCCB
 *fill*         0x20050aca        0x2 
 .text.BOARD_Camera_I2C_ReceiveSCCB
                0x20050acc       0x20 CMakeFiles/camera_ai_demo_cm33_core1.dir/home/nguyenhoangtrieu/embedded/NPX_Workspace/mcuxsdk/mcuxsdk/examples/_boards/frdmmcxn947/board.c.obj
                0x20050acc                BOARD_Camera_I2C_ReceiveSCCB
 .text.BOARD_BootClockPLL150M
                0x20050aec       0xb4 CMakeFiles/camera_ai_demo_cm33_core1.dir/home/nguyenhoangtrieu/embedded/NPX_Workspace/mcuxsdk/mcuxsdk/examples/_boards/frdmmcxn947/clock_config.c.obj
                0x20050aec                BOARD_BootClockPLL150M
 .text.BOARD_InitBootClocks
                0x20050ba0        0x4 CMakeFiles/camera_ai_demo_cm33_core1.dir/home/nguyenhoangtrieu/embedded/NPX_Workspace/mcuxsdk/mcuxsdk/examples/_boards/frdmmcxn947/clock_config.c.obj
                0x20050ba0                BOARD_InitBootClocks
 .text.BOARD_InitDebugUartPins
                0x20050ba4       0x26 CMakeFiles/camera_ai_demo_cm33_core1.dir/board_port/pin_mux.c.obj
                0x20050ba4                BOARD_InitDebugUartPins
 .text.BOARD_InitBootPins
                0x20050bca        0x4 CMakeFiles/camera_ai_demo_cm33_core1.dir/board_port/pin_mux.c.obj
                0x20050bca                BOARD_InitBootPins
 *fill*         0x20050bce        0x2 
 .text.BOARD_InitCameraPins
                0x20050bd0      0x1c0 CMakeFiles/camera_ai_demo_cm33_core1.dir/board_port/pin_mux.c.obj
                0x20050bd0                BOARD_InitCameraPins
 .text.BOARD_InitArduinoLcdPins
                0x20050d90       0x88 CMakeFiles/camera_ai_demo_cm33_core1.dir/board_port/pin_mux.c.obj
                0x20050d90                BOARD_InitArduinoLcdPins
 .text.BOARD_InitSdCardPins
                0x20050e18       0x4a CMakeFiles/camera_ai_demo_cm33_core1.dir/board_port/pin_mux.c.obj
                0x20050e18                BOARD_InitSdCardPins
 *fill*         0x20050e62        0x2 
 .text.BOARD_InitHardware
                0x20050e64       0xe0 CMakeFiles/camera_ai_demo_cm33_core1.dir/board_port/cm33_core1/hardware_init.c.obj
                0x20050e64                BOARD_InitHardware
 .text.SDK_DelayAtLeastUs
                0x20050f44       0x5c CMakeFiles/camera_ai_demo_cm33_core1.dir/home/nguyenhoangtrieu/embedded/NPX_Workspace/mcuxsdk/mcuxsdk/drivers/common/fsl_common_arm.c.obj
                0x20050f44                SDK_DelayAtLeastUs
 .text.EDMA_GetInstance
                0x20050fa0       0x34 CMakeFiles/camera_ai_demo_cm33_core1.dir/home/nguyenhoangtrieu/embedded/NPX_Workspace/mcuxsdk/mcuxsdk/drivers/edma4/fsl_edma.c.obj
 .text.EDMA_GetDefaultConfig
                0x20050fd4       0x38 CMakeFiles/camera_ai_demo_cm33_core1.dir/home/nguyenhoangtrieu/embedded/NPX_Workspace/mcuxsdk/mcuxsdk/drivers/edma4/fsl_edma.c.obj
                0x20050fd4                EDMA_GetDefaultConfig
 .text.EDMA_SetChannelPreemptionConfig
                0x2005100c       0x54 CMakeFiles/camera_ai_demo_cm33_core1.dir/home/nguyenhoangtrieu/embedded/NPX_Workspace/mcuxsdk/mcuxsdk/drivers/edma4/fsl_edma.c.obj
                0x2005100c                EDMA_SetChannelPreemptionConfig
 .text.EDMA_InitChannel
                0x20051060       0xa8 CMakeFiles/camera_ai_demo_cm33_core1.dir/home/nguyenhoangtrieu/embedded/NPX_Workspace/mcuxsdk/mcuxsdk/drivers/edma4/fsl_edma.c.obj
                0x20051060                EDMA_InitChannel
 .text.EDMA_Init
                0x20051108       0xe0 CMakeFiles/camera_ai_demo_cm33_core1.dir/home/nguyenhoangtrieu/embedded/NPX_Workspace/mcuxsdk/mcuxsdk/drivers/edma4/fsl_edma.c.obj
                0x20051108                EDMA_Init
 .text.EDMA_TcdResetExt
                0x200511e8       0x4c CMakeFiles/camera_ai_demo_cm33_core1.dir/home/nguyenhoangtrieu/embedded/NPX_Workspace/mcuxsdk/mcuxsdk/drivers/edma4/fsl_edma.c.obj
                0x200511e8                EDMA_TcdResetExt
 .text.EDMA_ConfigChannelSoftwareTCDExt
                0x20051234      0x24c CMakeFiles/camera_ai_demo_cm33_core1.dir/home/nguyenhoangtrieu/embedded/NPX_Workspace/mcuxsdk/mcuxsdk/drivers/edma4/fsl_edma.c.obj
                0x20051234                EDMA_ConfigChannelSoftwareTCDExt
 .text.EDMA_TcdSetTransferConfigExt
                0x20051480       0x5c CMakeFiles/camera_ai_demo_cm33_core1.dir/home/nguyenhoangtrieu/embedded/NPX_Workspace/mcuxsdk/mcuxsdk/drivers/edma4/fsl_edma.c.obj
                0x20051480                EDMA_TcdSetTransferConfigExt
 .text.EDMA_SetTransferConfig
                0x200514dc       0x40 CMakeFiles/camera_ai_demo_cm33_core1.dir/home/nguyenhoangtrieu/embedded/NPX_Workspace/mcuxsdk/mcuxsdk/drivers/edma4/fsl_edma.c.obj
                0x200514dc                EDMA_SetTransferConfig
 .text.EDMA_TcdEnableInterruptsExt
                0x2005151c       0x3c CMakeFiles/camera_ai_demo_cm33_core1.dir/home/nguyenhoangtrieu/embedded/NPX_Workspace/mcuxsdk/mcuxsdk/drivers/edma4/fsl_edma.c.obj
                0x2005151c                EDMA_TcdEnableInterruptsExt
 .text.EDMA_EnableChannelInterrupts
                0x20051558       0x60 CMakeFiles/camera_ai_demo_cm33_core1.dir/home/nguyenhoangtrieu/embedded/NPX_Workspace/mcuxsdk/mcuxsdk/drivers/edma4/fsl_edma.c.obj
                0x20051558                EDMA_EnableChannelInterrupts
 .text.EDMA_ClearChannelStatusFlags
                0x200515b8       0x58 CMakeFiles/camera_ai_demo_cm33_core1.dir/home/nguyenhoangtrieu/embedded/NPX_Workspace/mcuxsdk/mcuxsdk/drivers/edma4/fsl_edma.c.obj
                0x200515b8                EDMA_ClearChannelStatusFlags
 .text.EDMA_ResetChannel
                0x20051610       0x3c CMakeFiles/camera_ai_demo_cm33_core1.dir/home/nguyenhoangtrieu/embedded/NPX_Workspace/mcuxsdk/mcuxsdk/drivers/edma4/fsl_edma.c.obj
                0x20051610                EDMA_ResetChannel
 .text.EDMA_TcdInit
                0x2005164c       0x38 CMakeFiles/camera_ai_demo_cm33_core1.dir/home/nguyenhoangtrieu/embedded/NPX_Workspace/mcuxsdk/mcuxsdk/drivers/edma4/fsl_edma.c.obj
                0x2005164c                EDMA_TcdInit
 .text.EDMA_CreateHandle
                0x20051684       0x94 CMakeFiles/camera_ai_demo_cm33_core1.dir/home/nguyenhoangtrieu/embedded/NPX_Workspace/mcuxsdk/mcuxsdk/drivers/edma4/fsl_edma.c.obj
                0x20051684                EDMA_CreateHandle
 .text.EDMA_SetCallback
                0x20051718       0x24 CMakeFiles/camera_ai_demo_cm33_core1.dir/home/nguyenhoangtrieu/embedded/NPX_Workspace/mcuxsdk/mcuxsdk/drivers/edma4/fsl_edma.c.obj
                0x20051718                EDMA_SetCallback
 .text.EDMA_StartTransfer
                0x2005173c       0x58 CMakeFiles/camera_ai_demo_cm33_core1.dir/home/nguyenhoangtrieu/embedded/NPX_Workspace/mcuxsdk/mcuxsdk/drivers/edma4/fsl_edma.c.obj
                0x2005173c                EDMA_StartTransfer
 .text.EDMA_StopTransfer
                0x20051794       0x30 CMakeFiles/camera_ai_demo_cm33_core1.dir/home/nguyenhoangtrieu/embedded/NPX_Workspace/mcuxsdk/mcuxsdk/drivers/edma4/fsl_edma.c.obj
                0x20051794                EDMA_StopTransfer
 .text.EDMA_AbortTransfer
                0x200517c4       0x1e CMakeFiles/camera_ai_demo_cm33_core1.dir/home/nguyenhoangtrieu/embedded/NPX_Workspace/mcuxsdk/mcuxsdk/drivers/edma4/fsl_edma.c.obj
                0x200517c4                EDMA_AbortTransfer
 *fill*         0x200517e2        0x2 
 .text.EDMA_HandleIRQ
                0x200517e4       0xf8 CMakeFiles/camera_ai_demo_cm33_core1.dir/home/nguyenhoangtrieu/embedded/NPX_Workspace/mcuxsdk/mcuxsdk/drivers/edma4/fsl_edma.c.obj
                0x200517e4                EDMA_HandleIRQ
 .text.EDMA_DriverIRQHandler
                0x200518dc       0x34 CMakeFiles/camera_ai_demo_cm33_core1.dir/home/nguyenhoangtrieu/embedded/NPX_Workspace/mcuxsdk/mcuxsdk/drivers/edma4/fsl_edma.c.obj
                0x200518dc                EDMA_DriverIRQHandler
 .text.FLEXIO_CommonIRQHandler
                0x20051910       0x34 CMakeFiles/camera_ai_demo_cm33_core1.dir/home/nguyenhoangtrieu/embedded/NPX_Workspace/mcuxsdk/mcuxsdk/drivers/flexio/fsl_flexio.c.obj
 .text.FLEXIO_DriverIRQHandler
                0x20051944        0x4 CMakeFiles/camera_ai_demo_cm33_core1.dir/home/nguyenhoangtrieu/embedded/NPX_Workspace/mcuxsdk/mcuxsdk/drivers/flexio/fsl_flexio.c.obj
                0x20051944                FLEXIO_DriverIRQHandler
 .text.GPIO_PortClockEnable
                0x20051948      0x108 CMakeFiles/camera_ai_demo_cm33_core1.dir/home/nguyenhoangtrieu/embedded/NPX_Workspace/mcuxsdk/mcuxsdk/drivers/gpio/fsl_gpio.c.obj
 .text.GPIO_PinInit
                0x20051a50       0x4c CMakeFiles/camera_ai_demo_cm33_core1.dir/home/nguyenhoangtrieu/embedded/NPX_Workspace/mcuxsdk/mcuxsdk/drivers/gpio/fsl_gpio.c.obj
                0x20051a50                GPIO_PinInit
 .text.INPUTMUX_GetInstance.isra.0
                0x20051a9c       0x28 CMakeFiles/camera_ai_demo_cm33_core1.dir/home/nguyenhoangtrieu/embedded/NPX_Workspace/mcuxsdk/mcuxsdk/drivers/inputmux/fsl_inputmux.c.obj
 .text.INPUTMUX_Init
                0x20051ac4       0x24 CMakeFiles/camera_ai_demo_cm33_core1.dir/home/nguyenhoangtrieu/embedded/NPX_Workspace/mcuxsdk/mcuxsdk/drivers/inputmux/fsl_inputmux.c.obj
                0x20051ac4                INPUTMUX_Init
 .text.INPUTMUX_AttachSignal
                0x20051ae8        0xe CMakeFiles/camera_ai_demo_cm33_core1.dir/home/nguyenhoangtrieu/embedded/NPX_Workspace/mcuxsdk/mcuxsdk/drivers/inputmux/fsl_inputmux.c.obj
                0x20051ae8                INPUTMUX_AttachSignal
 .text.INPUTMUX_Deinit
                0x20051af6       0x14 CMakeFiles/camera_ai_demo_cm33_core1.dir/home/nguyenhoangtrieu/embedded/NPX_Workspace/mcuxsdk/mcuxsdk/drivers/inputmux/fsl_inputmux.c.obj
                0x20051af6                INPUTMUX_Deinit
 *fill*         0x20051b0a        0x2 
 .text.LP_FLEXCOMM_CommonIRQHandler
                0x20051b0c       0x70 CMakeFiles/camera_ai_demo_cm33_core1.dir/home/nguyenhoangtrieu/embedded/NPX_Workspace/mcuxsdk/mcuxsdk/drivers/lpflexcomm/fsl_lpflexcomm.c.obj
 .text.LP_FLEXCOMM_GetBaseAddress
                0x20051b7c       0x14 CMakeFiles/camera_ai_demo_cm33_core1.dir/home/nguyenhoangtrieu/embedded/NPX_Workspace/mcuxsdk/mcuxsdk/drivers/lpflexcomm/fsl_lpflexcomm.c.obj
                0x20051b7c                LP_FLEXCOMM_GetBaseAddress
 .text.LP_FLEXCOMM_Init
                0x20051b90       0xe8 CMakeFiles/camera_ai_demo_cm33_core1.dir/home/nguyenhoangtrieu/embedded/NPX_Workspace/mcuxsdk/mcuxsdk/drivers/lpflexcomm/fsl_lpflexcomm.c.obj
                0x20051b90                LP_FLEXCOMM_Init
 .text.LP_FLEXCOMM0_DriverIRQHandler
                0x20051c78        0x6 CMakeFiles/camera_ai_demo_cm33_core1.dir/home/nguyenhoangtrieu/embedded/NPX_Workspace/mcuxsdk/mcuxsdk/drivers/lpflexcomm/fsl_lpflexcomm.c.obj
                0x20051c78                LP_FLEXCOMM0_DriverIRQHandler
 .text.LP_FLEXCOMM1_DriverIRQHandler
                0x20051c7e        0x6 CMakeFiles/camera_ai_demo_cm33_core1.dir/home/nguyenhoangtrieu/embedded/NPX_Workspace/mcuxsdk/mcuxsdk/drivers/lpflexcomm/fsl_lpflexcomm.c.obj
                0x20051c7e                LP_FLEXCOMM1_DriverIRQHandler
 .text.LP_FLEXCOMM2_DriverIRQHandler
                0x20051c84        0x6 CMakeFiles/camera_ai_demo_cm33_core1.dir/home/nguyenhoangtrieu/embedded/NPX_Workspace/mcuxsdk/mcuxsdk/drivers/lpflexcomm/fsl_lpflexcomm.c.obj
                0x20051c84                LP_FLEXCOMM2_DriverIRQHandler
 .text.LP_FLEXCOMM3_DriverIRQHandler
                0x20051c8a        0x6 CMakeFiles/camera_ai_demo_cm33_core1.dir/home/nguyenhoangtrieu/embedded/NPX_Workspace/mcuxsdk/mcuxsdk/drivers/lpflexcomm/fsl_lpflexcomm.c.obj
                0x20051c8a                LP_FLEXCOMM3_DriverIRQHandler
 .text.LP_FLEXCOMM4_DriverIRQHandler
                0x20051c90        0x6 CMakeFiles/camera_ai_demo_cm33_core1.dir/home/nguyenhoangtrieu/embedded/NPX_Workspace/mcuxsdk/mcuxsdk/drivers/lpflexcomm/fsl_lpflexcomm.c.obj
                0x20051c90                LP_FLEXCOMM4_DriverIRQHandler
 .text.LP_FLEXCOMM5_DriverIRQHandler
                0x20051c96        0x6 CMakeFiles/camera_ai_demo_cm33_core1.dir/home/nguyenhoangtrieu/embedded/NPX_Workspace/mcuxsdk/mcuxsdk/drivers/lpflexcomm/fsl_lpflexcomm.c.obj
                0x20051c96                LP_FLEXCOMM5_DriverIRQHandler
 .text.LP_FLEXCOMM6_DriverIRQHandler
                0x20051c9c        0x6 CMakeFiles/camera_ai_demo_cm33_core1.dir/home/nguyenhoangtrieu/embedded/NPX_Workspace/mcuxsdk/mcuxsdk/drivers/lpflexcomm/fsl_lpflexcomm.c.obj
                0x20051c9c                LP_FLEXCOMM6_DriverIRQHandler
 .text.LP_FLEXCOMM7_DriverIRQHandler
                0x20051ca2        0x6 CMakeFiles/camera_ai_demo_cm33_core1.dir/home/nguyenhoangtrieu/embedded/NPX_Workspace/mcuxsdk/mcuxsdk/drivers/lpflexcomm/fsl_lpflexcomm.c.obj
                0x20051ca2                LP_FLEXCOMM7_DriverIRQHandler
 .text.LP_FLEXCOMM8_DriverIRQHandler
                0x20051ca8        0x6 CMakeFiles/camera_ai_demo_cm33_core1.dir/home/nguyenhoangtrieu/embedded/NPX_Workspace/mcuxsdk/mcuxsdk/drivers/lpflexcomm/fsl_lpflexcomm.c.obj
                0x20051ca8                LP_FLEXCOMM8_DriverIRQHandler
 .text.LP_FLEXCOMM9_DriverIRQHandler
                0x20051cae        0x6 CMakeFiles/camera_ai_demo_cm33_core1.dir/home/nguyenhoangtrieu/embedded/NPX_Workspace/mcuxsdk/mcuxsdk/drivers/lpflexcomm/fsl_lpflexcomm.c.obj
                0x20051cae                LP_FLEXCOMM9_DriverIRQHandler
 .text.SPC_SetSRAMOperateVoltage
                0x20051cb4       0x40 CMakeFiles/camera_ai_demo_cm33_core1.dir/home/nguyenhoangtrieu/embedded/NPX_Workspace/mcuxsdk/mcuxsdk/drivers/mcx_spc/fsl_spc.c.obj
                0x20051cb4                SPC_SetSRAMOperateVoltage
 .text.SPC_SetActiveModeCoreLDORegulatorVoltageLevel
                0x20051cf4       0x30 CMakeFiles/camera_ai_demo_cm33_core1.dir/home/nguyenhoangtrieu/embedded/NPX_Workspace/mcuxsdk/mcuxsdk/drivers/mcx_spc/fsl_spc.c.obj
                0x20051cf4                SPC_SetActiveModeCoreLDORegulatorVoltageLevel
 .text.SPC_SetActiveModeCoreLDORegulatorDriveStrength
                0x20051d24       0x36 CMakeFiles/camera_ai_demo_cm33_core1.dir/home/nguyenhoangtrieu/embedded/NPX_Workspace/mcuxsdk/mcuxsdk/drivers/mcx_spc/fsl_spc.c.obj
                0x20051d24                SPC_SetActiveModeCoreLDORegulatorDriveStrength
 *fill*         0x20051d5a        0x2 
 .text.SPC_SetActiveModeCoreLDORegulatorConfig
                0x20051d5c       0x6c CMakeFiles/camera_ai_demo_cm33_core1.dir/home/nguyenhoangtrieu/embedded/NPX_Workspace/mcuxsdk/mcuxsdk/drivers/mcx_spc/fsl_spc.c.obj
                0x20051d5c                SPC_SetActiveModeCoreLDORegulatorConfig
 .text.SPC_SetActiveModeDCDCRegulatorDriveStrength
                0x20051dc8       0x24 CMakeFiles/camera_ai_demo_cm33_core1.dir/home/nguyenhoangtrieu/embedded/NPX_Workspace/mcuxsdk/mcuxsdk/drivers/mcx_spc/fsl_spc.c.obj
                0x20051dc8                SPC_SetActiveModeDCDCRegulatorDriveStrength
 .text.SPC_SetActiveModeDCDCRegulatorConfig
                0x20051dec       0x4c CMakeFiles/camera_ai_demo_cm33_core1.dir/home/nguyenhoangtrieu/embedded/NPX_Workspace/mcuxsdk/mcuxsdk/drivers/mcx_spc/fsl_spc.c.obj
                0x20051dec                SPC_SetActiveModeDCDCRegulatorConfig
 .text.SMARTDMA_InitWithoutFirmware
                0x20051e38       0x1c CMakeFiles/camera_ai_demo_cm33_core1.dir/home/nguyenhoangtrieu/embedded/NPX_Workspace/mcuxsdk/mcuxsdk/drivers/smartdma/fsl_smartdma.c.obj
                0x20051e38                SMARTDMA_InitWithoutFirmware
 .text.SMARTDMA_InstallFirmware
                0x20051e54       0x20 CMakeFiles/camera_ai_demo_cm33_core1.dir/home/nguyenhoangtrieu/embedded/NPX_Workspace/mcuxsdk/mcuxsdk/drivers/smartdma/fsl_smartdma.c.obj
                0x20051e54                SMARTDMA_InstallFirmware
 .text.SMARTDMA_InstallCallback
                0x20051e74       0x14 CMakeFiles/camera_ai_demo_cm33_core1.dir/home/nguyenhoangtrieu/embedded/NPX_Workspace/mcuxsdk/mcuxsdk/drivers/smartdma/fsl_smartdma.c.obj
                0x20051e74                SMARTDMA_InstallCallback
 .text.SMARTDMA_Boot
                0x20051e88       0x24 CMakeFiles/camera_ai_demo_cm33_core1.dir/home/nguyenhoangtrieu/embedded/NPX_Workspace/mcuxsdk/mcuxsdk/drivers/smartdma/fsl_smartdma.c.obj
                0x20051e88                SMARTDMA_Boot
 .text.SMARTDMA_Deinit
                0x20051eac       0x1c CMakeFiles/camera_ai_demo_cm33_core1.dir/home/nguyenhoangtrieu/embedded/NPX_Workspace/mcuxsdk/mcuxsdk/drivers/smartdma/fsl_smartdma.c.obj
                0x20051eac                SMARTDMA_Deinit
 .text.SMARTDMA_HandleIRQ
                0x20051ec8       0x18 CMakeFiles/camera_ai_demo_cm33_core1.dir/home/nguyenhoangtrieu/embedded/NPX_Workspace/mcuxsdk/mcuxsdk/drivers/smartdma/fsl_smartdma.c.obj
                0x20051ec8                SMARTDMA_HandleIRQ
 .text.SMARTDMA_IRQHandler
                0x20051ee0        0x4 CMakeFiles/camera_ai_demo_cm33_core1.dir/home/nguyenhoangtrieu/embedded/NPX_Workspace/mcuxsdk/mcuxsdk/drivers/smartdma/mcxn/fsl_smartdma_fw.c.obj
                0x20051ee0                SMARTDMA_IRQHandler
 .text.CLOCK_EnableClock
                0x20051ee4       0x52 CMakeFiles/camera_ai_demo_cm33_core1.dir/home/nguyenhoangtrieu/embedded/NPX_Workspace/mcuxsdk/mcuxsdk/drivers/lpflexcomm/lpi2c/fsl_lpi2c.c.obj
 *fill*         0x20051f36        0x2 
 .text.LPI2C_GetCyclesForWidth
                0x20051f38       0x64 CMakeFiles/camera_ai_demo_cm33_core1.dir/home/nguyenhoangtrieu/embedded/NPX_Workspace/mcuxsdk/mcuxsdk/drivers/lpflexcomm/lpi2c/fsl_lpi2c.c.obj
 .text.LPI2C_GetInstance
                0x20051f9c       0x34 CMakeFiles/camera_ai_demo_cm33_core1.dir/home/nguyenhoangtrieu/embedded/NPX_Workspace/mcuxsdk/mcuxsdk/drivers/lpflexcomm/lpi2c/fsl_lpi2c.c.obj
                0x20051f9c                LPI2C_GetInstance
 .text.LPI2C_MasterCheckAndClearError
                0x20051fd0       0x46 CMakeFiles/camera_ai_demo_cm33_core1.dir/home/nguyenhoangtrieu/embedded/NPX_Workspace/mcuxsdk/mcuxsdk/drivers/lpflexcomm/lpi2c/fsl_lpi2c.c.obj
                0x20051fd0                LPI2C_MasterCheckAndClearError
 .text.LPI2C_MasterWaitForTxReady
                0x20052016       0x1a CMakeFiles/camera_ai_demo_cm33_core1.dir/home/nguyenhoangtrieu/embedded/NPX_Workspace/mcuxsdk/mcuxsdk/drivers/lpflexcomm/lpi2c/fsl_lpi2c.c.obj
 .text.LPI2C_CheckForBusyBus
                0x20052030       0x14 CMakeFiles/camera_ai_demo_cm33_core1.dir/home/nguyenhoangtrieu/embedded/NPX_Workspace/mcuxsdk/mcuxsdk/drivers/lpflexcomm/lpi2c/fsl_lpi2c.c.obj
                0x20052030                LPI2C_CheckForBusyBus
 .text.LPI2C_MasterGetDefaultConfig
                0x20052044       0x2c CMakeFiles/camera_ai_demo_cm33_core1.dir/home/nguyenhoangtrieu/embedded/NPX_Workspace/mcuxsdk/mcuxsdk/drivers/lpflexcomm/lpi2c/fsl_lpi2c.c.obj
                0x20052044                LPI2C_MasterGetDefaultConfig
 .text.LPI2C_MasterSetBaudRate
                0x20052070      0x110 CMakeFiles/camera_ai_demo_cm33_core1.dir/home/nguyenhoangtrieu/embedded/NPX_Workspace/mcuxsdk/mcuxsdk/drivers/lpflexcomm/lpi2c/fsl_lpi2c.c.obj
                0x20052070                LPI2C_MasterSetBaudRate
 .text.LPI2C_MasterInit
                0x20052180      0x128 CMakeFiles/camera_ai_demo_cm33_core1.dir/home/nguyenhoangtrieu/embedded/NPX_Workspace/mcuxsdk/mcuxsdk/drivers/lpflexcomm/lpi2c/fsl_lpi2c.c.obj
                0x20052180                LPI2C_MasterInit
 .text.LPI2C_MasterStop
                0x200522a8       0x2e CMakeFiles/camera_ai_demo_cm33_core1.dir/home/nguyenhoangtrieu/embedded/NPX_Workspace/mcuxsdk/mcuxsdk/drivers/lpflexcomm/lpi2c/fsl_lpi2c.c.obj
                0x200522a8                LPI2C_MasterStop
 *fill*         0x200522d6        0x2 
 .text.LPI2C_MasterReceive
                0x200522d8       0x74 CMakeFiles/camera_ai_demo_cm33_core1.dir/home/nguyenhoangtrieu/embedded/NPX_Workspace/mcuxsdk/mcuxsdk/drivers/lpflexcomm/lpi2c/fsl_lpi2c.c.obj
                0x200522d8                LPI2C_MasterReceive
 .text.LPI2C_MasterSend
                0x2005234c       0x40 CMakeFiles/camera_ai_demo_cm33_core1.dir/home/nguyenhoangtrieu/embedded/NPX_Workspace/mcuxsdk/mcuxsdk/drivers/lpflexcomm/lpi2c/fsl_lpi2c.c.obj
                0x2005234c                LPI2C_MasterSend
 .text.LPI2C_MasterTransferBlocking
                0x2005238c      0x120 CMakeFiles/camera_ai_demo_cm33_core1.dir/home/nguyenhoangtrieu/embedded/NPX_Workspace/mcuxsdk/mcuxsdk/drivers/lpflexcomm/lpi2c/fsl_lpi2c.c.obj
                0x2005238c                LPI2C_MasterTransferBlocking
 .text.CLOCK_EnableClock
                0x200524ac       0x52 CMakeFiles/camera_ai_demo_cm33_core1.dir/home/nguyenhoangtrieu/embedded/NPX_Workspace/mcuxsdk/mcuxsdk/drivers/lpflexcomm/lpspi/fsl_lpspi.c.obj
 .text.LPSPI_GetTcr
                0x200524fe       0x28 CMakeFiles/camera_ai_demo_cm33_core1.dir/home/nguyenhoangtrieu/embedded/NPX_Workspace/mcuxsdk/mcuxsdk/drivers/lpflexcomm/lpspi/fsl_lpspi.c.obj
 *fill*         0x20052526        0x2 
 .text.LPSPI_TxFifoReady
                0x20052528       0x18 CMakeFiles/camera_ai_demo_cm33_core1.dir/home/nguyenhoangtrieu/embedded/NPX_Workspace/mcuxsdk/mcuxsdk/drivers/lpflexcomm/lpspi/fsl_lpspi.c.obj
 .text.LPSPI_CombineWriteData
                0x20052540       0x70 CMakeFiles/camera_ai_demo_cm33_core1.dir/home/nguyenhoangtrieu/embedded/NPX_Workspace/mcuxsdk/mcuxsdk/drivers/lpflexcomm/lpspi/fsl_lpspi.c.obj
 .text.LPSPI_SeparateReadData
                0x200525b0       0x90 CMakeFiles/camera_ai_demo_cm33_core1.dir/home/nguyenhoangtrieu/embedded/NPX_Workspace/mcuxsdk/mcuxsdk/drivers/lpflexcomm/lpspi/fsl_lpspi.c.obj
 .text.LPSPI_GetInstance
                0x20052640       0x34 CMakeFiles/camera_ai_demo_cm33_core1.dir/home/nguyenhoangtrieu/embedded/NPX_Workspace/mcuxsdk/mcuxsdk/drivers/lpflexcomm/lpspi/fsl_lpspi.c.obj
                0x20052640                LPSPI_GetInstance
 .text.LPSPI_SetDummyData
                0x20052674       0x14 CMakeFiles/camera_ai_demo_cm33_core1.dir/home/nguyenhoangtrieu/embedded/NPX_Workspace/mcuxsdk/mcuxsdk/drivers/lpflexcomm/lpspi/fsl_lpspi.c.obj
                0x20052674                LPSPI_SetDummyData
 .text.LPSPI_MasterGetDefaultConfig
                0x20052688       0x4c CMakeFiles/camera_ai_demo_cm33_core1.dir/home/nguyenhoangtrieu/embedded/NPX_Workspace/mcuxsdk/mcuxsdk/drivers/lpflexcomm/lpspi/fsl_lpspi.c.obj
                0x20052688                LPSPI_MasterGetDefaultConfig
 .text.LPSPI_MasterSetBaudRate
                0x200526d4       0x98 CMakeFiles/camera_ai_demo_cm33_core1.dir/home/nguyenhoangtrieu/embedded/NPX_Workspace/mcuxsdk/mcuxsdk/drivers/lpflexcomm/lpspi/fsl_lpspi.c.obj
                0x200526d4                LPSPI_MasterSetBaudRate
 .text.LPSPI_MasterSetDelayScaler
                0x2005276c       0x64 CMakeFiles/camera_ai_demo_cm33_core1.dir/home/nguyenhoangtrieu/embedded/NPX_Workspace/mcuxsdk/mcuxsdk/drivers/lpflexcomm/lpspi/fsl_lpspi.c.obj
                0x2005276c                LPSPI_MasterSetDelayScaler
 .text.LPSPI_MasterSetDelayTimes
                0x200527d0       0xa0 CMakeFiles/camera_ai_demo_cm33_core1.dir/home/nguyenhoangtrieu/embedded/NPX_Workspace/mcuxsdk/mcuxsdk/drivers/lpflexcomm/lpspi/fsl_lpspi.c.obj
                0x200527d0                LPSPI_MasterSetDelayTimes
 .text.LPSPI_MasterInit
                0x20052870      0x140 CMakeFiles/camera_ai_demo_cm33_core1.dir/home/nguyenhoangtrieu/embedded/NPX_Workspace/mcuxsdk/mcuxsdk/drivers/lpflexcomm/lpspi/fsl_lpspi.c.obj
                0x20052870                LPSPI_MasterInit
 .text.LPSPI_CheckTransferArgument
                0x200529b0       0xa8 CMakeFiles/camera_ai_demo_cm33_core1.dir/home/nguyenhoangtrieu/embedded/NPX_Workspace/mcuxsdk/mcuxsdk/drivers/lpflexcomm/lpspi/fsl_lpspi.c.obj
                0x200529b0                LPSPI_CheckTransferArgument
 .text.LPSPI_MasterTransferBlocking
                0x20052a58      0x2c0 CMakeFiles/camera_ai_demo_cm33_core1.dir/home/nguyenhoangtrieu/embedded/NPX_Workspace/mcuxsdk/mcuxsdk/drivers/lpflexcomm/lpspi/fsl_lpspi.c.obj
                0x20052a58                LPSPI_MasterTransferBlocking
 .text.LPSPI_GetTcr
                0x20052d18       0x28 CMakeFiles/camera_ai_demo_cm33_core1.dir/home/nguyenhoangtrieu/embedded/NPX_Workspace/mcuxsdk/mcuxsdk/drivers/lpflexcomm/lpspi/fsl_lpspi_edma.c.obj
 .text.EDMA_LpspiMasterCallback
                0x20052d40       0x84 CMakeFiles/camera_ai_demo_cm33_core1.dir/home/nguyenhoangtrieu/embedded/NPX_Workspace/mcuxsdk/mcuxsdk/drivers/lpflexcomm/lpspi/fsl_lpspi_edma.c.obj
 .text.getRegAddrOffset
                0x20052dc4       0x30 CMakeFiles/camera_ai_demo_cm33_core1.dir/home/nguyenhoangtrieu/embedded/NPX_Workspace/mcuxsdk/mcuxsdk/drivers/lpflexcomm/lpspi/fsl_lpspi_edma.c.obj
 .text.getEdmaTransferSize
                0x20052df4       0x34 CMakeFiles/camera_ai_demo_cm33_core1.dir/home/nguyenhoangtrieu/embedded/NPX_Workspace/mcuxsdk/mcuxsdk/drivers/lpflexcomm/lpspi/fsl_lpspi_edma.c.obj
 .text.LPSPI_MasterTransferCreateHandleEDMA
                0x20052e28       0x78 CMakeFiles/camera_ai_demo_cm33_core1.dir/home/nguyenhoangtrieu/embedded/NPX_Workspace/mcuxsdk/mcuxsdk/drivers/lpflexcomm/lpspi/fsl_lpspi_edma.c.obj
                0x20052e28                LPSPI_MasterTransferCreateHandleEDMA
 .text.LPSPI_MasterTransferPrepareEDMALite
                0x20052ea0       0xd0 CMakeFiles/camera_ai_demo_cm33_core1.dir/home/nguyenhoangtrieu/embedded/NPX_Workspace/mcuxsdk/mcuxsdk/drivers/lpflexcomm/lpspi/fsl_lpspi_edma.c.obj
                0x20052ea0                LPSPI_MasterTransferPrepareEDMALite
 .text.LPSPI_MasterTransferEDMALite
                0x20052f70      0x470 CMakeFiles/camera_ai_demo_cm33_core1.dir/home/nguyenhoangtrieu/embedded/NPX_Workspace/mcuxsdk/mcuxsdk/drivers/lpflexcomm/lpspi/fsl_lpspi_edma.c.obj
                0x20052f70                LPSPI_MasterTransferEDMALite
 .text.LPSPI_MasterTransferAbortEDMA
                0x200533e0       0x3c CMakeFiles/camera_ai_demo_cm33_core1.dir/home/nguyenhoangtrieu/embedded/NPX_Workspace/mcuxsdk/mcuxsdk/drivers/lpflexcomm/lpspi/fsl_lpspi_edma.c.obj
                0x200533e0                LPSPI_MasterTransferAbortEDMA
 .text.LPUART_GetInstance
                0x2005341c       0x34 CMakeFiles/camera_ai_demo_cm33_core1.dir/home/nguyenhoangtrieu/embedded/NPX_Workspace/mcuxsdk/mcuxsdk/drivers/lpflexcomm/lpuart/fsl_lpuart.c.obj
                0x2005341c                LPUART_GetInstance
 .text.LPUART_Init
                0x20053450      0x268 CMakeFiles/camera_ai_demo_cm33_core1.dir/home/nguyenhoangtrieu/embedded/NPX_Workspace/mcuxsdk/mcuxsdk/drivers/lpflexcomm/lpuart/fsl_lpuart.c.obj
                0x20053450                LPUART_Init
 .text.LPUART_GetDefaultConfig
                0x200536b8       0x3c CMakeFiles/camera_ai_demo_cm33_core1.dir/home/nguyenhoangtrieu/embedded/NPX_Workspace/mcuxsdk/mcuxsdk/drivers/lpflexcomm/lpuart/fsl_lpuart.c.obj
                0x200536b8                LPUART_GetDefaultConfig
 .text.LPUART_GetStatusFlags
                0x200536f4       0x34 CMakeFiles/camera_ai_demo_cm33_core1.dir/home/nguyenhoangtrieu/embedded/NPX_Workspace/mcuxsdk/mcuxsdk/drivers/lpflexcomm/lpuart/fsl_lpuart.c.obj
                0x200536f4                LPUART_GetStatusFlags
 .text.LPUART_ClearStatusFlags
                0x20053728       0x44 CMakeFiles/camera_ai_demo_cm33_core1.dir/home/nguyenhoangtrieu/embedded/NPX_Workspace/mcuxsdk/mcuxsdk/drivers/lpflexcomm/lpuart/fsl_lpuart.c.obj
                0x20053728                LPUART_ClearStatusFlags
 .text.LPUART_WriteBlocking
                0x2005376c       0x3c CMakeFiles/camera_ai_demo_cm33_core1.dir/home/nguyenhoangtrieu/embedded/NPX_Workspace/mcuxsdk/mcuxsdk/drivers/lpflexcomm/lpuart/fsl_lpuart.c.obj
                0x2005376c                LPUART_WriteBlocking
 .text.LPUART_ReadBlocking
                0x200537a8       0xe0 CMakeFiles/camera_ai_demo_cm33_core1.dir/home/nguyenhoangtrieu/embedded/NPX_Workspace/mcuxsdk/mcuxsdk/drivers/lpflexcomm/lpuart/fsl_lpuart.c.obj
                0x200537a8                LPUART_ReadBlocking
 .text.fsl_assert_hook
                0x20053888        0x4 CMakeFiles/camera_ai_demo_cm33_core1.dir/home/nguyenhoangtrieu/embedded/NPX_Workspace/mcuxsdk/mcuxsdk/components/assert/fsl_assert.c.obj
                0x20053888                fsl_assert_hook
 .text.__assert_func
                0x2005388c       0x38 CMakeFiles/camera_ai_demo_cm33_core1.dir/home/nguyenhoangtrieu/embedded/NPX_Workspace/mcuxsdk/mcuxsdk/components/assert/fsl_assert.c.obj
                0x2005388c                __assert_func
 .text.DbgConsole_ConvertRadixNumToString.isra.0
                0x200538c4       0x3e CMakeFiles/camera_ai_demo_cm33_core1.dir/home/nguyenhoangtrieu/embedded/NPX_Workspace/mcuxsdk/mcuxsdk/components/debug_console_lite/fsl_debug_console.c.obj
 *fill*         0x20053902        0x2 
 .text.DbgConsole_Init
                0x20053904       0x50 CMakeFiles/camera_ai_demo_cm33_core1.dir/home/nguyenhoangtrieu/embedded/NPX_Workspace/mcuxsdk/mcuxsdk/components/debug_console_lite/fsl_debug_console.c.obj
                0x20053904                DbgConsole_Init
 .text.DbgConsole_Putchar
                0x20053954       0x24 CMakeFiles/camera_ai_demo_cm33_core1.dir/home/nguyenhoangtrieu/embedded/NPX_Workspace/mcuxsdk/mcuxsdk/components/debug_console_lite/fsl_debug_console.c.obj
                0x20053954                DbgConsole_Putchar
 .text.DbgConsole_Vprintf
                0x20053978      0x1d8 CMakeFiles/camera_ai_demo_cm33_core1.dir/home/nguyenhoangtrieu/embedded/NPX_Workspace/mcuxsdk/mcuxsdk/components/debug_console_lite/fsl_debug_console.c.obj
                0x20053978                DbgConsole_Vprintf
 .text.DbgConsole_Printf
                0x20053b50       0x1a CMakeFiles/camera_ai_demo_cm33_core1.dir/home/nguyenhoangtrieu/embedded/NPX_Workspace/mcuxsdk/mcuxsdk/components/debug_console_lite/fsl_debug_console.c.obj
                0x20053b50                DbgConsole_Printf
 *fill*         0x20053b6a        0x2 
 .text._sbrk    0x20053b6c       0x38 CMakeFiles/camera_ai_demo_cm33_core1.dir/home/nguyenhoangtrieu/embedded/NPX_Workspace/mcuxsdk/mcuxsdk/components/misc_utilities/fsl_sbrk.c.obj
                0x20053b6c                _sbrk
 .text.memcpy   0x20053ba4       0xa0 CMakeFiles/camera_ai_demo_cm33_core1.dir/home/nguyenhoangtrieu/embedded/NPX_Workspace/mcuxsdk/mcuxsdk/components/misc_utilities/fsl_memcpy.S.obj
                0x20053ba4                memcpy
 .text.memset   0x20053c44       0x54 CMakeFiles/camera_ai_demo_cm33_core1.dir/home/nguyenhoangtrieu/embedded/NPX_Workspace/mcuxsdk/mcuxsdk/components/misc_utilities/fsl_memset.S.obj
                0x20053c44                memset
 .text.HAL_UartInit
                0x20053c98       0xf0 CMakeFiles/camera_ai_demo_cm33_core1.dir/home/nguyenhoangtrieu/embedded/NPX_Workspace/mcuxsdk/mcuxsdk/components/uart/fsl_adapter_lpuart.c.obj
                0x20053c98                HAL_UartInit
 .text.HAL_UartReceiveBlocking
                0x20053d88       0x5c CMakeFiles/camera_ai_demo_cm33_core1.dir/home/nguyenhoangtrieu/embedded/NPX_Workspace/mcuxsdk/mcuxsdk/components/uart/fsl_adapter_lpuart.c.obj
                0x20053d88                HAL_UartReceiveBlocking
 .text.HAL_UartSendBlocking
                0x20053de4       0x54 CMakeFiles/camera_ai_demo_cm33_core1.dir/home/nguyenhoangtrieu/embedded/NPX_Workspace/mcuxsdk/mcuxsdk/components/uart/fsl_adapter_lpuart.c.obj
                0x20053de4                HAL_UartSendBlocking
 .text.VIDEO_DelayMs
                0x20053e38       0x1c CMakeFiles/camera_ai_demo_cm33_core1.dir/home/nguyenhoangtrieu/embedded/NPX_Workspace/mcuxsdk/mcuxsdk/components/video/fsl_video_common.c.obj
                0x20053e38                VIDEO_DelayMs
 .text.SCCB_WriteReg
                0x20053e54       0x1c CMakeFiles/camera_ai_demo_cm33_core1.dir/home/nguyenhoangtrieu/embedded/NPX_Workspace/mcuxsdk/mcuxsdk/components/video/camera/device/sccb/fsl_sccb.c.obj
                0x20053e54                SCCB_WriteReg
 .text.SCCB_ReadReg
                0x20053e70       0x14 CMakeFiles/camera_ai_demo_cm33_core1.dir/home/nguyenhoangtrieu/embedded/NPX_Workspace/mcuxsdk/mcuxsdk/components/video/camera/device/sccb/fsl_sccb.c.obj
                0x20053e70                SCCB_ReadReg
 .text.SCCB_ModifyReg
                0x20053e84       0x48 CMakeFiles/camera_ai_demo_cm33_core1.dir/home/nguyenhoangtrieu/embedded/NPX_Workspace/mcuxsdk/mcuxsdk/components/video/camera/device/sccb/fsl_sccb.c.obj
                0x20053e84                SCCB_ModifyReg
 .text.OV7670_Deinit
                0x20053ecc        0x4 CMakeFiles/camera_ai_demo_cm33_core1.dir/home/nguyenhoangtrieu/embedded/NPX_Workspace/mcuxsdk/mcuxsdk/components/video/camera/device/ov7670/fsl_ov7670.c.obj
                0x20053ecc                OV7670_Deinit
 .text.OV7670_Control
                0x20053ed0        0x4 CMakeFiles/camera_ai_demo_cm33_core1.dir/home/nguyenhoangtrieu/embedded/NPX_Workspace/mcuxsdk/mcuxsdk/components/video/camera/device/ov7670/fsl_ov7670.c.obj
                0x20053ed0                OV7670_Control
 .text.OV7670_Start
                0x20053ed4        0x4 CMakeFiles/camera_ai_demo_cm33_core1.dir/home/nguyenhoangtrieu/embedded/NPX_Workspace/mcuxsdk/mcuxsdk/components/video/camera/device/ov7670/fsl_ov7670.c.obj
                0x20053ed4                OV7670_Start
 .text.OV7670_Stop
                0x20053ed8        0x4 CMakeFiles/camera_ai_demo_cm33_core1.dir/home/nguyenhoangtrieu/embedded/NPX_Workspace/mcuxsdk/mcuxsdk/components/video/camera/device/ov7670/fsl_ov7670.c.obj
                0x20053ed8                OV7670_Stop
 .text.OV7670_ContrastAdjustment
                0x20053edc       0x4a CMakeFiles/camera_ai_demo_cm33_core1.dir/home/nguyenhoangtrieu/embedded/NPX_Workspace/mcuxsdk/mcuxsdk/components/video/camera/device/ov7670/fsl_ov7670.c.obj
                0x20053edc                OV7670_ContrastAdjustment
 .text.OV7670_BrightnessAdjustment
                0x20053f26       0x1a CMakeFiles/camera_ai_demo_cm33_core1.dir/home/nguyenhoangtrieu/embedded/NPX_Workspace/mcuxsdk/mcuxsdk/components/video/camera/device/ov7670/fsl_ov7670.c.obj
                0x20053f26                OV7670_BrightnessAdjustment
 .text.OV7670_OutputFormat
                0x20053f40       0x5c CMakeFiles/camera_ai_demo_cm33_core1.dir/home/nguyenhoangtrieu/embedded/NPX_Workspace/mcuxsdk/mcuxsdk/components/video/camera/device/ov7670/fsl_ov7670.c.obj
                0x20053f40                OV7670_OutputFormat
 .text.OV7670_Resolution
                0x20053f9c      0x13c CMakeFiles/camera_ai_demo_cm33_core1.dir/home/nguyenhoangtrieu/embedded/NPX_Workspace/mcuxsdk/mcuxsdk/components/video/camera/device/ov7670/fsl_ov7670.c.obj
                0x20053f9c                OV7670_Resolution
 .text.OV7670_SetWindow
                0x200540d8       0x92 CMakeFiles/camera_ai_demo_cm33_core1.dir/home/nguyenhoangtrieu/embedded/NPX_Workspace/mcuxsdk/mcuxsdk/components/video/camera/device/ov7670/fsl_ov7670.c.obj
                0x200540d8                OV7670_SetWindow
 .text.OV7670_FrameRateAdjustment
                0x2005416a       0x9c CMakeFiles/camera_ai_demo_cm33_core1.dir/home/nguyenhoangtrieu/embedded/NPX_Workspace/mcuxsdk/mcuxsdk/components/video/camera/device/ov7670/fsl_ov7670.c.obj
                0x2005416a                OV7670_FrameRateAdjustment
 .text.OV7670_NightMode
                0x20054206       0x2a CMakeFiles/camera_ai_demo_cm33_core1.dir/home/nguyenhoangtrieu/embedded/NPX_Workspace/mcuxsdk/mcuxsdk/components/video/camera/device/ov7670/fsl_ov7670.c.obj
                0x20054206                OV7670_NightMode
 .text.OV7670_BandingFilterSelection
                0x20054230       0x8a CMakeFiles/camera_ai_demo_cm33_core1.dir/home/nguyenhoangtrieu/embedded/NPX_Workspace/mcuxsdk/mcuxsdk/components/video/camera/device/ov7670/fsl_ov7670.c.obj
                0x20054230                OV7670_BandingFilterSelection
 .text.OV7670_WhiteBalance
                0x200542ba      0x198 CMakeFiles/camera_ai_demo_cm33_core1.dir/home/nguyenhoangtrieu/embedded/NPX_Workspace/mcuxsdk/mcuxsdk/components/video/camera/device/ov7670/fsl_ov7670.c.obj
                0x200542ba                OV7670_WhiteBalance
 .text.OV7670_LightMode
                0x20054452      0x128 CMakeFiles/camera_ai_demo_cm33_core1.dir/home/nguyenhoangtrieu/embedded/NPX_Workspace/mcuxsdk/mcuxsdk/components/video/camera/device/ov7670/fsl_ov7670.c.obj
                0x20054452                OV7670_LightMode
 .text.OV7670_ColorSaturation
                0x2005457a       0xa6 CMakeFiles/camera_ai_demo_cm33_core1.dir/home/nguyenhoangtrieu/embedded/NPX_Workspace/mcuxsdk/mcuxsdk/components/video/camera/device/ov7670/fsl_ov7670.c.obj
                0x2005457a                OV7670_ColorSaturation
 .text.OV7670_SpecialEffects
                0x20054620       0x4c CMakeFiles/camera_ai_demo_cm33_core1.dir/home/nguyenhoangtrieu/embedded/NPX_Workspace/mcuxsdk/mcuxsdk/components/video/camera/device/ov7670/fsl_ov7670.c.obj
                0x20054620                OV7670_SpecialEffects
 .text.OV7670_GammaCurveSlope
                0x2005466c      0x12c CMakeFiles/camera_ai_demo_cm33_core1.dir/home/nguyenhoangtrieu/embedded/NPX_Workspace/mcuxsdk/mcuxsdk/components/video/camera/device/ov7670/fsl_ov7670.c.obj
                0x2005466c                OV7670_GammaCurveSlope
 .text.OV7670_Configure
                0x20054798      0x18c CMakeFiles/camera_ai_demo_cm33_core1.dir/home/nguyenhoangtrieu/embedded/NPX_Workspace/mcuxsdk/mcuxsdk/components/video/camera/device/ov7670/fsl_ov7670.c.obj
                0x20054798                OV7670_Configure
 .text.OV7670_CameraInit
                0x20054924       0xc6 CMakeFiles/camera_ai_demo_cm33_core1.dir/home/nguyenhoangtrieu/embedded/NPX_Workspace/mcuxsdk/mcuxsdk/components/video/camera/device/ov7670/fsl_ov7670.c.obj
                0x20054924                OV7670_CameraInit
 *fill*         0x200549ea        0x2 
 .text.OV7670_Init
                0x200549ec      0x1b4 CMakeFiles/camera_ai_demo_cm33_core1.dir/home/nguyenhoangtrieu/embedded/NPX_Workspace/mcuxsdk/mcuxsdk/components/video/camera/device/ov7670/fsl_ov7670.c.obj
                0x200549ec                OV7670_Init
 .text.OV7670_InitExt
                0x20054ba0        0x4 CMakeFiles/camera_ai_demo_cm33_core1.dir/home/nguyenhoangtrieu/embedded/NPX_Workspace/mcuxsdk/mcuxsdk/components/video/camera/device/ov7670/fsl_ov7670.c.obj
                0x20054ba0                OV7670_InitExt
 .text.MCMGR_TriggerEvent
                0x20054ba4       0x30 CMakeFiles/camera_ai_demo_cm33_core1.dir/home/nguyenhoangtrieu/embedded/NPX_Workspace/mcuxsdk/mcuxsdk/middleware/multicore/mcmgr/src/mcmgr.c.obj
                0x20054ba4                MCMGR_TriggerEvent
 .text.MCMGR_FeedStartupDataEventHandler
                0x20054bd4       0x2a CMakeFiles/camera_ai_demo_cm33_core1.dir/home/nguyenhoangtrieu/embedded/NPX_Workspace/mcuxsdk/mcuxsdk/middleware/multicore/mcmgr/src/mcmgr.c.obj
 .text.MCMGR_StartupDataEventHandler
                0x20054bfe       0x26 CMakeFiles/camera_ai_demo_cm33_core1.dir/home/nguyenhoangtrieu/embedded/NPX_Workspace/mcuxsdk/mcuxsdk/middleware/multicore/mcmgr/src/mcmgr.c.obj
 .text.MCMGR_Init
                0x20054c24       0x44 CMakeFiles/camera_ai_demo_cm33_core1.dir/home/nguyenhoangtrieu/embedded/NPX_Workspace/mcuxsdk/mcuxsdk/middleware/multicore/mcmgr/src/mcmgr.c.obj
                0x20054c24                MCMGR_Init
 .text.MCMGR_GetStartupData
                0x20054c68       0x48 CMakeFiles/camera_ai_demo_cm33_core1.dir/home/nguyenhoangtrieu/embedded/NPX_Workspace/mcuxsdk/mcuxsdk/middleware/multicore/mcmgr/src/mcmgr.c.obj
                0x20054c68                MCMGR_GetStartupData
 .text.mcmgr_platform_init_internal
                0x20054cb0       0x3c CMakeFiles/camera_ai_demo_cm33_core1.dir/home/nguyenhoangtrieu/embedded/NPX_Workspace/mcuxsdk/mcuxsdk/middleware/multicore/mcmgr/src/mcmgr_internal_core_api_mcxnx4x.c.obj
                0x20054cb0                mcmgr_platform_init_internal
 .text.mcmgr_get_startup_data_internal