/home/nguyenhoangtrieu/embedded/NPX_Workspace/mcuxsdk/mcuxsdk/components/osa/fsl_os_abstraction_bm.c:172:18:main_task	0	static
/home/nguyenhoangtrieu/embedded/NPX_Workspace/mcuxsdk/mcuxsdk/components/osa/fsl_os_abstraction_bm.c:202:7:OSA_MemoryAllocate	16	static
/home/nguyenhoangtrieu/embedded/NPX_Workspace/mcuxsdk/mcuxsdk/components/osa/fsl_os_abstraction_bm.c:220:6:OSA_MemoryFree	0	static
/home/nguyenhoangtrieu/embedded/NPX_Workspace/mcuxsdk/mcuxsdk/components/osa/fsl_os_abstraction_bm.c:225:7:OSA_MemoryAllocateAlign	16	static
/home/nguyenhoangtrieu/embedded/NPX_Workspace/mcuxsdk/mcuxsdk/components/osa/fsl_os_abstraction_bm.c:271:6:OSA_MemoryFreeAlign	0	static
/home/nguyenhoangtrieu/embedded/NPX_Workspace/mcuxsdk/mcuxsdk/components/osa/fsl_os_abstraction_bm.c:291:6:OSA_EnterCritical	0	static
/home/nguyenhoangtrieu/embedded/NPX_Workspace/mcuxsdk/mcuxsdk/components/osa/fsl_os_abstraction_bm.c:296:6:OSA_ExitCritical	0	static
/home/nguyenhoangtrieu/embedded/NPX_Workspace/mcuxsdk/mcuxsdk/components/osa/fsl_os_abstraction_bm.c:307:6:OSA_EnableIRQGlobal	0	static
/home/nguyenhoangtrieu/embedded/NPX_Workspace/mcuxsdk/mcuxsdk/components/osa/fsl_os_abstraction_bm.c:328:6:OSA_DisableIRQGlobal	0	static
/home/nguyenhoangtrieu/embedded/NPX_Workspace/mcuxsdk/mcuxsdk/components/osa/fsl_os_abstraction_bm.c:347:6:OSA_DisableScheduler	0	static
/home/nguyenhoangtrieu/embedded/NPX_Workspace/mcuxsdk/mcuxsdk/components/osa/fsl_os_abstraction_bm.c:359:6:OSA_EnableScheduler	0	static
/home/nguyenhoangtrieu/embedded/NPX_Workspace/mcuxsdk/mcuxsdk/components/osa/fsl_os_abstraction_bm.c:574:18:OSA_TimeInit	0	static
/home/nguyenhoangtrieu/embedded/NPX_Workspace/mcuxsdk/mcuxsdk/components/osa/fsl_os_abstraction_bm.c:591:22:OSA_TimeDiff	0	static
/home/nguyenhoangtrieu/embedded/NPX_Workspace/mcuxsdk/mcuxsdk/components/osa/fsl_os_abstraction_bm.c:609:6:OSA_TimeDelay	0	static
/home/nguyenhoangtrieu/embedded/NPX_Workspace/mcuxsdk/mcuxsdk/components/osa/fsl_os_abstraction_bm.c:631:22:OSA_TimeGetMsec	0	static
/home/nguyenhoangtrieu/embedded/NPX_Workspace/mcuxsdk/mcuxsdk/components/osa/fsl_os_abstraction_bm.c:648:14:OSA_SemaphorePrecreate	0	static
/home/nguyenhoangtrieu/embedded/NPX_Workspace/mcuxsdk/mcuxsdk/components/osa/fsl_os_abstraction_bm.c:663:14:OSA_SemaphoreCreate	8	static
/home/nguyenhoangtrieu/embedded/NPX_Workspace/mcuxsdk/mcuxsdk/components/osa/fsl_os_abstraction_bm.c:693:14:OSA_SemaphoreCreateBinary	8	static
/home/nguyenhoangtrieu/embedded/NPX_Workspace/mcuxsdk/mcuxsdk/components/osa/fsl_os_abstraction_bm.c:721:14:OSA_SemaphoreDestroy	8	static
/home/nguyenhoangtrieu/embedded/NPX_Workspace/mcuxsdk/mcuxsdk/components/osa/fsl_os_abstraction_bm.c:744:14:OSA_SemaphoreWait	8	static
/home/nguyenhoangtrieu/embedded/NPX_Workspace/mcuxsdk/mcuxsdk/components/osa/fsl_os_abstraction_bm.c:818:14:OSA_SemaphorePost	8	static
/home/nguyenhoangtrieu/embedded/NPX_Workspace/mcuxsdk/mcuxsdk/components/osa/fsl_os_abstraction_bm.c:854:14:OSA_MutexCreate	8	static
/home/nguyenhoangtrieu/embedded/NPX_Workspace/mcuxsdk/mcuxsdk/components/osa/fsl_os_abstraction_bm.c:883:14:OSA_MutexLock	0	static
/home/nguyenhoangtrieu/embedded/NPX_Workspace/mcuxsdk/mcuxsdk/components/osa/fsl_os_abstraction_bm.c:949:14:OSA_MutexUnlock	8	static
/home/nguyenhoangtrieu/embedded/NPX_Workspace/mcuxsdk/mcuxsdk/components/osa/fsl_os_abstraction_bm.c:967:14:OSA_MutexDestroy	8	static
/home/nguyenhoangtrieu/embedded/NPX_Workspace/mcuxsdk/mcuxsdk/components/osa/fsl_os_abstraction_bm.c:986:14:OSA_EventPrecreate	0	static
/home/nguyenhoangtrieu/embedded/NPX_Workspace/mcuxsdk/mcuxsdk/components/osa/fsl_os_abstraction_bm.c:1000:14:OSA_EventCreate	8	static
/home/nguyenhoangtrieu/embedded/NPX_Workspace/mcuxsdk/mcuxsdk/components/osa/fsl_os_abstraction_bm.c:1023:14:OSA_EventSet	0	static
/home/nguyenhoangtrieu/embedded/NPX_Workspace/mcuxsdk/mcuxsdk/components/osa/fsl_os_abstraction_bm.c:1048:14:OSA_EventClear	0	static
/home/nguyenhoangtrieu/embedded/NPX_Workspace/mcuxsdk/mcuxsdk/components/osa/fsl_os_abstraction_bm.c:1078:14:OSA_EventGet	8	static
/home/nguyenhoangtrieu/embedded/NPX_Workspace/mcuxsdk/mcuxsdk/components/osa/fsl_os_abstraction_bm.c:1110:14:OSA_EventWait	16	static
/home/nguyenhoangtrieu/embedded/NPX_Workspace/mcuxsdk/mcuxsdk/components/osa/fsl_os_abstraction_bm.c:1203:14:OSA_EventDestroy	8	static
/home/nguyenhoangtrieu/embedded/NPX_Workspace/mcuxsdk/mcuxsdk/components/osa/fsl_os_abstraction_bm.c:1222:14:OSA_MsgQCreate	8	static
/home/nguyenhoangtrieu/embedded/NPX_Workspace/mcuxsdk/mcuxsdk/components/osa/fsl_os_abstraction_bm.c:1244:14:OSA_MsgQPut	16	static
/home/nguyenhoangtrieu/embedded/NPX_Workspace/mcuxsdk/mcuxsdk/components/osa/fsl_os_abstraction_bm.c:1303:14:OSA_MsgQGet	16	static
/home/nguyenhoangtrieu/embedded/NPX_Workspace/mcuxsdk/mcuxsdk/components/osa/fsl_os_abstraction_bm.c:1394:5:OSA_MsgQAvailableMsgs	8	static
/home/nguyenhoangtrieu/embedded/NPX_Workspace/mcuxsdk/mcuxsdk/components/osa/fsl_os_abstraction_bm.c:1409:14:OSA_MsgQDestroy	8	static
/home/nguyenhoangtrieu/embedded/NPX_Workspace/mcuxsdk/mcuxsdk/components/osa/fsl_os_abstraction_bm.c:1427:6:OSA_InterruptEnable	0	static
/home/nguyenhoangtrieu/embedded/NPX_Workspace/mcuxsdk/mcuxsdk/components/osa/fsl_os_abstraction_bm.c:1437:6:OSA_InterruptDisable	0	static
/home/nguyenhoangtrieu/embedded/NPX_Workspace/mcuxsdk/mcuxsdk/components/osa/fsl_os_abstraction_bm.c:1448:6:OSA_InstallIntHandler	0	static
/home/nguyenhoangtrieu/embedded/NPX_Workspace/mcuxsdk/mcuxsdk/components/osa/fsl_os_abstraction_bm.c:1593:6:OSA_UpdateSysTickCounter	0	static
/home/nguyenhoangtrieu/embedded/NPX_Workspace/mcuxsdk/mcuxsdk/components/osa/fsl_os_abstraction_bm.c:1624:23:OSA_SemaphoreGetCount	8	static
