/home/nguyenhoangtrieu/embedded/NPX_Workspace/mcuxsdk/mcuxsdk/devices/MCX/MCXN/MCXN947/drivers/fsl_clock.c:2461:17:CLOCK_GetFro12MFreq	0	static
/home/nguyenhoangtrieu/embedded/NPX_Workspace/mcuxsdk/mcuxsdk/devices/MCX/MCXN/MCXN947/drivers/fsl_clock.c:2503:17:CLOCK_GetClk48MFreq	0	static
/home/nguyenhoangtrieu/embedded/NPX_Workspace/mcuxsdk/mcuxsdk/devices/MCX/MCXN/MCXN947/drivers/fsl_clock.c:2521:17:CLOCK_GetClk16KFreq	0	static
/home/nguyenhoangtrieu/embedded/NPX_Workspace/mcuxsdk/mcuxsdk/devices/MCX/MCXN/MCXN947/drivers/fsl_clock.c:2532:17:CLOCK_GetExtClkFreq	0	static
/home/nguyenhoangtrieu/embedded/NPX_Workspace/mcuxsdk/mcuxsdk/devices/MCX/MCXN/MCXN947/drivers/fsl_clock.c:2479:17:CLOCK_GetFroHfFreq	0	static
/home/nguyenhoangtrieu/embedded/NPX_Workspace/mcuxsdk/mcuxsdk/devices/MCX/MCXN/MCXN947/drivers/fsl_clock.c:2541:17:CLOCK_GetOsc32KFreq	0	static
/home/nguyenhoangtrieu/embedded/NPX_Workspace/mcuxsdk/mcuxsdk/devices/MCX/MCXN/MCXN947/drivers/fsl_clock.c:2672:17:CLOCK_GetLposcFreq	0	static
/home/nguyenhoangtrieu/embedded/NPX_Workspace/mcuxsdk/mcuxsdk/devices/MCX/MCXN/MCXN947/drivers/fsl_clock.c:145:10:CLOCK_SetupFROHFClocking	0	static
/home/nguyenhoangtrieu/embedded/NPX_Workspace/mcuxsdk/mcuxsdk/devices/MCX/MCXN/MCXN947/drivers/fsl_clock.c:179:10:CLOCK_SetupExtClocking	0	static
/home/nguyenhoangtrieu/embedded/NPX_Workspace/mcuxsdk/mcuxsdk/devices/MCX/MCXN/MCXN947/drivers/fsl_clock.c:253:10:CLOCK_SetupExtRefClocking	0	static
/home/nguyenhoangtrieu/embedded/NPX_Workspace/mcuxsdk/mcuxsdk/devices/MCX/MCXN/MCXN947/drivers/fsl_clock.c:330:10:CLOCK_SetupOsc32KClocking	0	static
/home/nguyenhoangtrieu/embedded/NPX_Workspace/mcuxsdk/mcuxsdk/devices/MCX/MCXN/MCXN947/drivers/fsl_clock.c:388:6:CLOCK_GetDefaultOsc32KConfig	0	static
/home/nguyenhoangtrieu/embedded/NPX_Workspace/mcuxsdk/mcuxsdk/devices/MCX/MCXN/MCXN947/drivers/fsl_clock.c:410:10:CLOCK_SetupOsc32KClockingConfig	32	static
/home/nguyenhoangtrieu/embedded/NPX_Workspace/mcuxsdk/mcuxsdk/devices/MCX/MCXN/MCXN947/drivers/fsl_clock.c:515:10:CLOCK_SetupClk16KClocking	0	static
/home/nguyenhoangtrieu/embedded/NPX_Workspace/mcuxsdk/mcuxsdk/devices/MCX/MCXN/MCXN947/drivers/fsl_clock.c:533:10:CLOCK_FROHFTrimConfig	8	static
/home/nguyenhoangtrieu/embedded/NPX_Workspace/mcuxsdk/mcuxsdk/devices/MCX/MCXN/MCXN947/drivers/fsl_clock.c:569:10:CLOCK_FRO12MTrimConfig	8	static
/home/nguyenhoangtrieu/embedded/NPX_Workspace/mcuxsdk/mcuxsdk/devices/MCX/MCXN/MCXN947/drivers/fsl_clock.c:609:6:CLOCK_SetSysOscMonitorMode	0	static
/home/nguyenhoangtrieu/embedded/NPX_Workspace/mcuxsdk/mcuxsdk/devices/MCX/MCXN/MCXN947/drivers/fsl_clock.c:628:6:CLOCK_SetRoscMonitorMode	0	static
/home/nguyenhoangtrieu/embedded/NPX_Workspace/mcuxsdk/mcuxsdk/devices/MCX/MCXN/MCXN947/drivers/fsl_clock.c:647:6:CLOCK_SetUpllMonitorMode	0	static
/home/nguyenhoangtrieu/embedded/NPX_Workspace/mcuxsdk/mcuxsdk/devices/MCX/MCXN/MCXN947/drivers/fsl_clock.c:666:6:CLOCK_SetPll0MonitorMode	0	static
/home/nguyenhoangtrieu/embedded/NPX_Workspace/mcuxsdk/mcuxsdk/devices/MCX/MCXN/MCXN947/drivers/fsl_clock.c:685:6:CLOCK_SetPll1MonitorMode	0	static
/home/nguyenhoangtrieu/embedded/NPX_Workspace/mcuxsdk/mcuxsdk/devices/MCX/MCXN/MCXN947/drivers/fsl_clock.c:703:10:CLOCK_SetFLASHAccessCyclesForFreq	0	static
/home/nguyenhoangtrieu/embedded/NPX_Workspace/mcuxsdk/mcuxsdk/devices/MCX/MCXN/MCXN947/drivers/fsl_clock.c:792:6:VBAT_SetOscConfig	8	static
/home/nguyenhoangtrieu/embedded/NPX_Workspace/mcuxsdk/mcuxsdk/devices/MCX/MCXN/MCXN947/drivers/fsl_clock.c:837:6:CLOCK_AttachClk	16	static
/home/nguyenhoangtrieu/embedded/NPX_Workspace/mcuxsdk/mcuxsdk/devices/MCX/MCXN/MCXN947/drivers/fsl_clock.c:891:19:CLOCK_GetClockAttachId	16	static
/home/nguyenhoangtrieu/embedded/NPX_Workspace/mcuxsdk/mcuxsdk/devices/MCX/MCXN/MCXN947/drivers/fsl_clock.c:953:6:CLOCK_SetClkDiv	0	static
/home/nguyenhoangtrieu/embedded/NPX_Workspace/mcuxsdk/mcuxsdk/devices/MCX/MCXN/MCXN947/drivers/fsl_clock.c:1000:10:CLOCK_GetClkDiv	0	static
/home/nguyenhoangtrieu/embedded/NPX_Workspace/mcuxsdk/mcuxsdk/devices/MCX/MCXN/MCXN947/drivers/fsl_clock.c:1025:6:CLOCK_HaltClkDiv	0	static
/home/nguyenhoangtrieu/embedded/NPX_Workspace/mcuxsdk/mcuxsdk/devices/MCX/MCXN/MCXN947/drivers/fsl_clock.c:1043:6:CLOCK_SetupClockCtrl	0	static
/home/nguyenhoangtrieu/embedded/NPX_Workspace/mcuxsdk/mcuxsdk/devices/MCX/MCXN/MCXN947/drivers/fsl_clock.c:1349:10:CLOCK_GetTsiClkFreq	8	static
/home/nguyenhoangtrieu/embedded/NPX_Workspace/mcuxsdk/mcuxsdk/devices/MCX/MCXN/MCXN947/drivers/fsl_clock.c:1553:10:CLOCK_GetExtUpllFreq	0	static
/home/nguyenhoangtrieu/embedded/NPX_Workspace/mcuxsdk/mcuxsdk/devices/MCX/MCXN/MCXN947/drivers/fsl_clock.c:1567:6:CLOCK_SetExtUpllFreq	0	static
/home/nguyenhoangtrieu/embedded/NPX_Workspace/mcuxsdk/mcuxsdk/devices/MCX/MCXN/MCXN947/drivers/fsl_clock.c:1659:10:CLOCK_GetI3cSClkFreq	0	static
/home/nguyenhoangtrieu/embedded/NPX_Workspace/mcuxsdk/mcuxsdk/devices/MCX/MCXN/MCXN947/drivers/fsl_clock.c:1888:6:CLOCK_SetupEnetTxClk	0	static
/home/nguyenhoangtrieu/embedded/NPX_Workspace/mcuxsdk/mcuxsdk/devices/MCX/MCXN/MCXN947/drivers/fsl_clock.c:1899:10:CLOCK_GetEnetTxClkFreq	0	static
/home/nguyenhoangtrieu/embedded/NPX_Workspace/mcuxsdk/mcuxsdk/devices/MCX/MCXN/MCXN947/drivers/fsl_clock.c:1908:10:CLOCK_GetEwm0ClkFreq	0	static
/home/nguyenhoangtrieu/embedded/NPX_Workspace/mcuxsdk/mcuxsdk/devices/MCX/MCXN/MCXN947/drivers/fsl_clock.c:1932:10:CLOCK_GetWdtClkFreq	8	static
/home/nguyenhoangtrieu/embedded/NPX_Workspace/mcuxsdk/mcuxsdk/devices/MCX/MCXN/MCXN947/drivers/fsl_clock.c:1973:10:CLOCK_GetOstimerClkFreq	0	static
/home/nguyenhoangtrieu/embedded/NPX_Workspace/mcuxsdk/mcuxsdk/devices/MCX/MCXN/MCXN947/drivers/fsl_clock.c:2116:6:CLOCK_SetupSaiMclk	0	static
/home/nguyenhoangtrieu/embedded/NPX_Workspace/mcuxsdk/mcuxsdk/devices/MCX/MCXN/MCXN947/drivers/fsl_clock.c:2127:6:CLOCK_SetupSaiTxBclk	0	static
/home/nguyenhoangtrieu/embedded/NPX_Workspace/mcuxsdk/mcuxsdk/devices/MCX/MCXN/MCXN947/drivers/fsl_clock.c:2138:6:CLOCK_SetupSaiRxBclk	0	static
/home/nguyenhoangtrieu/embedded/NPX_Workspace/mcuxsdk/mcuxsdk/devices/MCX/MCXN/MCXN947/drivers/fsl_clock.c:2149:10:CLOCK_GetSaiMclkFreq	0	static
/home/nguyenhoangtrieu/embedded/NPX_Workspace/mcuxsdk/mcuxsdk/devices/MCX/MCXN/MCXN947/drivers/fsl_clock.c:2158:10:CLOCK_GetSaiTxBclkFreq	0	static
/home/nguyenhoangtrieu/embedded/NPX_Workspace/mcuxsdk/mcuxsdk/devices/MCX/MCXN/MCXN947/drivers/fsl_clock.c:2167:10:CLOCK_GetSaiRxBclkFreq	0	static
/home/nguyenhoangtrieu/embedded/NPX_Workspace/mcuxsdk/mcuxsdk/devices/MCX/MCXN/MCXN947/drivers/fsl_clock.c:2213:10:CLOCK_GetPLL0InClockRate	16	static
/home/nguyenhoangtrieu/embedded/NPX_Workspace/mcuxsdk/mcuxsdk/devices/MCX/MCXN/MCXN947/drivers/fsl_clock.c:1470:10:CLOCK_GetPll0OutFreq	40	static
/home/nguyenhoangtrieu/embedded/NPX_Workspace/mcuxsdk/mcuxsdk/devices/MCX/MCXN/MCXN947/drivers/fsl_clock.c:2237:10:CLOCK_GetPLL1InClockRate	0	static
/home/nguyenhoangtrieu/embedded/NPX_Workspace/mcuxsdk/mcuxsdk/devices/MCX/MCXN/MCXN947/drivers/fsl_clock.c:1498:10:CLOCK_GetPll1OutFreq	24	static
/home/nguyenhoangtrieu/embedded/NPX_Workspace/mcuxsdk/mcuxsdk/devices/MCX/MCXN/MCXN947/drivers/fsl_clock.c:1143:10:CLOCK_GetCTimerClkFreq	8	static
/home/nguyenhoangtrieu/embedded/NPX_Workspace/mcuxsdk/mcuxsdk/devices/MCX/MCXN/MCXN947/drivers/fsl_clock.c:1197:10:CLOCK_GetAdcClkFreq	8	static
/home/nguyenhoangtrieu/embedded/NPX_Workspace/mcuxsdk/mcuxsdk/devices/MCX/MCXN/MCXN947/drivers/fsl_clock.c:1237:10:CLOCK_GetUsb0ClkFreq	8	static
/home/nguyenhoangtrieu/embedded/NPX_Workspace/mcuxsdk/mcuxsdk/devices/MCX/MCXN/MCXN947/drivers/fsl_clock.c:1310:10:CLOCK_GetSctClkFreq	8	static
/home/nguyenhoangtrieu/embedded/NPX_Workspace/mcuxsdk/mcuxsdk/devices/MCX/MCXN/MCXN947/drivers/fsl_clock.c:1373:10:CLOCK_GetSincFilterClkFreq	8	static
/home/nguyenhoangtrieu/embedded/NPX_Workspace/mcuxsdk/mcuxsdk/devices/MCX/MCXN/MCXN947/drivers/fsl_clock.c:1408:10:CLOCK_GetDacClkFreq	8	static
/home/nguyenhoangtrieu/embedded/NPX_Workspace/mcuxsdk/mcuxsdk/devices/MCX/MCXN/MCXN947/drivers/fsl_clock.c:1441:10:CLOCK_GetFlexspiClkFreq	8	static
/home/nguyenhoangtrieu/embedded/NPX_Workspace/mcuxsdk/mcuxsdk/devices/MCX/MCXN/MCXN947/drivers/fsl_clock.c:1526:10:CLOCK_GetPllClkDivFreq	8	static
/home/nguyenhoangtrieu/embedded/NPX_Workspace/mcuxsdk/mcuxsdk/devices/MCX/MCXN/MCXN947/drivers/fsl_clock.c:1274:10:CLOCK_GetLPFlexCommClkFreq	8	static
/home/nguyenhoangtrieu/embedded/NPX_Workspace/mcuxsdk/mcuxsdk/devices/MCX/MCXN/MCXN947/drivers/fsl_clock.c:1576:10:CLOCK_GetI3cClkFreq	8	static
/home/nguyenhoangtrieu/embedded/NPX_Workspace/mcuxsdk/mcuxsdk/devices/MCX/MCXN/MCXN947/drivers/fsl_clock.c:1612:10:CLOCK_GetI3cSTCClkFreq	8	static
/home/nguyenhoangtrieu/embedded/NPX_Workspace/mcuxsdk/mcuxsdk/devices/MCX/MCXN/MCXN947/drivers/fsl_clock.c:1684:10:CLOCK_GetMicfilClkFreq	8	static
/home/nguyenhoangtrieu/embedded/NPX_Workspace/mcuxsdk/mcuxsdk/devices/MCX/MCXN/MCXN947/drivers/fsl_clock.c:1725:10:CLOCK_GetUsdhcClkFreq	8	static
/home/nguyenhoangtrieu/embedded/NPX_Workspace/mcuxsdk/mcuxsdk/devices/MCX/MCXN/MCXN947/drivers/fsl_clock.c:1760:10:CLOCK_GetFlexioClkFreq	8	static
/home/nguyenhoangtrieu/embedded/NPX_Workspace/mcuxsdk/mcuxsdk/devices/MCX/MCXN/MCXN947/drivers/fsl_clock.c:1795:10:CLOCK_GetFlexcanClkFreq	8	static
/home/nguyenhoangtrieu/embedded/NPX_Workspace/mcuxsdk/mcuxsdk/devices/MCX/MCXN/MCXN947/drivers/fsl_clock.c:1831:10:CLOCK_GetEnetRmiiClkFreq	8	static
/home/nguyenhoangtrieu/embedded/NPX_Workspace/mcuxsdk/mcuxsdk/devices/MCX/MCXN/MCXN947/drivers/fsl_clock.c:1858:10:CLOCK_GetEnetPtpRefClkFreq	8	static
/home/nguyenhoangtrieu/embedded/NPX_Workspace/mcuxsdk/mcuxsdk/devices/MCX/MCXN/MCXN947/drivers/fsl_clock.c:2000:10:CLOCK_GetCmpFClkFreq	8	static
/home/nguyenhoangtrieu/embedded/NPX_Workspace/mcuxsdk/mcuxsdk/devices/MCX/MCXN/MCXN947/drivers/fsl_clock.c:2040:10:CLOCK_GetCmpRRClkFreq	8	static
/home/nguyenhoangtrieu/embedded/NPX_Workspace/mcuxsdk/mcuxsdk/devices/MCX/MCXN/MCXN947/drivers/fsl_clock.c:2080:10:CLOCK_GetSaiClkFreq	8	static
/home/nguyenhoangtrieu/embedded/NPX_Workspace/mcuxsdk/mcuxsdk/devices/MCX/MCXN/MCXN947/drivers/fsl_clock.c:2176:10:CLOCK_GetEmvsimClkFreq	8	static
/home/nguyenhoangtrieu/embedded/NPX_Workspace/mcuxsdk/mcuxsdk/devices/MCX/MCXN/MCXN947/drivers/fsl_clock.c:2265:10:CLOCK_GetPLLOutFromSetup	24	static
/home/nguyenhoangtrieu/embedded/NPX_Workspace/mcuxsdk/mcuxsdk/devices/MCX/MCXN/MCXN947/drivers/fsl_clock.c:2293:13:CLOCK_SetupPLLData	56	static
/home/nguyenhoangtrieu/embedded/NPX_Workspace/mcuxsdk/mcuxsdk/devices/MCX/MCXN/MCXN947/drivers/fsl_clock.c:2344:13:CLOCK_SetPLL0Freq	8	static
/home/nguyenhoangtrieu/embedded/NPX_Workspace/mcuxsdk/mcuxsdk/devices/MCX/MCXN/MCXN947/drivers/fsl_clock.c:2402:13:CLOCK_SetPLL1Freq	8	static
/home/nguyenhoangtrieu/embedded/NPX_Workspace/mcuxsdk/mcuxsdk/devices/MCX/MCXN/MCXN947/drivers/fsl_clock.c:2452:6:CLOCK_EnableOstimer32kClock	0	static
/home/nguyenhoangtrieu/embedded/NPX_Workspace/mcuxsdk/mcuxsdk/devices/MCX/MCXN/MCXN947/drivers/fsl_clock.c:2552:10:CLOCK_GetMainClkFreq	16	static
/home/nguyenhoangtrieu/embedded/NPX_Workspace/mcuxsdk/mcuxsdk/devices/MCX/MCXN/MCXN947/drivers/fsl_clock.c:2604:17:CLOCK_GetSystickClkFreq	8	static
/home/nguyenhoangtrieu/embedded/NPX_Workspace/mcuxsdk/mcuxsdk/devices/MCX/MCXN/MCXN947/drivers/fsl_clock.c:2591:10:CLOCK_GetCoreSysClkFreq	16	static
/home/nguyenhoangtrieu/embedded/NPX_Workspace/mcuxsdk/mcuxsdk/devices/MCX/MCXN/MCXN947/drivers/fsl_clock.c:1054:10:CLOCK_GetFreq	8	static
/home/nguyenhoangtrieu/embedded/NPX_Workspace/mcuxsdk/mcuxsdk/devices/MCX/MCXN/MCXN947/drivers/fsl_clock.c:3210:6:CLOCK_EnableUsbfsClock	8	static
/home/nguyenhoangtrieu/embedded/NPX_Workspace/mcuxsdk/mcuxsdk/devices/MCX/MCXN/MCXN947/drivers/fsl_clock.c:3231:6:CLOCK_EnableUsbhsPhyPllClock	16	static
/home/nguyenhoangtrieu/embedded/NPX_Workspace/mcuxsdk/mcuxsdk/devices/MCX/MCXN/MCXN947/drivers/fsl_clock.c:3321:6:CLOCK_DisableUsbhsPhyPllClock	0	static
/home/nguyenhoangtrieu/embedded/NPX_Workspace/mcuxsdk/mcuxsdk/devices/MCX/MCXN/MCXN947/drivers/fsl_clock.c:3330:6:CLOCK_EnableUsbhsClock	0	static
/home/nguyenhoangtrieu/embedded/NPX_Workspace/mcuxsdk/mcuxsdk/devices/MCX/MCXN/MCXN947/drivers/fsl_clock.c:3345:10:CLOCK_FIRCAutoTrimWithSOF	16	static
