/home/nguyenhoangtrieu/embedded/NPX_Workspace/mcuxsdk/mcuxsdk/arch/arm/CMSIS/Core/Include/core_cm33.h:2358:22:__NVIC_EnableIRQ	16	static
/home/nguyenhoangtrieu/embedded/NPX_Workspace/mcuxsdk/mcuxsdk/arch/arm/CMSIS/Core/Include/core_cm33.h:2449:22:__NVIC_ClearPendingIRQ	16	static
/home/nguyenhoangtrieu/embedded/NPX_Workspace/mcuxsdk/mcuxsdk/devices/MCX/MCXN/MCXN947/drivers/fsl_clock.h:1496:20:CLOCK_EnableClock	24	static
/home/nguyenhoangtrieu/embedded/NPX_Workspace/mcuxsdk/mcuxsdk/devices/MCX/MCXN/MCXN947/drivers/fsl_clock.h:1530:20:CLOCK_DisableClock	24	static
/home/nguyenhoangtrieu/embedded/NPX_Workspace/mcuxsdk/mcuxsdk/devices/MCX/MCXN/MCXN947/drivers/fsl_reset.h:308:20:RESET_ReleasePeripheralReset	16	static
/home/nguyenhoangtrieu/embedded/NPX_Workspace/mcuxsdk/mcuxsdk/drivers/common/fsl_common_arm.h:753:24:EnableIRQ	24	static
/home/nguyenhoangtrieu/embedded/NPX_Workspace/mcuxsdk/mcuxsdk/drivers/flexio/fsl_flexio.h:428:20:FLEXIO_Enable	16	static
/home/nguyenhoangtrieu/embedded/NPX_Workspace/mcuxsdk/mcuxsdk/drivers/flexio/fsl_flexio.h:808:20:FLEXIO_ClearPortOutput	16	static
/home/nguyenhoangtrieu/embedded/NPX_Workspace/mcuxsdk/mcuxsdk/drivers/flexio/fsl_flexio.h:819:20:FLEXIO_SetPortOutput	16	static
/home/nguyenhoangtrieu/embedded/NPX_Workspace/mcuxsdk/mcuxsdk/drivers/flexio/fsl_flexio.h:844:20:FLEXIO_PinWrite	24	static
/home/nguyenhoangtrieu/embedded/NPX_Workspace/mcuxsdk/mcuxsdk/drivers/flexio/fsl_flexio.h:862:20:FLEXIO_EnablePinOutput	16	static
/home/nguyenhoangtrieu/embedded/NPX_Workspace/mcuxsdk/mcuxsdk/drivers/flexio/fsl_flexio.c:78:10:FLEXIO_GetInstance	24	static
/home/nguyenhoangtrieu/embedded/NPX_Workspace/mcuxsdk/mcuxsdk/drivers/flexio/fsl_flexio.c:123:6:FLEXIO_Init	24	static
/home/nguyenhoangtrieu/embedded/NPX_Workspace/mcuxsdk/mcuxsdk/drivers/flexio/fsl_flexio.c:162:6:FLEXIO_Deinit	16	static
/home/nguyenhoangtrieu/embedded/NPX_Workspace/mcuxsdk/mcuxsdk/drivers/flexio/fsl_flexio.c:182:6:FLEXIO_GetDefaultConfig	16	static
/home/nguyenhoangtrieu/embedded/NPX_Workspace/mcuxsdk/mcuxsdk/drivers/flexio/fsl_flexio.c:202:6:FLEXIO_Reset	16	static
/home/nguyenhoangtrieu/embedded/NPX_Workspace/mcuxsdk/mcuxsdk/drivers/flexio/fsl_flexio.c:217:10:FLEXIO_GetShifterBufferAddress	24	static
/home/nguyenhoangtrieu/embedded/NPX_Workspace/mcuxsdk/mcuxsdk/drivers/flexio/fsl_flexio.c:291:6:FLEXIO_SetShifterConfig	24	static
/home/nguyenhoangtrieu/embedded/NPX_Workspace/mcuxsdk/mcuxsdk/drivers/flexio/fsl_flexio.c:336:6:FLEXIO_SetTimerConfig	24	static
/home/nguyenhoangtrieu/embedded/NPX_Workspace/mcuxsdk/mcuxsdk/drivers/flexio/fsl_flexio.c:362:10:FLEXIO_RegisterHandleIRQ	32	static
/home/nguyenhoangtrieu/embedded/NPX_Workspace/mcuxsdk/mcuxsdk/drivers/flexio/fsl_flexio.c:400:10:FLEXIO_UnregisterHandleIRQ	24	static
/home/nguyenhoangtrieu/embedded/NPX_Workspace/mcuxsdk/mcuxsdk/drivers/flexio/fsl_flexio.c:429:13:FLEXIO_CommonIRQHandler	16	static
/home/nguyenhoangtrieu/embedded/NPX_Workspace/mcuxsdk/mcuxsdk/drivers/flexio/fsl_flexio.c:471:6:FLEXIO_SetPinConfig	32	static
/home/nguyenhoangtrieu/embedded/NPX_Workspace/mcuxsdk/mcuxsdk/drivers/flexio/fsl_flexio.c:515:6:FLEXIO_DriverIRQHandler	8	static
/home/nguyenhoangtrieu/embedded/NPX_Workspace/mcuxsdk/mcuxsdk/drivers/flexio/fsl_flexio.c:529:6:FLEXIO0_DriverIRQHandler	8	static
/home/nguyenhoangtrieu/embedded/NPX_Workspace/mcuxsdk/mcuxsdk/drivers/flexio/fsl_flexio.c:535:6:FLEXIO1_DriverIRQHandler	8	static
/home/nguyenhoangtrieu/embedded/NPX_Workspace/mcuxsdk/mcuxsdk/drivers/flexio/fsl_flexio.c:541:6:UART2_FLEXIO_DriverIRQHandler	8	static
/home/nguyenhoangtrieu/embedded/NPX_Workspace/mcuxsdk/mcuxsdk/drivers/flexio/fsl_flexio.c:547:6:FLEXIO2_DriverIRQHandler	8	static
/home/nguyenhoangtrieu/embedded/NPX_Workspace/mcuxsdk/mcuxsdk/drivers/flexio/fsl_flexio.c:553:6:FLEXIO3_DriverIRQHandler	8	static
/home/nguyenhoangtrieu/embedded/NPX_Workspace/mcuxsdk/mcuxsdk/drivers/flexio/fsl_flexio.c:559:6:FLEXIO_CommonDriverIRQHandler	24	static
