/home/nguyenhoangtrieu/embedded/NPX_Workspace/mcuxsdk/mcuxsdk/drivers/inputmux/fsl_inputmux.c:70:17:INPUTMUX_GetInstance.isra	8	static
/home/nguyenhoangtrieu/embedded/NPX_Workspace/mcuxsdk/mcuxsdk/drivers/inputmux/fsl_inputmux.c:98:6:INPUTMUX_Init	8	static
/home/nguyenhoangtrieu/embedded/NPX_Workspace/mcuxsdk/mcuxsdk/drivers/inputmux/fsl_inputmux.c:133:6:INPUTMUX_AttachSignal	0	static
/home/nguyenhoangtrieu/embedded/NPX_Workspace/mcuxsdk/mcuxsdk/drivers/inputmux/fsl_inputmux.c:158:6:INPUTMUX_EnableSignal	8	static
/home/nguyenhoangtrieu/embedded/NPX_Workspace/mcuxsdk/mcuxsdk/drivers/inputmux/fsl_inputmux.c:202:6:INPUTMUX_Deinit	8	static
