/home/nguyenhoangtrieu/embedded/NPX_Workspace/mcuxsdk/mcuxsdk/middleware/multicore/mcmgr/src/mcmgr.c:14:16:MCMGR_RegisterEvent	24	static
/home/nguyenhoangtrieu/embedded/NPX_Workspace/mcuxsdk/mcuxsdk/middleware/multicore/mcmgr/src/mcmgr.c:30:23:MCMGR_TriggerEventCommon	32	static
/home/nguyenhoangtrieu/embedded/NPX_Workspace/mcuxsdk/mcuxsdk/middleware/multicore/mcmgr/src/mcmgr.c:57:16:MCMGR_TriggerEvent	16	static
/home/nguyenhoangtrieu/embedded/NPX_Workspace/mcuxsdk/mcuxsdk/middleware/multicore/mcmgr/src/mcmgr.c:62:16:MCMGR_TriggerEventForce	16	static
/home/nguyenhoangtrieu/embedded/NPX_Workspace/mcuxsdk/mcuxsdk/middleware/multicore/mcmgr/src/mcmgr.c:67:13:MCMGR_StartupDataEventHandler	24	static
/home/nguyenhoangtrieu/embedded/NPX_Workspace/mcuxsdk/mcuxsdk/middleware/multicore/mcmgr/src/mcmgr.c:100:13:MCMGR_FeedStartupDataEventHandler	24	static
/home/nguyenhoangtrieu/embedded/NPX_Workspace/mcuxsdk/mcuxsdk/middleware/multicore/mcmgr/src/mcmgr.c:136:16:MCMGR_EarlyInit	4	static
/home/nguyenhoangtrieu/embedded/NPX_Workspace/mcuxsdk/mcuxsdk/middleware/multicore/mcmgr/src/mcmgr.c:142:16:MCMGR_Init	16	static
/home/nguyenhoangtrieu/embedded/NPX_Workspace/mcuxsdk/mcuxsdk/middleware/multicore/mcmgr/src/mcmgr.c:193:16:MCMGR_StartCore	32	static
/home/nguyenhoangtrieu/embedded/NPX_Workspace/mcuxsdk/mcuxsdk/middleware/multicore/mcmgr/src/mcmgr.c:228:16:MCMGR_GetStartupData	24	static
/home/nguyenhoangtrieu/embedded/NPX_Workspace/mcuxsdk/mcuxsdk/middleware/multicore/mcmgr/src/mcmgr.c:266:16:MCMGR_StopCore	16	static
/home/nguyenhoangtrieu/embedded/NPX_Workspace/mcuxsdk/mcuxsdk/middleware/multicore/mcmgr/src/mcmgr.c:275:9:MCMGR_GetVersion	4	static
/home/nguyenhoangtrieu/embedded/NPX_Workspace/mcuxsdk/mcuxsdk/middleware/multicore/mcmgr/src/mcmgr.c:280:16:MCMGR_GetCoreProperty	24	static
/home/nguyenhoangtrieu/embedded/NPX_Workspace/mcuxsdk/mcuxsdk/middleware/multicore/mcmgr/src/mcmgr.c:292:10:MCMGR_GetCoreCount	4	static
/home/nguyenhoangtrieu/embedded/NPX_Workspace/mcuxsdk/mcuxsdk/middleware/multicore/mcmgr/src/mcmgr.c:297:14:MCMGR_GetCurrentCore	8	static
/home/nguyenhoangtrieu/embedded/NPX_Workspace/mcuxsdk/mcuxsdk/middleware/multicore/mcmgr/src/mcmgr.c:302:16:MCMGR_ProcessDeferredRxIsr	4	static
