/home/nguyenhoangtrieu/embedded/NPX_Workspace/mcuxsdk/mcuxsdk/drivers/common/fsl_common_arm.h:983:24:DisableGlobalIRQ	16	static
/home/nguyenhoangtrieu/embedded/NPX_Workspace/mcuxsdk/mcuxsdk/drivers/common/fsl_common_arm.h:1009:20:EnableGlobalIRQ	24	static
/home/nguyenhoangtrieu/embedded/NPX_Workspace/mcuxsdk/mcuxsdk/components/osa/fsl_os_abstraction_bm.c:172:18:main_task	16	static
/home/nguyenhoangtrieu/embedded/NPX_Workspace/mcuxsdk/mcuxsdk/components/osa/fsl_os_abstraction_bm.c:202:7:OSA_MemoryAllocate	24	static
/home/nguyenhoangtrieu/embedded/NPX_Workspace/mcuxsdk/mcuxsdk/components/osa/fsl_os_abstraction_bm.c:220:6:OSA_MemoryFree	16	static
/home/nguyenhoangtrieu/embedded/NPX_Workspace/mcuxsdk/mcuxsdk/components/osa/fsl_os_abstraction_bm.c:225:7:OSA_MemoryAllocateAlign	32	static
/home/nguyenhoangtrieu/embedded/NPX_Workspace/mcuxsdk/mcuxsdk/components/osa/fsl_os_abstraction_bm.c:271:6:OSA_MemoryFreeAlign	24	static
/home/nguyenhoangtrieu/embedded/NPX_Workspace/mcuxsdk/mcuxsdk/components/osa/fsl_os_abstraction_bm.c:291:6:OSA_EnterCritical	16	static
/home/nguyenhoangtrieu/embedded/NPX_Workspace/mcuxsdk/mcuxsdk/components/osa/fsl_os_abstraction_bm.c:296:6:OSA_ExitCritical	16	static
/home/nguyenhoangtrieu/embedded/NPX_Workspace/mcuxsdk/mcuxsdk/components/osa/fsl_os_abstraction_bm.c:307:6:OSA_EnableIRQGlobal	8	static
/home/nguyenhoangtrieu/embedded/NPX_Workspace/mcuxsdk/mcuxsdk/components/osa/fsl_os_abstraction_bm.c:328:6:OSA_DisableIRQGlobal	8	static
/home/nguyenhoangtrieu/embedded/NPX_Workspace/mcuxsdk/mcuxsdk/components/osa/fsl_os_abstraction_bm.c:347:6:OSA_DisableScheduler	4	static
/home/nguyenhoangtrieu/embedded/NPX_Workspace/mcuxsdk/mcuxsdk/components/osa/fsl_os_abstraction_bm.c:359:6:OSA_EnableScheduler	4	static
/home/nguyenhoangtrieu/embedded/NPX_Workspace/mcuxsdk/mcuxsdk/components/osa/fsl_os_abstraction_bm.c:574:18:OSA_TimeInit	4	static
/home/nguyenhoangtrieu/embedded/NPX_Workspace/mcuxsdk/mcuxsdk/components/osa/fsl_os_abstraction_bm.c:591:22:OSA_TimeDiff	16	static
/home/nguyenhoangtrieu/embedded/NPX_Workspace/mcuxsdk/mcuxsdk/components/osa/fsl_os_abstraction_bm.c:609:6:OSA_TimeDelay	16	static
/home/nguyenhoangtrieu/embedded/NPX_Workspace/mcuxsdk/mcuxsdk/components/osa/fsl_os_abstraction_bm.c:631:22:OSA_TimeGetMsec	4	static
/home/nguyenhoangtrieu/embedded/NPX_Workspace/mcuxsdk/mcuxsdk/components/osa/fsl_os_abstraction_bm.c:648:14:OSA_SemaphorePrecreate	16	static
/home/nguyenhoangtrieu/embedded/NPX_Workspace/mcuxsdk/mcuxsdk/components/osa/fsl_os_abstraction_bm.c:663:14:OSA_SemaphoreCreate	24	static
/home/nguyenhoangtrieu/embedded/NPX_Workspace/mcuxsdk/mcuxsdk/components/osa/fsl_os_abstraction_bm.c:693:14:OSA_SemaphoreCreateBinary	24	static
/home/nguyenhoangtrieu/embedded/NPX_Workspace/mcuxsdk/mcuxsdk/components/osa/fsl_os_abstraction_bm.c:721:14:OSA_SemaphoreDestroy	24	static
/home/nguyenhoangtrieu/embedded/NPX_Workspace/mcuxsdk/mcuxsdk/components/osa/fsl_os_abstraction_bm.c:744:14:OSA_SemaphoreWait	24	static
/home/nguyenhoangtrieu/embedded/NPX_Workspace/mcuxsdk/mcuxsdk/components/osa/fsl_os_abstraction_bm.c:818:14:OSA_SemaphorePost	24	static
/home/nguyenhoangtrieu/embedded/NPX_Workspace/mcuxsdk/mcuxsdk/components/osa/fsl_os_abstraction_bm.c:854:14:OSA_MutexCreate	24	static
/home/nguyenhoangtrieu/embedded/NPX_Workspace/mcuxsdk/mcuxsdk/components/osa/fsl_os_abstraction_bm.c:883:14:OSA_MutexLock	24	static
/home/nguyenhoangtrieu/embedded/NPX_Workspace/mcuxsdk/mcuxsdk/components/osa/fsl_os_abstraction_bm.c:949:14:OSA_MutexUnlock	24	static
/home/nguyenhoangtrieu/embedded/NPX_Workspace/mcuxsdk/mcuxsdk/components/osa/fsl_os_abstraction_bm.c:967:14:OSA_MutexDestroy	24	static
/home/nguyenhoangtrieu/embedded/NPX_Workspace/mcuxsdk/mcuxsdk/components/osa/fsl_os_abstraction_bm.c:986:14:OSA_EventPrecreate	16	static
/home/nguyenhoangtrieu/embedded/NPX_Workspace/mcuxsdk/mcuxsdk/components/osa/fsl_os_abstraction_bm.c:1000:14:OSA_EventCreate	24	static
/home/nguyenhoangtrieu/embedded/NPX_Workspace/mcuxsdk/mcuxsdk/components/osa/fsl_os_abstraction_bm.c:1023:14:OSA_EventSet	24	static
/home/nguyenhoangtrieu/embedded/NPX_Workspace/mcuxsdk/mcuxsdk/components/osa/fsl_os_abstraction_bm.c:1048:14:OSA_EventClear	24	static
/home/nguyenhoangtrieu/embedded/NPX_Workspace/mcuxsdk/mcuxsdk/components/osa/fsl_os_abstraction_bm.c:1078:14:OSA_EventGet	32	static
/home/nguyenhoangtrieu/embedded/NPX_Workspace/mcuxsdk/mcuxsdk/components/osa/fsl_os_abstraction_bm.c:1110:14:OSA_EventWait	40	static
/home/nguyenhoangtrieu/embedded/NPX_Workspace/mcuxsdk/mcuxsdk/components/osa/fsl_os_abstraction_bm.c:1203:14:OSA_EventDestroy	24	static
/home/nguyenhoangtrieu/embedded/NPX_Workspace/mcuxsdk/mcuxsdk/components/osa/fsl_os_abstraction_bm.c:1222:14:OSA_MsgQCreate	32	static
/home/nguyenhoangtrieu/embedded/NPX_Workspace/mcuxsdk/mcuxsdk/components/osa/fsl_os_abstraction_bm.c:1244:14:OSA_MsgQPut	40	static
/home/nguyenhoangtrieu/embedded/NPX_Workspace/mcuxsdk/mcuxsdk/components/osa/fsl_os_abstraction_bm.c:1303:14:OSA_MsgQGet	48	static
/home/nguyenhoangtrieu/embedded/NPX_Workspace/mcuxsdk/mcuxsdk/components/osa/fsl_os_abstraction_bm.c:1394:5:OSA_MsgQAvailableMsgs	24	static
/home/nguyenhoangtrieu/embedded/NPX_Workspace/mcuxsdk/mcuxsdk/components/osa/fsl_os_abstraction_bm.c:1409:14:OSA_MsgQDestroy	24	static
/home/nguyenhoangtrieu/embedded/NPX_Workspace/mcuxsdk/mcuxsdk/components/osa/fsl_os_abstraction_bm.c:1427:6:OSA_InterruptEnable	8	static
/home/nguyenhoangtrieu/embedded/NPX_Workspace/mcuxsdk/mcuxsdk/components/osa/fsl_os_abstraction_bm.c:1437:6:OSA_InterruptDisable	8	static
/home/nguyenhoangtrieu/embedded/NPX_Workspace/mcuxsdk/mcuxsdk/components/osa/fsl_os_abstraction_bm.c:1448:6:OSA_InstallIntHandler	16	static
/home/nguyenhoangtrieu/embedded/NPX_Workspace/mcuxsdk/mcuxsdk/components/osa/fsl_os_abstraction_bm.c:1593:6:OSA_UpdateSysTickCounter	16	static
/home/nguyenhoangtrieu/embedded/NPX_Workspace/mcuxsdk/mcuxsdk/components/osa/fsl_os_abstraction_bm.c:1624:23:OSA_SemaphoreGetCount	16	static
