/home/nguyenhoangtrieu/embedded/NPX_Workspace/Camera_AI_Test1/firmware/camera_ai_demo/source/spi1_bus.c:126:13:SPI1_BUS_DmaCallback	0	static
/home/nguyenhoangtrieu/embedded/NPX_Workspace/Camera_AI_Test1/firmware/camera_ai_demo/source/spi1_bus.c:62:6:SPI1_BUS_CreateLock	8	static
/home/nguyenhoangtrieu/embedded/NPX_Workspace/Camera_AI_Test1/firmware/camera_ai_demo/source/spi1_bus.c:68:6:SPI1_BUS_Lock	0	static
/home/nguyenhoangtrieu/embedded/NPX_Workspace/Camera_AI_Test1/firmware/camera_ai_demo/source/spi1_bus.c:73:6:SPI1_BUS_Unlock	0	static
/home/nguyenhoangtrieu/embedded/NPX_Workspace/Camera_AI_Test1/firmware/camera_ai_demo/source/spi1_bus.c:84:6:SPI1_BUS_LockNoPreempt	8	static
/home/nguyenhoangtrieu/embedded/NPX_Workspace/Camera_AI_Test1/firmware/camera_ai_demo/source/spi1_bus.c:90:6:SPI1_BUS_UnlockNoPreempt	8	static
/home/nguyenhoangtrieu/embedded/NPX_Workspace/Camera_AI_Test1/firmware/camera_ai_demo/source/spi1_bus.c:135:6:SPI1_BUS_Init	136	static
/home/nguyenhoangtrieu/embedded/NPX_Workspace/Camera_AI_Test1/firmware/camera_ai_demo/source/spi1_bus.c:167:10:SPI1_BUS_SetBaudRate	24	static
/home/nguyenhoangtrieu/embedded/NPX_Workspace/Camera_AI_Test1/firmware/camera_ai_demo/source/spi1_bus.c:208:10:SPI1_BUS_GetSourceClockFreq	0	static
/home/nguyenhoangtrieu/embedded/NPX_Workspace/Camera_AI_Test1/firmware/camera_ai_demo/source/spi1_bus.c:213:10:SPI1_BUS_TransferBlocking	24	static
/home/nguyenhoangtrieu/embedded/NPX_Workspace/Camera_AI_Test1/firmware/camera_ai_demo/source/spi1_bus.c:233:10:SPI1_BUS_PrepareDMA	8	static
/home/nguyenhoangtrieu/embedded/NPX_Workspace/Camera_AI_Test1/firmware/camera_ai_demo/source/spi1_bus.c:266:10:SPI1_BUS_TransferBytesDMA	32	static
