Archive member included to satisfy reference by file (symbol)

/usr/lib/gcc/arm-none-eabi/14.2.1/../../../arm-none-eabi/lib/thumb/v8-m.main+fp/hard/libc_nano.a(libc_a-fini.o)
                              /usr/lib/gcc/arm-none-eabi/14.2.1/../../../arm-none-eabi/lib/thumb/v8-m.main+fp/hard/crt0.o (__libc_fini_array)
/usr/lib/gcc/arm-none-eabi/14.2.1/../../../arm-none-eabi/lib/thumb/v8-m.main+fp/hard/libc_nano.a(libc_a-strtoul.o)
                              CMakeFiles/camera_ai_demo_cm33_core0.dir/home/nguyenhoangtrieu/embedded/NPX_Workspace/mcuxsdk/mcuxsdk/components/str/fsl_str.c.obj (strtoul)
/usr/lib/gcc/arm-none-eabi/14.2.1/../../../arm-none-eabi/lib/thumb/v8-m.main+fp/hard/libc_nano.a(libc_a-malloc.o)
                              CMakeFiles/camera_ai_demo_cm33_core0.dir/home/nguyenhoangtrieu/embedded/NPX_Workspace/mcuxsdk/mcuxsdk/drivers/common/fsl_common.c.obj (malloc)
/usr/lib/gcc/arm-none-eabi/14.2.1/../../../arm-none-eabi/lib/thumb/v8-m.main+fp/hard/libc_nano.a(libc_a-ctype_.o)
                              /usr/lib/gcc/arm-none-eabi/14.2.1/../../../arm-none-eabi/lib/thumb/v8-m.main+fp/hard/libc_nano.a(libc_a-strtoul.o) (_ctype_)
/usr/lib/gcc/arm-none-eabi/14.2.1/../../../arm-none-eabi/lib/thumb/v8-m.main+fp/hard/libc_nano.a(libc_a-strlen-stub.o)
                              CMakeFiles/camera_ai_demo_cm33_core0.dir/home/nguyenhoangtrieu/embedded/NPX_Workspace/mcuxsdk/mcuxsdk/components/debug_console_lite/fsl_debug_console.c.obj (strlen)
/usr/lib/gcc/arm-none-eabi/14.2.1/../../../arm-none-eabi/lib/thumb/v8-m.main+fp/hard/libc_nano.a(libc_a-errno.o)
                              CMakeFiles/camera_ai_demo_cm33_core0.dir/home/nguyenhoangtrieu/embedded/NPX_Workspace/mcuxsdk/mcuxsdk/components/misc_utilities/fsl_syscall_stub.c.obj (__errno)
/usr/lib/gcc/arm-none-eabi/14.2.1/../../../arm-none-eabi/lib/thumb/v8-m.main+fp/hard/libc_nano.a(libc_a-exit.o)
                              /usr/lib/gcc/arm-none-eabi/14.2.1/../../../arm-none-eabi/lib/thumb/v8-m.main+fp/hard/crt0.o (exit)
/usr/lib/gcc/arm-none-eabi/14.2.1/../../../arm-none-eabi/lib/thumb/v8-m.main+fp/hard/libc_nano.a(libc_a-atexit.o)
                              /usr/lib/gcc/arm-none-eabi/14.2.1/../../../arm-none-eabi/lib/thumb/v8-m.main+fp/hard/crt0.o (atexit)
/usr/lib/gcc/arm-none-eabi/14.2.1/../../../arm-none-eabi/lib/thumb/v8-m.main+fp/hard/libc_nano.a(libc_a-init.o)
                              /usr/lib/gcc/arm-none-eabi/14.2.1/../../../arm-none-eabi/lib/thumb/v8-m.main+fp/hard/crt0.o (__libc_init_array)
/usr/lib/gcc/arm-none-eabi/14.2.1/../../../arm-none-eabi/lib/thumb/v8-m.main+fp/hard/libc_nano.a(libc_a-impure.o)
                              /usr/lib/gcc/arm-none-eabi/14.2.1/../../../arm-none-eabi/lib/thumb/v8-m.main+fp/hard/libc_nano.a(libc_a-strtoul.o) (_impure_ptr)
/usr/lib/gcc/arm-none-eabi/14.2.1/../../../arm-none-eabi/lib/thumb/v8-m.main+fp/hard/libc_nano.a(libc_a-findfp.o)
                              /usr/lib/gcc/arm-none-eabi/14.2.1/../../../arm-none-eabi/lib/thumb/v8-m.main+fp/hard/libc_nano.a(libc_a-exit.o) (__stdio_exit_handler)
/usr/lib/gcc/arm-none-eabi/14.2.1/../../../arm-none-eabi/lib/thumb/v8-m.main+fp/hard/libc_nano.a(libc_a-fflush.o)
                              /usr/lib/gcc/arm-none-eabi/14.2.1/../../../arm-none-eabi/lib/thumb/v8-m.main+fp/hard/libc_nano.a(libc_a-findfp.o) (_fflush_r)
/usr/lib/gcc/arm-none-eabi/14.2.1/../../../arm-none-eabi/lib/thumb/v8-m.main+fp/hard/libc_nano.a(libc_a-fwalk.o)
                              /usr/lib/gcc/arm-none-eabi/14.2.1/../../../arm-none-eabi/lib/thumb/v8-m.main+fp/hard/libc_nano.a(libc_a-findfp.o) (_fwalk_sglue)
/usr/lib/gcc/arm-none-eabi/14.2.1/../../../arm-none-eabi/lib/thumb/v8-m.main+fp/hard/libc_nano.a(libc_a-stdio.o)
                              /usr/lib/gcc/arm-none-eabi/14.2.1/../../../arm-none-eabi/lib/thumb/v8-m.main+fp/hard/libc_nano.a(libc_a-findfp.o) (__sread)
/usr/lib/gcc/arm-none-eabi/14.2.1/../../../arm-none-eabi/lib/thumb/v8-m.main+fp/hard/libc_nano.a(libc_a-mallocr.o)
                              /usr/lib/gcc/arm-none-eabi/14.2.1/../../../arm-none-eabi/lib/thumb/v8-m.main+fp/hard/libc_nano.a(libc_a-malloc.o) (_malloc_r)
/usr/lib/gcc/arm-none-eabi/14.2.1/../../../arm-none-eabi/lib/thumb/v8-m.main+fp/hard/libc_nano.a(libc_a-readr.o)
                              /usr/lib/gcc/arm-none-eabi/14.2.1/../../../arm-none-eabi/lib/thumb/v8-m.main+fp/hard/libc_nano.a(libc_a-stdio.o) (_read_r)
/usr/lib/gcc/arm-none-eabi/14.2.1/../../../arm-none-eabi/lib/thumb/v8-m.main+fp/hard/libc_nano.a(libc_a-freer.o)
                              /usr/lib/gcc/arm-none-eabi/14.2.1/../../../arm-none-eabi/lib/thumb/v8-m.main+fp/hard/libc_nano.a(libc_a-malloc.o) (_free_r)
/usr/lib/gcc/arm-none-eabi/14.2.1/../../../arm-none-eabi/lib/thumb/v8-m.main+fp/hard/libc_nano.a(libc_a-closer.o)
                              /usr/lib/gcc/arm-none-eabi/14.2.1/../../../arm-none-eabi/lib/thumb/v8-m.main+fp/hard/libc_nano.a(libc_a-stdio.o) (_close_r)
[...]
Memory Configuration

Name             Origin             Length             Attributes
m_interrupts     0x00000000         0x00000400         xr
m_text           0x00000400         0x000bfc00         xr
m_core1_image    0x000c0000         0x00040000         xr
m_data           0x20000000         0x00024000         rw
m_shared         0x20024000         0x0002a000         rw
rpmsg_sh_mem     0x2004e000         0x00000000         rw
m_flash1         0x00100000         0x00100000         xr
m_sramx          0x04000000         0x00018000         rw
m_flash_config   0x80000400         0x00000400         xr
m_usb_sram       0x400ba000         0x00001000         rw
*default*        0x00000000         0xffffffff

Linker script and memory map

LOAD /usr/lib/gcc/arm-none-eabi/14.2.1/thumb/v8-m.main+fp/hard/crti.o
LOAD /usr/lib/gcc/arm-none-eabi/14.2.1/thumb/v8-m.main+fp/hard/crtbegin.o
LOAD /usr/lib/gcc/arm-none-eabi/14.2.1/../../../arm-none-eabi/lib/thumb/v8-m.main+fp/hard/crt0.o
LOAD CMakeFiles/camera_ai_demo_cm33_core0.dir/home/nguyenhoangtrieu/embedded/NPX_Workspace/mcuxsdk/mcuxsdk/devices/MCX/MCXN/MCXN947/system_MCXN947_cm33_core0.c.obj
LOAD CMakeFiles/camera_ai_demo_cm33_core0.dir/home/nguyenhoangtrieu/embedded/NPX_Workspace/mcuxsdk/mcuxsdk/devices/MCX/MCXN/MCXN947/gcc/startup_MCXN947_cm33_core0.S.obj
LOAD CMakeFiles/camera_ai_demo_cm33_core0.dir/home/nguyenhoangtrieu/embedded/NPX_Workspace/mcuxsdk/mcuxsdk/devices/MCX/MCXN/MCXN947/drivers/fsl_clock.c.obj
LOAD CMakeFiles/camera_ai_demo_cm33_core0.dir/home/nguyenhoangtrieu/embedded/NPX_Workspace/mcuxsdk/mcuxsdk/devices/MCX/MCXN/MCXN947/drivers/fsl_edma_soc.c.obj
LOAD CMakeFiles/camera_ai_demo_cm33_core0.dir/home/nguyenhoangtrieu/embedded/NPX_Workspace/mcuxsdk/mcuxsdk/devices/MCX/MCXN/MCXN947/drivers/fsl_reset.c.obj
LOAD CMakeFiles/camera_ai_demo_cm33_core0.dir/home/nguyenhoangtrieu/embedded/NPX_Workspace/mcuxsdk/mcuxsdk/examples/_boards/frdmmcxn947/board.c.obj
LOAD CMakeFiles/camera_ai_demo_cm33_core0.dir/home/nguyenhoangtrieu/embedded/NPX_Workspace/mcuxsdk/mcuxsdk/examples/_boards/frdmmcxn947/clock_config.c.obj
LOAD CMakeFiles/camera_ai_demo_cm33_core0.dir/board_port/pin_mux.c.obj
LOAD CMakeFiles/camera_ai_demo_cm33_core0.dir/board_port/cm33_core0/hardware_init.c.obj
LOAD CMakeFiles/camera_ai_demo_cm33_core0.dir/home/nguyenhoangtrieu/embedded/NPX_Workspace/mcuxsdk/mcuxsdk/drivers/common/fsl_common.c.obj
LOAD CMakeFiles/camera_ai_demo_cm33_core0.dir/home/nguyenhoangtrieu/embedded/NPX_Workspace/mcuxsdk/mcuxsdk/drivers/common/fsl_common_arm.c.obj
LOAD CMakeFiles/camera_ai_demo_cm33_core0.dir/home/nguyenhoangtrieu/embedded/NPX_Workspace/mcuxsdk/mcuxsdk/drivers/edma4/fsl_edma.c.obj
LOAD CMakeFiles/camera_ai_demo_cm33_core0.dir/home/nguyenhoangtrieu/embedded/NPX_Workspace/mcuxsdk/mcuxsdk/drivers/flexio/fsl_flexio.c.obj
LOAD CMakeFiles/camera_ai_demo_cm33_core0.dir/home/nguyenhoangtrieu/embedded/NPX_Workspace/mcuxsdk/mcuxsdk/drivers/gpio/fsl_gpio.c.obj
LOAD CMakeFiles/camera_ai_demo_cm33_core0.dir/home/nguyenhoangtrieu/embedded/NPX_Workspace/mcuxsdk/mcuxsdk/drivers/inputmux/fsl_inputmux.c.obj
LOAD CMakeFiles/camera_ai_demo_cm33_core0.dir/home/nguyenhoangtrieu/embedded/NPX_Workspace/mcuxsdk/mcuxsdk/drivers/lpflexcomm/fsl_lpflexcomm.c.obj
LOAD CMakeFiles/camera_ai_demo_cm33_core0.dir/home/nguyenhoangtrieu/embedded/NPX_Workspace/mcuxsdk/mcuxsdk/drivers/mcx_spc/fsl_spc.c.obj
LOAD CMakeFiles/camera_ai_demo_cm33_core0.dir/home/nguyenhoangtrieu/embedded/NPX_Workspace/mcuxsdk/mcuxsdk/drivers/smartdma/fsl_smartdma.c.obj
LOAD CMakeFiles/camera_ai_demo_cm33_core0.dir/home/nguyenhoangtrieu/embedded/NPX_Workspace/mcuxsdk/mcuxsdk/drivers/smartdma/mcxn/fsl_smartdma_fw.c.obj
LOAD CMakeFiles/camera_ai_demo_cm33_core0.dir/home/nguyenhoangtrieu/embedded/NPX_Workspace/mcuxsdk/mcuxsdk/drivers/flexio/mculcd/fsl_flexio_mculcd.c.obj
LOAD CMakeFiles/camera_ai_demo_cm33_core0.dir/home/nguyenhoangtrieu/embedded/NPX_Workspace/mcuxsdk/mcuxsdk/drivers/lpflexcomm/lpi2c/fsl_lpi2c.c.obj
LOAD CMakeFiles/camera_ai_demo_cm33_core0.dir/home/nguyenhoangtrieu/embedded/NPX_Workspace/mcuxsdk/mcuxsdk/drivers/lpflexcomm/lpspi/fsl_lpspi.c.obj
LOAD CMakeFiles/camera_ai_demo_cm33_core0.dir/home/nguyenhoangtrieu/embedded/NPX_Workspace/mcuxsdk/mcuxsdk/drivers/lpflexcomm/lpspi/fsl_lpspi_edma.c.obj
LOAD CMakeFiles/camera_ai_demo_cm33_core0.dir/home/nguyenhoangtrieu/embedded/NPX_Workspace/mcuxsdk/mcuxsdk/drivers/lpflexcomm/lpuart/fsl_lpuart.c.obj
LOAD CMakeFiles/camera_ai_demo_cm33_core0.dir/home/nguyenhoangtrieu/embedded/NPX_Workspace/mcuxsdk/mcuxsdk/components/assert/fsl_assert.c.obj
LOAD CMakeFiles/camera_ai_demo_cm33_core0.dir/home/nguyenhoangtrieu/embedded/NPX_Workspace/mcuxsdk/mcuxsdk/components/debug_console_lite/fsl_debug_console.c.obj
LOAD CMakeFiles/camera_ai_demo_cm33_core0.dir/home/nguyenhoangtrieu/embedded/NPX_Workspace/mcuxsdk/mcuxsdk/components/lists/fsl_component_generic_list.c.obj
LOAD CMakeFiles/camera_ai_demo_cm33_core0.dir/home/nguyenhoangtrieu/embedded/NPX_Workspace/mcuxsdk/mcuxsdk/components/misc_utilities/fsl_syscall_stub.c.obj
LOAD CMakeFiles/camera_ai_demo_cm33_core0.dir/home/nguyenhoangtrieu/embedded/NPX_Workspace/mcuxsdk/mcuxsdk/components/misc_utilities/fsl_sbrk.c.obj
LOAD CMakeFiles/camera_ai_demo_cm33_core0.dir/home/nguyenhoangtrieu/embedded/NPX_Workspace/mcuxsdk/mcuxsdk/components/misc_utilities/fsl_memcpy.S.obj
LOAD CMakeFiles/camera_ai_demo_cm33_core0.dir/home/nguyenhoangtrieu/embedded/NPX_Workspace/mcuxsdk/mcuxsdk/components/misc_utilities/fsl_memset.S.obj
LOAD CMakeFiles/camera_ai_demo_cm33_core0.dir/home/nguyenhoangtrieu/embedded/NPX_Workspace/mcuxsdk/mcuxsdk/components/osa/fsl_os_abstraction_bm.c.obj
LOAD CMakeFiles/camera_ai_demo_cm33_core0.dir/home/nguyenhoangtrieu/embedded/NPX_Workspace/mcuxsdk/mcuxsdk/components/str/fsl_str.c.obj
LOAD CMakeFiles/camera_ai_demo_cm33_core0.dir/home/nguyenhoangtrieu/embedded/NPX_Workspace/mcuxsdk/mcuxsdk/components/uart/fsl_adapter_lpuart.c.obj
LOAD CMakeFiles/camera_ai_demo_cm33_core0.dir/home/nguyenhoangtrieu/embedded/NPX_Workspace/mcuxsdk/mcuxsdk/components/video/fsl_video_common.c.obj
LOAD CMakeFiles/camera_ai_demo_cm33_core0.dir/home/nguyenhoangtrieu/embedded/NPX_Workspace/mcuxsdk/mcuxsdk/components/video/camera/device/sccb/fsl_sccb.c.obj
LOAD CMakeFiles/camera_ai_demo_cm33_core0.dir/home/nguyenhoangtrieu/embedded/NPX_Workspace/mcuxsdk/mcuxsdk/components/video/camera/device/ov7670/fsl_ov7670.c.obj
LOAD CMakeFiles/camera_ai_demo_cm33_core0.dir/home/nguyenhoangtrieu/embedded/NPX_Workspace/mcuxsdk/mcuxsdk/middleware/usb/device/usb_device_khci.c.obj
LOAD CMakeFiles/camera_ai_demo_cm33_core0.dir/home/nguyenhoangtrieu/embedded/NPX_Workspace/mcuxsdk/mcuxsdk/middleware/usb/device/usb_device_ehci.c.obj
LOAD CMakeFiles/camera_ai_demo_cm33_core0.dir/home/nguyenhoangtrieu/embedded/NPX_Workspace/mcuxsdk/mcuxsdk/middleware/usb/device/usb_device_dci.c.obj
LOAD CMakeFiles/camera_ai_demo_cm33_core0.dir/home/nguyenhoangtrieu/embedded/NPX_Workspace/mcuxsdk/mcuxsdk/middleware/usb/device/usb_device_ch9.c.obj
LOAD CMakeFiles/camera_ai_demo_cm33_core0.dir/home/nguyenhoangtrieu/embedded/NPX_Workspace/mcuxsdk/mcuxsdk/middleware/usb/device/class/usb_device_class.c.obj
LOAD CMakeFiles/camera_ai_demo_cm33_core0.dir/home/nguyenhoangtrieu/embedded/NPX_Workspace/mcuxsdk/mcuxsdk/middleware/usb/device/class/usb_device_video.c.obj
LOAD CMakeFiles/camera_ai_demo_cm33_core0.dir/home/nguyenhoangtrieu/embedded/NPX_Workspace/mcuxsdk/mcuxsdk/middleware/usb/phy/usb_phy.c.obj
LOAD CMakeFiles/camera_ai_demo_cm33_core0.dir/home/nguyenhoangtrieu/embedded/NPX_Workspace/mcuxsdk/mcuxsdk/middleware/multicore/mcmgr/src/mcmgr.c.obj
LOAD CMakeFiles/camera_ai_demo_cm33_core0.dir/home/nguyenhoangtrieu/embedded/NPX_Workspace/mcuxsdk/mcuxsdk/middleware/multicore/mcmgr/src/mcmgr_internal_core_api_mcxnx4x.c.obj
LOAD CMakeFiles/camera_ai_demo_cm33_core0.dir/home/nguyenhoangtrieu/embedded/NPX_Workspace/mcuxsdk/mcuxsdk/rtos/freertos/freertos-kernel-upstream/tasks.c.obj
LOAD CMakeFiles/camera_ai_demo_cm33_core0.dir/home/nguyenhoangtrieu/embedded/NPX_Workspace/mcuxsdk/mcuxsdk/rtos/freertos/freertos-kernel-upstream/list.c.obj
LOAD CMakeFiles/camera_ai_demo_cm33_core0.dir/home/nguyenhoangtrieu/embedded/NPX_Workspace/mcuxsdk/mcuxsdk/rtos/freertos/freertos-kernel-upstream/queue.c.obj
LOAD CMakeFiles/camera_ai_demo_cm33_core0.dir/home/nguyenhoangtrieu/embedded/NPX_Workspace/mcuxsdk/mcuxsdk/rtos/freertos/freertos-kernel-upstream/portable/GCC/ARM_CM33_NTZ/non_secure/port.c.obj
LOAD CMakeFiles/camera_ai_demo_cm33_core0.dir/home/nguyenhoangtrieu/embedded/NPX_Workspace/mcuxsdk/mcuxsdk/rtos/freertos/freertos-kernel-upstream/portable/GCC/ARM_CM33_NTZ/non_secure/portasm.c.obj
LOAD CMakeFiles/camera_ai_demo_cm33_core0.dir/home/nguyenhoangtrieu/embedded/NPX_Workspace/mcuxsdk/mcuxsdk/rtos/freertos/freertos-kernel-upstream/portable/GCC/ARM_CM33_NTZ/non_secure/mpu_wrappers_v2_asm.c.obj
LOAD CMakeFiles/camera_ai_demo_cm33_core0.dir/home/nguyenhoangtrieu/embedded/NPX_Workspace/mcuxsdk/mcuxsdk/rtos/freertos/freertos-kernel-upstream/portable/MemMang/heap_4.c.obj
LOAD CMakeFiles/camera_ai_demo_cm33_core0.dir/source/shared/ipc_events.c.obj
LOAD CMakeFiles/camera_ai_demo_cm33_core0.dir/source/shared/freertos_hooks.c.obj
LOAD CMakeFiles/camera_ai_demo_cm33_core0.dir/home/nguyenhoangtrieu/embedded/NPX_Workspace/mcuxsdk/mcuxsdk/components/misc_utilities/fsl_incbin.S.obj
LOAD CMakeFiles/camera_ai_demo_cm33_core0.dir/source/main_core0.c.obj
START GROUP
LOAD /usr/lib/gcc/arm-none-eabi/14.2.1/../../../arm-none-eabi/lib/thumb/v8-m.main+fp/hard/libm.a
LOAD /usr/lib/gcc/arm-none-eabi/14.2.1/../../../arm-none-eabi/lib/thumb/v8-m.main+fp/hard/libc_nano.a
LOAD /usr/lib/gcc/arm-none-eabi/14.2.1/thumb/v8-m.main+fp/hard/libgcc.a
LOAD /usr/lib/gcc/arm-none-eabi/14.2.1/../../../arm-none-eabi/lib/thumb/v8-m.main+fp/hard/libnosys.a
END GROUP
START GROUP
LOAD /usr/lib/gcc/arm-none-eabi/14.2.1/thumb/v8-m.main+fp/hard/libgcc.a
LOAD /usr/lib/gcc/arm-none-eabi/14.2.1/../../../arm-none-eabi/lib/thumb/v8-m.main+fp/hard/libg_nano.a
LOAD /usr/lib/gcc/arm-none-eabi/14.2.1/../../../arm-none-eabi/lib/thumb/v8-m.main+fp/hard/libc_nano.a
END GROUP
START GROUP
LOAD /usr/lib/gcc/arm-none-eabi/14.2.1/thumb/v8-m.main+fp/hard/libgcc.a
LOAD /usr/lib/gcc/arm-none-eabi/14.2.1/../../../arm-none-eabi/lib/thumb/v8-m.main+fp/hard/libc_nano.a
LOAD /usr/lib/gcc/arm-none-eabi/14.2.1/../../../arm-none-eabi/lib/thumb/v8-m.main+fp/hard/libnosys.a
END GROUP
START GROUP
LOAD /usr/lib/gcc/arm-none-eabi/14.2.1/thumb/v8-m.main+fp/hard/libgcc.a
LOAD /usr/lib/gcc/arm-none-eabi/14.2.1/../../../arm-none-eabi/lib/thumb/v8-m.main+fp/hard/libc_nano.a
LOAD /usr/lib/gcc/arm-none-eabi/14.2.1/../../../arm-none-eabi/lib/thumb/v8-m.main+fp/hard/libnosys.a
END GROUP
LOAD /usr/lib/gcc/arm-none-eabi/14.2.1/thumb/v8-m.main+fp/hard/crtend.o
LOAD /usr/lib/gcc/arm-none-eabi/14.2.1/thumb/v8-m.main+fp/hard/crtn.o
                0x00000400                        HEAP_SIZE = DEFINED (__heap_size__)?__heap_size__:0x400
                0x00000800                        STACK_SIZE = DEFINED (__stack_size__)?__stack_size__:0x800
                0x00000000                        RPMSG_SHMEM_SIZE = DEFINED (__use_shmem__)?0x2000:0x0
                0x00000000                        TEXT_START = DEFINED (__qspi_xip__)?0x80001000:0x0
                0x000c0000                        TEXT_SIZE = DEFINED (__qspi_xip__)?0xffff000:0xc0000

.core1_code     0x000c0000     0xd404
                0x000c0000                        . = ALIGN (0x4)
 *(.core1_code)
 .core1_code    0x000c0000     0xd404 CMakeFiles/camera_ai_demo_cm33_core0.dir/home/nguyenhoangtrieu/embedded/NPX_Workspace/mcuxsdk/mcuxsdk/components/misc_utilities/fsl_incbin.S.obj
                0x000c0000                core1_image_start
                0x000cd3f8                core1_image_end
                0x000cd400                core1_image_size
 *(.core1_code*)
                0x000cd404                        . = ALIGN (0x4)

.shared_mem     0x20024000        0x0
                0x20024000                        . = ALIGN (0x8)
                0x20024000                        __SHARED_MEM_START__ = .
 *(.shared_mem)
                0x20024000                        . = ALIGN (0x8)
                0x20024000                        __SHARED_MEM_END__ = .

.noinit_rpmsg_sh_mem
                0x2004e000        0x0
                0x2004e000                        __RPMSG_SH_MEM_START__ = .
 *(.noinit.$rpmsg_sh_mem*)
                0x2004e000                        . = ALIGN (0x4)
                0x2004e000                        __RPMSG_SH_MEM_END__ = .

.flash_config   0x80000400        0x0
                0x80000400                        . = ALIGN (0x4)
                0x80000400                        __FLASH_BASE = .
 *(.flexspi_fcb)
                0x80000400                        . = ALIGN (0x4)

.interrupts     0x00000000      0x2b0
                0x00000000                        . = ALIGN (0x4)
 *(.isr_vector)
 .isr_vector    0x00000000      0x2b0 CMakeFiles/camera_ai_demo_cm33_core0.dir/home/nguyenhoangtrieu/embedded/NPX_Workspace/mcuxsdk/mcuxsdk/devices/MCX/MCXN/MCXN947/gcc/startup_MCXN947_cm33_core0.S.obj
                0x00000000                __Vectors
                0x000002b0                        . = ALIGN (0x4)

.text           0x00000400     0x7afc
                0x00000400                        . = ALIGN (0x4)
 *(.text)
 .text          0x00000400       0x8c /usr/lib/gcc/arm-none-eabi/14.2.1/thumb/v8-m.main+fp/hard/crtbegin.o
 .text          0x0000048c       0x70 /usr/lib/gcc/arm-none-eabi/14.2.1/../../../arm-none-eabi/lib/thumb/v8-m.main+fp/hard/crt0.o
                0x0000048c                _stack_init
                0x00000494                _mainCRTStartup
                0x00000494                _start
 .text          0x000004fc      0x5a0 CMakeFiles/camera_ai_demo_cm33_core0.dir/home/nguyenhoangtrieu/embedded/NPX_Workspace/mcuxsdk/mcuxsdk/devices/MCX/MCXN/MCXN947/gcc/startup_MCXN947_cm33_core0.S.obj
                0x000004fc                Reset_Handler
                0x00000590                HSCMP1_DriverIRQHandler
                0x00000590                PINT0_DriverIRQHandler
                0x00000590                WWDT1_DriverIRQHandler
                0x00000590                DebugMon_Handler
                0x00000590                EMVSIM0_DriverIRQHandler
                0x00000590                I3C0_DriverIRQHandler
                0x00000590                USB0_FS_DriverIRQHandler
                0x00000590                PKC_ERR_DriverIRQHandler
                0x00000590                QDC1_HOME_DriverIRQHandler
                0x00000590                SCG_DriverIRQHandler
                0x00000590                CMC0_DriverIRQHandler
                0x00000590                LPTMR0_DriverIRQHandler
                0x00000590                FLEXPWM1_SUBMODULE1_DriverIRQHandler
                0x00000590                FLEXPWM0_SUBMODULE1_DriverIRQHandler
                0x00000590                FLEXPWM0_RELOAD_ERROR_DriverIRQHandler
                0x00000590                QDC0_HOME_DriverIRQHandler
                0x00000590                Reserved167_DriverIRQHandler
                0x00000590                SEC_VIO_DriverIRQHandler
                0x00000590                ERM_MULTI_BIT_ERROR_DriverIRQHandler
                0x00000590                GPIO31_DriverIRQHandler
                0x00000590                EWM0_DriverIRQHandler
                0x00000590                PKC_DriverIRQHandler
                0x00000590                USB1_HS_PHY_DriverIRQHandler
                0x00000590                QDC0_IDX_DriverIRQHandler
                0x00000590                ELS_DriverIRQHandler
                0x00000590                Reserved166_DriverIRQHandler
                0x00000590                ETHERNET_DriverIRQHandler
                0x00000590                QDC1_IDX_DriverIRQHandler
                0x00000590                FLEXPWM1_SUBMODULE3_DriverIRQHandler
                0x00000590                DAC1_DriverIRQHandler
                0x00000590                CTIMER2_DriverIRQHandler
                0x00000590                UsageFault_Handler
                0x00000590                ITRC0_DriverIRQHandler
                0x00000590                ETB0_DriverIRQHandler
                0x00000590                Freqme_DriverIRQHandler
                0x00000590                Reserved80_DriverIRQHandler
                0x00000590                DefaultISR
                0x00000590                ELS_ERR_DriverIRQHandler
                0x00000590                DAC0_DriverIRQHandler
                0x00000590                MRT0_DriverIRQHandler
                0x00000590                UTICK0_DriverIRQHandler
                0x00000590                FLEXPWM0_SUBMODULE2_DriverIRQHandler
                0x00000590                GPIO01_DriverIRQHandler
                0x00000590                WWDT0_DriverIRQHandler
                0x00000590                USDHC0_DriverIRQHandler
                0x00000590                GPIO00_DriverIRQHandler
                0x00000590                GPIO11_DriverIRQHandler
                0x00000590                CTIMER4_DriverIRQHandler
                0x00000590                BSP32_DriverIRQHandler
                0x00000590                FLEXPWM0_FAULT_DriverIRQHandler
                0x00000590                SAI1_DriverIRQHandler
                0x00000590                ERM_SINGLE_BIT_ERROR_DriverIRQHandler
                0x00000590                GPIO21_DriverIRQHandler
                0x00000590                FLEXPWM1_FAULT_DriverIRQHandler
                0x00000590                GPIO30_DriverIRQHandler
                0x00000590                CTIMER0_DriverIRQHandler
                0x00000590                CTIMER1_DriverIRQHandler
                0x00000590                QDC0_COMPARE_DriverIRQHandler
                0x00000590                SecureFault_Handler
                0x00000590                ADC1_DriverIRQHandler
                0x00000590                PQ_DriverIRQHandler
                0x00000590                ETHERNET_MACLP_DriverIRQHandler
                0x00000590                USB0_DCD_DriverIRQHandler
                0x00000590                MAILBOX_DriverIRQHandler
                0x00000590                WUU_DriverIRQHandler
                0x00000590                CTIMER3_DriverIRQHandler
                0x00000590                FLEXPWM1_SUBMODULE0_DriverIRQHandler
                0x00000590                CDOG1_DriverIRQHandler
                0x00000590                TSI_OUT_OF_SCAN_DriverIRQHandler
                0x00000590                PUF_DriverIRQHandler
                0x00000590                SPC_DriverIRQHandler
                0x00000590                RTC_DriverIRQHandler
                0x00000590                VBAT0_DriverIRQHandler
                0x00000590                Reserved65_DriverIRQHandler
                0x00000590                HSCMP2_DriverIRQHandler
                0x00000590                MemManage_Handler
                0x00000590                PDM_EVENT_DriverIRQHandler
                0x00000590                ETHERNET_PMT_DriverIRQHandler
                0x00000590                FLEXPWM1_RELOAD_ERROR_DriverIRQHandler
                0x00000590                FMU0_DriverIRQHandler
                0x00000590                QDC1_COMPARE_DriverIRQHandler
                0x00000590                LPTMR1_DriverIRQHandler
                0x00000590                CTI0_DriverIRQHandler
                0x00000590                GPIO40_DriverIRQHandler
                0x00000590                FLEXPWM1_SUBMODULE2_DriverIRQHandler
                0x00000590                GPIO20_DriverIRQHandler
                0x00000590                QDC1_WDG_SAB_DriverIRQHandler
                0x00000590                GDET_DriverIRQHandler
                0x00000590                PORT_EFT_DriverIRQHandler
                0x00000590                Reserved85_DriverIRQHandler
                0x00000590                Reserved81_DriverIRQHandler
                0x00000590                TSI_END_OF_SCAN_DriverIRQHandler
                0x00000590                FLEXPWM0_SUBMODULE3_DriverIRQHandler
                0x00000590                ADC0_DriverIRQHandler
                0x00000590                OR_DriverIRQHandler
                0x00000590                USB1_HS_DriverIRQHandler
                0x00000590                Reserved113_DriverIRQHandler
                0x00000590                DAC2_DriverIRQHandler
                0x00000590                GPIO51_DriverIRQHandler
                0x00000590                HSCMP0_DriverIRQHandler
                0x00000590                QDC0_WDG_SAB_DriverIRQHandler
                0x00000590                CDOG0_DriverIRQHandler
                0x00000590                CAN0_DriverIRQHandler
                0x00000590                SMARTDMA_DriverIRQHandler
                0x00000590                SAI0_DriverIRQHandler
                0x00000590                EMVSIM1_DriverIRQHandler
                0x00000590                I3C1_DriverIRQHandler
                0x00000590                BusFault_Handler
                0x00000590                FLEXSPI0_DriverIRQHandler
                0x00000590                GPIO50_DriverIRQHandler
                0x00000590                GPIO10_DriverIRQHandler
                0x00000590                SCT0_DriverIRQHandler
                0x00000590                CAN1_DriverIRQHandler
                0x00000590                PLU_DriverIRQHandler
                0x00000590                FLEXPWM0_SUBMODULE0_DriverIRQHandler
                0x00000590                OS_EVENT_DriverIRQHandler
                0x00000590                SINC_FILTER_DriverIRQHandler
                0x00000590                GPIO41_DriverIRQHandler
                0x00000590                SEC_HYPERVISOR_CALL_DriverIRQHandler
                0x00000594                NMI_Handler
                0x00000598                HardFault_Handler
                0x000005a8                OR_IRQHandler
                0x000005ac                EDMA_0_CH0_IRQHandler
                0x000005b0                EDMA_0_CH1_IRQHandler
                0x000005b4                EDMA_0_CH2_IRQHandler
                0x000005b8                EDMA_0_CH3_IRQHandler
                0x000005bc                EDMA_0_CH4_IRQHandler
                0x000005c0                EDMA_0_CH5_IRQHandler
                0x000005c4                EDMA_0_CH6_IRQHandler
                0x000005c8                EDMA_0_CH7_IRQHandler
                0x000005cc                EDMA_0_CH8_IRQHandler
                0x000005d0                EDMA_0_CH9_IRQHandler
                0x000005d4                EDMA_0_CH10_IRQHandler
                0x000005d8                EDMA_0_CH11_IRQHandler
                0x000005dc                EDMA_0_CH12_IRQHandler
                0x000005e0                EDMA_0_CH13_IRQHandler
                0x000005e4                EDMA_0_CH14_IRQHandler
                0x000005e8                EDMA_0_CH15_IRQHandler
                0x000005ec                GPIO00_IRQHandler
                0x000005f0                GPIO01_IRQHandler
                0x000005f4                GPIO10_IRQHandler
                0x000005f8                GPIO11_IRQHandler
                0x000005fc                GPIO20_IRQHandler
                0x00000600                GPIO21_IRQHandler
                0x00000604                GPIO30_IRQHandler
                0x00000608                GPIO31_IRQHandler
                0x0000060c                GPIO40_IRQHandler
                0x00000610                GPIO41_IRQHandler
                0x00000614                GPIO50_IRQHandler
                0x00000618                GPIO51_IRQHandler
                0x0000061c                UTICK0_IRQHandler
                0x00000620                MRT0_IRQHandler
                0x00000624                CTIMER0_IRQHandler
                0x00000628                CTIMER1_IRQHandler
                0x0000062c                SCT0_IRQHandler
                0x00000630                CTIMER2_IRQHandler
                0x00000634                LP_FLEXCOMM0_IRQHandler
                0x00000638                LP_FLEXCOMM1_IRQHandler
                0x0000063c                LP_FLEXCOMM2_IRQHandler
                0x00000640                LP_FLEXCOMM3_IRQHandler
                0x00000644                LP_FLEXCOMM4_IRQHandler
                0x00000648                LP_FLEXCOMM5_IRQHandler
                0x0000064c                LP_FLEXCOMM6_IRQHandler
                0x00000650                LP_FLEXCOMM7_IRQHandler
                0x00000654                LP_FLEXCOMM8_IRQHandler
                0x00000658                LP_FLEXCOMM9_IRQHandler
                0x0000065c                ADC0_IRQHandler
                0x00000660                ADC1_IRQHandler
                0x00000664                PINT0_IRQHandler
                0x00000668                PDM_EVENT_IRQHandler
                0x0000066c                Reserved65_IRQHandler
                0x00000670                USB0_FS_IRQHandler
                0x00000674                USB0_DCD_IRQHandler
                0x00000678                RTC_IRQHandler
                0x00000684                CTIMER3_IRQHandler
                0x00000688                CTIMER4_IRQHandler
                0x0000068c                OS_EVENT_IRQHandler
                0x00000690                FLEXSPI0_IRQHandler
                0x00000694                SAI0_IRQHandler
                0x00000698                SAI1_IRQHandler
                0x0000069c                USDHC0_IRQHandler
                0x000006a0                CAN0_IRQHandler
                0x000006a4                CAN1_IRQHandler
                0x000006a8                Reserved80_IRQHandler
                0x000006ac                Reserved81_IRQHandler
                0x000006b0                USB1_HS_PHY_IRQHandler
                0x000006b4                USB1_HS_IRQHandler
                0x000006b8                SEC_HYPERVISOR_CALL_IRQHandler
                0x000006bc                Reserved85_IRQHandler
                0x000006c0                PLU_IRQHandler
                0x000006c4                Freqme_IRQHandler
                0x000006c8                SEC_VIO_IRQHandler
                0x000006cc                ELS_IRQHandler
                0x000006d0                PKC_IRQHandler
                0x000006d4                PUF_IRQHandler
                0x000006d8                PQ_IRQHandler
                0x000006dc                EDMA_1_CH0_IRQHandler
                0x000006e0                EDMA_1_CH1_IRQHandler
                0x000006e4                EDMA_1_CH2_IRQHandler
                0x000006e8                EDMA_1_CH3_IRQHandler
                0x000006ec                EDMA_1_CH4_IRQHandler
                0x000006f0                EDMA_1_CH5_IRQHandler
                0x000006f4                EDMA_1_CH6_IRQHandler
                0x000006f8                EDMA_1_CH7_IRQHandler
                0x000006fc                EDMA_1_CH8_IRQHandler
                0x00000700                EDMA_1_CH9_IRQHandler
                0x00000704                EDMA_1_CH10_IRQHandler
                0x00000708                EDMA_1_CH11_IRQHandler
                0x0000070c                EDMA_1_CH12_IRQHandler
                0x00000710                EDMA_1_CH13_IRQHandler
                0x00000714                EDMA_1_CH14_IRQHandler
                0x00000718                EDMA_1_CH15_IRQHandler
                0x0000071c                CDOG0_IRQHandler
                0x00000720                CDOG1_IRQHandler
                0x00000724                I3C0_IRQHandler
                0x00000728                I3C1_IRQHandler
                0x0000072c                Reserved113_IRQHandler
                0x00000730                GDET_IRQHandler
                0x00000734                VBAT0_IRQHandler
                0x00000738                EWM0_IRQHandler
                0x0000073c                TSI_END_OF_SCAN_IRQHandler
                0x00000740                TSI_OUT_OF_SCAN_IRQHandler
                0x00000744                EMVSIM0_IRQHandler
                0x00000748                EMVSIM1_IRQHandler
                0x0000074c                FLEXIO_IRQHandler
                0x00000750                DAC0_IRQHandler
                0x00000754                DAC1_IRQHandler
                0x00000758                DAC2_IRQHandler
                0x0000075c                HSCMP0_IRQHandler
                0x00000760                HSCMP1_IRQHandler
                0x00000764                HSCMP2_IRQHandler
                0x00000768                FLEXPWM0_RELOAD_ERROR_IRQHandler
                0x0000076c                FLEXPWM0_FAULT_IRQHandler
                0x00000770                FLEXPWM0_SUBMODULE0_IRQHandler
                0x00000774                FLEXPWM0_SUBMODULE1_IRQHandler
                0x00000778                FLEXPWM0_SUBMODULE2_IRQHandler
                0x0000077c                FLEXPWM0_SUBMODULE3_IRQHandler
                0x00000780                FLEXPWM1_RELOAD_ERROR_IRQHandler
                0x00000784                FLEXPWM1_FAULT_IRQHandler
                0x00000788                FLEXPWM1_SUBMODULE0_IRQHandler
                0x0000078c                FLEXPWM1_SUBMODULE1_IRQHandler
                0x00000790                FLEXPWM1_SUBMODULE2_IRQHandler
                0x00000794                FLEXPWM1_SUBMODULE3_IRQHandler
                0x00000798                QDC0_COMPARE_IRQHandler
                0x0000079c                QDC0_HOME_IRQHandler
                0x000007a0                QDC0_WDG_SAB_IRQHandler
                0x000007a4                QDC0_IDX_IRQHandler
                0x000007a8                QDC1_COMPARE_IRQHandler
                0x000007ac                QDC1_HOME_IRQHandler
                0x000007b0                QDC1_WDG_SAB_IRQHandler
                0x000007b4                QDC1_IDX_IRQHandler
                0x000007b8                ITRC0_IRQHandler
                0x000007bc                BSP32_IRQHandler
                0x000007c0                ELS_ERR_IRQHandler
                0x000007c4                PKC_ERR_IRQHandler
                0x000007c8                ERM_SINGLE_BIT_ERROR_IRQHandler
                0x000007cc                ERM_MULTI_BIT_ERROR_IRQHandler
                0x000007d0                FMU0_IRQHandler
                0x000007d4                ETHERNET_IRQHandler
                0x000007d8                ETHERNET_PMT_IRQHandler
                0x000007dc                ETHERNET_MACLP_IRQHandler
                0x000007e0                SINC_FILTER_IRQHandler
                0x000007e4                LPTMR0_IRQHandler
                0x000007e8                LPTMR1_IRQHandler
                0x000007ec                SCG_IRQHandler
                0x000007f0                SPC_IRQHandler
                0x000007f4                WUU_IRQHandler
                0x000007f8                PORT_EFT_IRQHandler
                0x000007fc                ETB0_IRQHandler
                0x00000800                Reserved166_IRQHandler
                0x00000804                Reserved167_IRQHandler
                0x00000808                WWDT0_IRQHandler
                0x0000080c                WWDT1_IRQHandler
                0x00000810                CMC0_IRQHandler
                0x00000814                CTI0_IRQHandler
 .text          0x00000a9c       0x28 /usr/lib/gcc/arm-none-eabi/14.2.1/../../../arm-none-eabi/lib/thumb/v8-m.main+fp/hard/libc_nano.a(libc_a-fini.o)
                0x00000a9c                __libc_fini_array
 .text          0x00000ac4       0x20 /usr/lib/gcc/arm-none-eabi/14.2.1/../../../arm-none-eabi/lib/thumb/v8-m.main+fp/hard/libc_nano.a(libc_a-malloc.o)
                0x00000ac4                malloc
                0x00000ad4                free
 .text          0x00000ae4       0x5c /usr/lib/gcc/arm-none-eabi/14.2.1/../../../arm-none-eabi/lib/thumb/v8-m.main+fp/hard/libc_nano.a(libc_a-strlen-stub.o)
                0x00000ae4                strlen
 .text          0x00000b40        0xc /usr/lib/gcc/arm-none-eabi/14.2.1/../../../arm-none-eabi/lib/thumb/v8-m.main+fp/hard/libc_nano.a(libc_a-errno.o)
                0x00000b40                __errno
 .text          0x00000b4c       0x24 /usr/lib/gcc/arm-none-eabi/14.2.1/../../../arm-none-eabi/lib/thumb/v8-m.main+fp/hard/libc_nano.a(libc_a-exit.o)
                0x00000b4c                exit
 .text          0x00000b70        0xc /usr/lib/gcc/arm-none-eabi/14.2.1/../../../arm-none-eabi/lib/thumb/v8-m.main+fp/hard/libc_nano.a(libc_a-atexit.o)
                0x00000b70                atexit
 .text          0x00000b7c       0x50 /usr/lib/gcc/arm-none-eabi/14.2.1/../../../arm-none-eabi/lib/thumb/v8-m.main+fp/hard/libc_nano.a(libc_a-init.o)
                0x00000b7c                __libc_init_array
 .text          0x00000bcc      0x148 /usr/lib/gcc/arm-none-eabi/14.2.1/../../../arm-none-eabi/lib/thumb/v8-m.main+fp/hard/libc_nano.a(libc_a-mallocr.o)
                0x00000c14                _malloc_r
 .text          0x00000d14       0xa8 /usr/lib/gcc/arm-none-eabi/14.2.1/../../../arm-none-eabi/lib/thumb/v8-m.main+fp/hard/libc_nano.a(libc_a-freer.o)
                0x00000d14                _free_r
 .text          0x00000dbc       0xac /usr/lib/gcc/arm-none-eabi/14.2.1/../../../arm-none-eabi/lib/thumb/v8-m.main+fp/hard/libc_nano.a(libc_a-__atexit.o)
                0x00000dbc                __register_exitproc
 .text          0x00000e68        0x8 /usr/lib/gcc/arm-none-eabi/14.2.1/../../../arm-none-eabi/lib/thumb/v8-m.main+fp/hard/libc_nano.a(libc_a-mlock.o)
                0x00000e68                __malloc_lock
                0x00000e6c                __malloc_unlock
 .text          0x00000e70       0x24 /usr/lib/gcc/arm-none-eabi/14.2.1/../../../arm-none-eabi/lib/thumb/v8-m.main+fp/hard/libc_nano.a(libc_a-sbrkr.o)
                0x00000e70                _sbrk_r
 .text          0x00000e94       0xd0 /usr/lib/gcc/arm-none-eabi/14.2.1/../../../arm-none-eabi/lib/thumb/v8-m.main+fp/hard/libc_nano.a(libc_a-__call_atexit.o)
                0x00000e94                __call_exitprocs
 .text          0x00000f64       0x30 /usr/lib/gcc/arm-none-eabi/14.2.1/thumb/v8-m.main+fp/hard/libgcc.a(_aeabi_uldivmod.o)
                0x00000f64                __aeabi_uldivmod
 .text          0x00000f94       0x40 /usr/lib/gcc/arm-none-eabi/14.2.1/thumb/v8-m.main+fp/hard/libgcc.a(_fixunssfdi.o)
                0x00000f94                __aeabi_f2ulz
                0x00000f94                __fixunssfdi
 .text          0x00000fd4      0x34c /usr/lib/gcc/arm-none-eabi/14.2.1/thumb/v8-m.main+fp/hard/libgcc.a(_udivmoddi4.o)
                0x00000fd4                __udivmoddi4
 .text          0x00001320      0x254 /usr/lib/gcc/arm-none-eabi/14.2.1/thumb/v8-m.main+fp/hard/libgcc.a(_arm_muldf3.o)
                0x00001320                __aeabi_dmul
                0x00001320                __muldf3
 .text          0x00001574        0x4 /usr/lib/gcc/arm-none-eabi/14.2.1/thumb/v8-m.main+fp/hard/libgcc.a(_dvmd_tls.o)
                0x00001574                __aeabi_ldiv0
                0x00001574                __aeabi_idiv0
 .text          0x00001578      0x378 /usr/lib/gcc/arm-none-eabi/14.2.1/thumb/v8-m.main+fp/hard/libgcc.a(_arm_addsubdf3.o)
                0x00001578                __aeabi_drsub
                0x00001580                __aeabi_dsub
                0x00001580                __subdf3
                0x00001584                __adddf3
                0x00001584                __aeabi_dadd
                0x000017fc                __aeabi_ui2d
                0x000017fc                __floatunsidf
                0x0000181c                __floatsidf
                0x0000181c                __aeabi_i2d
                0x00001840                __extendsfdf2
                0x00001840                __aeabi_f2d
                0x00001884                __aeabi_ul2d
                0x00001884                __floatundidf
                0x00001894                __floatdidf
                0x00001894                __aeabi_l2d
 .text          0x000018f0       0x40 /usr/lib/gcc/arm-none-eabi/14.2.1/thumb/v8-m.main+fp/hard/libgcc.a(_arm_fixunsdfsi.o)
                0x000018f0                __fixunsdfsi
                0x000018f0                __aeabi_d2uiz
 .text          0x00001930        0x4 /usr/lib/gcc/arm-none-eabi/14.2.1/../../../arm-none-eabi/lib/thumb/v8-m.main+fp/hard/libnosys.a(_exit.o)
                0x00001930                _exit
 *(.text*)
 .text.SystemInit
                0x00001934      0x124 CMakeFiles/camera_ai_demo_cm33_core0.dir/home/nguyenhoangtrieu/embedded/NPX_Workspace/mcuxsdk/mcuxsdk/devices/MCX/MCXN/MCXN947/system_MCXN947_cm33_core0.c.obj
                0x00001934                SystemInit
 .text.SystemInitHook
                0x00001a58        0xe CMakeFiles/camera_ai_demo_cm33_core0.dir/home/nguyenhoangtrieu/embedded/NPX_Workspace/mcuxsdk/mcuxsdk/devices/MCX/MCXN/MCXN947/system_MCXN947_cm33_core0.c.obj
                0x00001a58                SystemInitHook
 *fill*         0x00001a66        0x2 
 .text.CLOCK_IsPLL0Locked
                0x00001a68       0x28 CMakeFiles/camera_ai_demo_cm33_core0.dir/home/nguyenhoangtrieu/embedded/NPX_Workspace/mcuxsdk/mcuxsdk/devices/MCX/MCXN/MCXN947/drivers/fsl_clock.c.obj
 .text.CLOCK_SetupFROHFClocking
                0x00001a90       0x9c CMakeFiles/camera_ai_demo_cm33_core0.dir/home/nguyenhoangtrieu/embedded/NPX_Workspace/mcuxsdk/mcuxsdk/devices/MCX/MCXN/MCXN947/drivers/fsl_clock.c.obj
                0x00001a90                CLOCK_SetupFROHFClocking
 .text.CLOCK_SetPll0MonitorMode
                0x00001b2c       0x38 CMakeFiles/camera_ai_demo_cm33_core0.dir/home/nguyenhoangtrieu/embedded/NPX_Workspace/mcuxsdk/mcuxsdk/devices/MCX/MCXN/MCXN947/drivers/fsl_clock.c.obj
                0x00001b2c                CLOCK_SetPll0MonitorMode
 .text.CLOCK_AttachClk
                0x00001b64       0xdc CMakeFiles/camera_ai_demo_cm33_core0.dir/home/nguyenhoangtrieu/embedded/NPX_Workspace/mcuxsdk/mcuxsdk/devices/MCX/MCXN/MCXN947/drivers/fsl_clock.c.obj
                0x00001b64                CLOCK_AttachClk
 .text.CLOCK_SetClkDiv
                0x00001c40       0xbc CMakeFiles/camera_ai_demo_cm33_core0.dir/home/nguyenhoangtrieu/embedded/NPX_Workspace/mcuxsdk/mcuxsdk/devices/MCX/MCXN/MCXN947/drivers/fsl_clock.c.obj
                0x00001c40                CLOCK_SetClkDiv
 .text.CLOCK_GetPll0OutFreq
                0x00001cfc       0x88 CMakeFiles/camera_ai_demo_cm33_core0.dir/home/nguyenhoangtrieu/embedded/NPX_Workspace/mcuxsdk/mcuxsdk/devices/MCX/MCXN/MCXN947/drivers/fsl_clock.c.obj
                0x00001cfc                CLOCK_GetPll0OutFreq
 .text.CLOCK_GetPLL0InClockRate
                0x00001d84       0x5c CMakeFiles/camera_ai_demo_cm33_core0.dir/home/nguyenhoangtrieu/embedded/NPX_Workspace/mcuxsdk/mcuxsdk/devices/MCX/MCXN/MCXN947/drivers/fsl_clock.c.obj
                0x00001d84                CLOCK_GetPLL0InClockRate
 .text.CLOCK_SetPLL0Freq
                0x00001de0      0x10c CMakeFiles/camera_ai_demo_cm33_core0.dir/home/nguyenhoangtrieu/embedded/NPX_Workspace/mcuxsdk/mcuxsdk/devices/MCX/MCXN/MCXN947/drivers/fsl_clock.c.obj
                0x00001de0                CLOCK_SetPLL0Freq
 .text.CLOCK_GetClk48MFreq
                0x00001eec       0x2c CMakeFiles/camera_ai_demo_cm33_core0.dir/home/nguyenhoangtrieu/embedded/NPX_Workspace/mcuxsdk/mcuxsdk/devices/MCX/MCXN/MCXN947/drivers/fsl_clock.c.obj
 .text.CLOCK_GetExtClkFreq
                0x00001f18       0x2c CMakeFiles/camera_ai_demo_cm33_core0.dir/home/nguyenhoangtrieu/embedded/NPX_Workspace/mcuxsdk/mcuxsdk/devices/MCX/MCXN/MCXN947/drivers/fsl_clock.c.obj
 .text.CLOCK_GetOsc32KFreq
                0x00001f44       0x4c CMakeFiles/camera_ai_demo_cm33_core0.dir/home/nguyenhoangtrieu/embedded/NPX_Workspace/mcuxsdk/mcuxsdk/devices/MCX/MCXN/MCXN947/drivers/fsl_clock.c.obj
 .text.findPll0PreDiv
                0x00001f90       0x40 CMakeFiles/camera_ai_demo_cm33_core0.dir/home/nguyenhoangtrieu/embedded/NPX_Workspace/mcuxsdk/mcuxsdk/devices/MCX/MCXN/MCXN947/drivers/fsl_clock.c.obj
 .text.findPll0PostDiv
                0x00001fd0       0x60 CMakeFiles/camera_ai_demo_cm33_core0.dir/home/nguyenhoangtrieu/embedded/NPX_Workspace/mcuxsdk/mcuxsdk/devices/MCX/MCXN/MCXN947/drivers/fsl_clock.c.obj
 .text.findPll0MMult
                0x00002030       0xac CMakeFiles/camera_ai_demo_cm33_core0.dir/home/nguyenhoangtrieu/embedded/NPX_Workspace/mcuxsdk/mcuxsdk/devices/MCX/MCXN/MCXN947/drivers/fsl_clock.c.obj
 .text.EDMA_0_CH0_DriverIRQHandler
                0x000020dc       0x10 CMakeFiles/camera_ai_demo_cm33_core0.dir/home/nguyenhoangtrieu/embedded/NPX_Workspace/mcuxsdk/mcuxsdk/devices/MCX/MCXN/MCXN947/drivers/fsl_edma_soc.c.obj
                0x000020dc                EDMA_0_CH0_DriverIRQHandler
 .text.EDMA_0_CH1_DriverIRQHandler
                0x000020ec       0x10 CMakeFiles/camera_ai_demo_cm33_core0.dir/home/nguyenhoangtrieu/embedded/NPX_Workspace/mcuxsdk/mcuxsdk/devices/MCX/MCXN/MCXN947/drivers/fsl_edma_soc.c.obj
                0x000020ec                EDMA_0_CH1_DriverIRQHandler
 .text.EDMA_0_CH2_DriverIRQHandler
                0x000020fc       0x10 CMakeFiles/camera_ai_demo_cm33_core0.dir/home/nguyenhoangtrieu/embedded/NPX_Workspace/mcuxsdk/mcuxsdk/devices/MCX/MCXN/MCXN947/drivers/fsl_edma_soc.c.obj
                0x000020fc                EDMA_0_CH2_DriverIRQHandler
 .text.EDMA_0_CH3_DriverIRQHandler
                0x0000210c       0x10 CMakeFiles/camera_ai_demo_cm33_core0.dir/home/nguyenhoangtrieu/embedded/NPX_Workspace/mcuxsdk/mcuxsdk/devices/MCX/MCXN/MCXN947/drivers/fsl_edma_soc.c.obj
                0x0000210c                EDMA_0_CH3_DriverIRQHandler
 .text.EDMA_0_CH4_DriverIRQHandler
                0x0000211c       0x10 CMakeFiles/camera_ai_demo_cm33_core0.dir/home/nguyenhoangtrieu/embedded/NPX_Workspace/mcuxsdk/mcuxsdk/devices/MCX/MCXN/MCXN947/drivers/fsl_edma_soc.c.obj
                0x0000211c                EDMA_0_CH4_DriverIRQHandler
 .text.EDMA_0_CH5_DriverIRQHandler
                0x0000212c       0x10 CMakeFiles/camera_ai_demo_cm33_core0.dir/home/nguyenhoangtrieu/embedded/NPX_Workspace/mcuxsdk/mcuxsdk/devices/MCX/MCXN/MCXN947/drivers/fsl_edma_soc.c.obj
                0x0000212c                EDMA_0_CH5_DriverIRQHandler
 .text.EDMA_0_CH6_DriverIRQHandler
                0x0000213c       0x10 CMakeFiles/camera_ai_demo_cm33_core0.dir/home/nguyenhoangtrieu/embedded/NPX_Workspace/mcuxsdk/mcuxsdk/devices/MCX/MCXN/MCXN947/drivers/fsl_edma_soc.c.obj
                0x0000213c                EDMA_0_CH6_DriverIRQHandler
 .text.EDMA_0_CH7_DriverIRQHandler
                0x0000214c       0x10 CMakeFiles/camera_ai_demo_cm33_core0.dir/home/nguyenhoangtrieu/embedded/NPX_Workspace/mcuxsdk/mcuxsdk/devices/MCX/MCXN/MCXN947/drivers/fsl_edma_soc.c.obj
                0x0000214c                EDMA_0_CH7_DriverIRQHandler
 .text.EDMA_0_CH8_DriverIRQHandler
                0x0000215c       0x10 CMakeFiles/camera_ai_demo_cm33_core0.dir/home/nguyenhoangtrieu/embedded/NPX_Workspace/mcuxsdk/mcuxsdk/devices/MCX/MCXN/MCXN947/drivers/fsl_edma_soc.c.obj
                0x0000215c                EDMA_0_CH8_DriverIRQHandler
 .text.EDMA_0_CH9_DriverIRQHandler
                0x0000216c       0x10 CMakeFiles/camera_ai_demo_cm33_core0.dir/home/nguyenhoangtrieu/embedded/NPX_Workspace/mcuxsdk/mcuxsdk/devices/MCX/MCXN/MCXN947/drivers/fsl_edma_soc.c.obj
                0x0000216c                EDMA_0_CH9_DriverIRQHandler
 .text.EDMA_0_CH10_DriverIRQHandler
                0x0000217c       0x10 CMakeFiles/camera_ai_demo_cm33_core0.dir/home/nguyenhoangtrieu/embedded/NPX_Workspace/mcuxsdk/mcuxsdk/devices/MCX/MCXN/MCXN947/drivers/fsl_edma_soc.c.obj
                0x0000217c                EDMA_0_CH10_DriverIRQHandler
 .text.EDMA_0_CH11_DriverIRQHandler
                0x0000218c       0x10 CMakeFiles/camera_ai_demo_cm33_core0.dir/home/nguyenhoangtrieu/embedded/NPX_Workspace/mcuxsdk/mcuxsdk/devices/MCX/MCXN/MCXN947/drivers/fsl_edma_soc.c.obj
                0x0000218c                EDMA_0_CH11_DriverIRQHandler
 .text.EDMA_0_CH12_DriverIRQHandler
                0x0000219c       0x10 CMakeFiles/camera_ai_demo_cm33_core0.dir/home/nguyenhoangtrieu/embedded/NPX_Workspace/mcuxsdk/mcuxsdk/devices/MCX/MCXN/MCXN947/drivers/fsl_edma_soc.c.obj
                0x0000219c                EDMA_0_CH12_DriverIRQHandler
 .text.EDMA_0_CH13_DriverIRQHandler
                0x000021ac       0x10 CMakeFiles/camera_ai_demo_cm33_core0.dir/home/nguyenhoangtrieu/embedded/NPX_Workspace/mcuxsdk/mcuxsdk/devices/MCX/MCXN/MCXN947/drivers/fsl_edma_soc.c.obj
                0x000021ac                EDMA_0_CH13_DriverIRQHandler
 .text.EDMA_0_CH14_DriverIRQHandler
                0x000021bc       0x10 CMakeFiles/camera_ai_demo_cm33_core0.dir/home/nguyenhoangtrieu/embedded/NPX_Workspace/mcuxsdk/mcuxsdk/devices/MCX/MCXN/MCXN947/drivers/fsl_edma_soc.c.obj
                0x000021bc                EDMA_0_CH14_DriverIRQHandler
 .text.EDMA_0_CH15_DriverIRQHandler
                0x000021cc       0x10 CMakeFiles/camera_ai_demo_cm33_core0.dir/home/nguyenhoangtrieu/embedded/NPX_Workspace/mcuxsdk/mcuxsdk/devices/MCX/MCXN/MCXN947/drivers/fsl_edma_soc.c.obj
                0x000021cc                EDMA_0_CH15_DriverIRQHandler
 .text.EDMA_1_CH0_DriverIRQHandler
                0x000021dc       0x10 CMakeFiles/camera_ai_demo_cm33_core0.dir/home/nguyenhoangtrieu/embedded/NPX_Workspace/mcuxsdk/mcuxsdk/devices/MCX/MCXN/MCXN947/drivers/fsl_edma_soc.c.obj
                0x000021dc                EDMA_1_CH0_DriverIRQHandler
 .text.EDMA_1_CH1_DriverIRQHandler
                0x000021ec       0x10 CMakeFiles/camera_ai_demo_cm33_core0.dir/home/nguyenhoangtrieu/embedded/NPX_Workspace/mcuxsdk/mcuxsdk/devices/MCX/MCXN/MCXN947/drivers/fsl_edma_soc.c.obj
                0x000021ec                EDMA_1_CH1_DriverIRQHandler
 .text.EDMA_1_CH2_DriverIRQHandler
                0x000021fc       0x10 CMakeFiles/camera_ai_demo_cm33_core0.dir/home/nguyenhoangtrieu/embedded/NPX_Workspace/mcuxsdk/mcuxsdk/devices/MCX/MCXN/MCXN947/drivers/fsl_edma_soc.c.obj
                0x000021fc                EDMA_1_CH2_DriverIRQHandler
 .text.EDMA_1_CH3_DriverIRQHandler
                0x0000220c       0x10 CMakeFiles/camera_ai_demo_cm33_core0.dir/home/nguyenhoangtrieu/embedded/NPX_Workspace/mcuxsdk/mcuxsdk/devices/MCX/MCXN/MCXN947/drivers/fsl_edma_soc.c.obj
                0x0000220c                EDMA_1_CH3_DriverIRQHandler
 .text.EDMA_1_CH4_DriverIRQHandler
                0x0000221c       0x10 CMakeFiles/camera_ai_demo_cm33_core0.dir/home/nguyenhoangtrieu/embedded/NPX_Workspace/mcuxsdk/mcuxsdk/devices/MCX/MCXN/MCXN947/drivers/fsl_edma_soc.c.obj
                0x0000221c                EDMA_1_CH4_DriverIRQHandler
 .text.EDMA_1_CH5_DriverIRQHandler
                0x0000222c       0x10 CMakeFiles/camera_ai_demo_cm33_core0.dir/home/nguyenhoangtrieu/embedded/NPX_Workspace/mcuxsdk/mcuxsdk/devices/MCX/MCXN/MCXN947/drivers/fsl_edma_soc.c.obj
                0x0000222c                EDMA_1_CH5_DriverIRQHandler
 .text.EDMA_1_CH6_DriverIRQHandler
                0x0000223c       0x10 CMakeFiles/camera_ai_demo_cm33_core0.dir/home/nguyenhoangtrieu/embedded/NPX_Workspace/mcuxsdk/mcuxsdk/devices/MCX/MCXN/MCXN947/drivers/fsl_edma_soc.c.obj
                0x0000223c                EDMA_1_CH6_DriverIRQHandler
 .text.EDMA_1_CH7_DriverIRQHandler
                0x0000224c       0x10 CMakeFiles/camera_ai_demo_cm33_core0.dir/home/nguyenhoangtrieu/embedded/NPX_Workspace/mcuxsdk/mcuxsdk/devices/MCX/MCXN/MCXN947/drivers/fsl_edma_soc.c.obj
                0x0000224c                EDMA_1_CH7_DriverIRQHandler
 .text.EDMA_1_CH8_DriverIRQHandler
                0x0000225c       0x10 CMakeFiles/camera_ai_demo_cm33_core0.dir/home/nguyenhoangtrieu/embedded/NPX_Workspace/mcuxsdk/mcuxsdk/devices/MCX/MCXN/MCXN947/drivers/fsl_edma_soc.c.obj
                0x0000225c                EDMA_1_CH8_DriverIRQHandler
 .text.EDMA_1_CH9_DriverIRQHandler
                0x0000226c       0x10 CMakeFiles/camera_ai_demo_cm33_core0.dir/home/nguyenhoangtrieu/embedded/NPX_Workspace/mcuxsdk/mcuxsdk/devices/MCX/MCXN/MCXN947/drivers/fsl_edma_soc.c.obj
                0x0000226c                EDMA_1_CH9_DriverIRQHandler
 .text.EDMA_1_CH10_DriverIRQHandler
                0x0000227c       0x10 CMakeFiles/camera_ai_demo_cm33_core0.dir/home/nguyenhoangtrieu/embedded/NPX_Workspace/mcuxsdk/mcuxsdk/devices/MCX/MCXN/MCXN947/drivers/fsl_edma_soc.c.obj
                0x0000227c                EDMA_1_CH10_DriverIRQHandler
 .text.EDMA_1_CH11_DriverIRQHandler
                0x0000228c       0x10 CMakeFiles/camera_ai_demo_cm33_core0.dir/home/nguyenhoangtrieu/embedded/NPX_Workspace/mcuxsdk/mcuxsdk/devices/MCX/MCXN/MCXN947/drivers/fsl_edma_soc.c.obj
                0x0000228c                EDMA_1_CH11_DriverIRQHandler
 .text.EDMA_1_CH12_DriverIRQHandler
                0x0000229c       0x10 CMakeFiles/camera_ai_demo_cm33_core0.dir/home/nguyenhoangtrieu/embedded/NPX_Workspace/mcuxsdk/mcuxsdk/devices/MCX/MCXN/MCXN947/drivers/fsl_edma_soc.c.obj
                0x0000229c                EDMA_1_CH12_DriverIRQHandler
 .text.EDMA_1_CH13_DriverIRQHandler
                0x000022ac       0x10 CMakeFiles/camera_ai_demo_cm33_core0.dir/home/nguyenhoangtrieu/embedded/NPX_Workspace/mcuxsdk/mcuxsdk/devices/MCX/MCXN/MCXN947/drivers/fsl_edma_soc.c.obj
                0x000022ac                EDMA_1_CH13_DriverIRQHandler
 .text.EDMA_1_CH14_DriverIRQHandler
                0x000022bc       0x10 CMakeFiles/camera_ai_demo_cm33_core0.dir/home/nguyenhoangtrieu/embedded/NPX_Workspace/mcuxsdk/mcuxsdk/devices/MCX/MCXN/MCXN947/drivers/fsl_edma_soc.c.obj
                0x000022bc                EDMA_1_CH14_DriverIRQHandler
 .text.EDMA_1_CH15_DriverIRQHandler
                0x000022cc       0x10 CMakeFiles/camera_ai_demo_cm33_core0.dir/home/nguyenhoangtrieu/embedded/NPX_Workspace/mcuxsdk/mcuxsdk/devices/MCX/MCXN/MCXN947/drivers/fsl_edma_soc.c.obj
                0x000022cc                EDMA_1_CH15_DriverIRQHandler
 .text.RESET_SetPeripheralReset
                0x000022dc       0x94 CMakeFiles/camera_ai_demo_cm33_core0.dir/home/nguyenhoangtrieu/embedded/NPX_Workspace/mcuxsdk/mcuxsdk/devices/MCX/MCXN/MCXN947/drivers/fsl_reset.c.obj
                0x000022dc                RESET_SetPeripheralReset
 .text.RESET_ClearPeripheralReset
                0x00002370       0x94 CMakeFiles/camera_ai_demo_cm33_core0.dir/home/nguyenhoangtrieu/embedded/NPX_Workspace/mcuxsdk/mcuxsdk/devices/MCX/MCXN/MCXN947/drivers/fsl_reset.c.obj
                0x00002370                RESET_ClearPeripheralReset
 .text.RESET_PeripheralReset
                0x00002404       0x24 CMakeFiles/camera_ai_demo_cm33_core0.dir/home/nguyenhoangtrieu/embedded/NPX_Workspace/mcuxsdk/mcuxsdk/devices/MCX/MCXN/MCXN947/drivers/fsl_reset.c.obj
                0x00002404                RESET_PeripheralReset
 .text.BOARD_InitDebugConsole
                0x00002428       0x38 CMakeFiles/camera_ai_demo_cm33_core0.dir/home/nguyenhoangtrieu/embedded/NPX_Workspace/mcuxsdk/mcuxsdk/examples/_boards/frdmmcxn947/board.c.obj
                0x00002428                BOARD_InitDebugConsole
 .text.CLOCK_EnableClock
                0x00002460       0x9a CMakeFiles/camera_ai_demo_cm33_core0.dir/home/nguyenhoangtrieu/embedded/NPX_Workspace/mcuxsdk/mcuxsdk/examples/_boards/frdmmcxn947/clock_config.c.obj
 .text.BOARD_InitBootClocks
                0x000024fa        0xc CMakeFiles/camera_ai_demo_cm33_core0.dir/home/nguyenhoangtrieu/embedded/NPX_Workspace/mcuxsdk/mcuxsdk/examples/_boards/frdmmcxn947/clock_config.c.obj
                0x000024fa                BOARD_InitBootClocks
 *fill*         0x00002506        0x2 
 .text.BOARD_BootClockPLL150M
                0x00002508       0xd8 CMakeFiles/camera_ai_demo_cm33_core0.dir/home/nguyenhoangtrieu/embedded/NPX_Workspace/mcuxsdk/mcuxsdk/examples/_boards/frdmmcxn947/clock_config.c.obj
                0x00002508                BOARD_BootClockPLL150M
 .text.CLOCK_EnableClock
                0x000025e0       0x9a CMakeFiles/camera_ai_demo_cm33_core0.dir/board_port/pin_mux.c.obj
 *fill*         0x0000267a        0x2 
 .text.PORT_SetPinConfig
                0x0000267c       0x48 CMakeFiles/camera_ai_demo_cm33_core0.dir/board_port/pin_mux.c.obj
 .text.PORT_SetPinMux
                0x000026c4       0x3e CMakeFiles/camera_ai_demo_cm33_core0.dir/board_port/pin_mux.c.obj
 .text.BOARD_InitBootPins
                0x00002702        0xc CMakeFiles/camera_ai_demo_cm33_core0.dir/board_port/pin_mux.c.obj
                0x00002702                BOARD_InitBootPins
 *fill*         0x0000270e        0x2 
 .text.BOARD_InitDebugUartPins
                0x00002710       0x64 CMakeFiles/camera_ai_demo_cm33_core0.dir/board_port/pin_mux.c.obj
                0x00002710                BOARD_InitDebugUartPins
 .text.BOARD_InitCameraPins
                0x00002774      0x1ac CMakeFiles/camera_ai_demo_cm33_core0.dir/board_port/pin_mux.c.obj
                0x00002774                BOARD_InitCameraPins
 .text.BOARD_InitArduinoLcdPins
                0x00002920       0x88 CMakeFiles/camera_ai_demo_cm33_core0.dir/board_port/pin_mux.c.obj
                0x00002920                BOARD_InitArduinoLcdPins
 .text.BOARD_InitTouchPins
                0x000029a8       0x74 CMakeFiles/camera_ai_demo_cm33_core0.dir/board_port/pin_mux.c.obj
                0x000029a8                BOARD_InitTouchPins
 .text.BOARD_InitSdCardPins
                0x00002a1c       0x60 CMakeFiles/camera_ai_demo_cm33_core0.dir/board_port/pin_mux.c.obj
                0x00002a1c                BOARD_InitSdCardPins
 .text.CLOCK_EnableClock
                0x00002a7c       0x9a CMakeFiles/camera_ai_demo_cm33_core0.dir/board_port/cm33_core0/hardware_init.c.obj
 *fill*         0x00002b16        0x2 
 .text.BOARD_SetRegulatorsMidVoltage
                0x00002b18       0x3c CMakeFiles/camera_ai_demo_cm33_core0.dir/board_port/cm33_core0/hardware_init.c.obj
                0x00002b18                BOARD_SetRegulatorsMidVoltage
 .text.BOARD_InitHardware
                0x00002b54       0xc8 CMakeFiles/camera_ai_demo_cm33_core0.dir/board_port/cm33_core0/hardware_init.c.obj
                0x00002b54                BOARD_InitHardware
 .text.get_core1_image_size
                0x00002c1c       0x18 CMakeFiles/camera_ai_demo_cm33_core0.dir/board_port/cm33_core0/hardware_init.c.obj
                0x00002c1c                get_core1_image_size
 .text.EDMA_HandleIRQ
                0x00002c34      0x1d4 CMakeFiles/camera_ai_demo_cm33_core0.dir/home/nguyenhoangtrieu/embedded/NPX_Workspace/mcuxsdk/mcuxsdk/drivers/edma4/fsl_edma.c.obj
                0x00002c34                EDMA_HandleIRQ
 .text.EDMA_DriverIRQHandler
                0x00002e08       0x5c CMakeFiles/camera_ai_demo_cm33_core0.dir/home/nguyenhoangtrieu/embedded/NPX_Workspace/mcuxsdk/mcuxsdk/drivers/edma4/fsl_edma.c.obj
                0x00002e08                EDMA_DriverIRQHandler
 .text.FLEXIO_CommonIRQHandler
                0x00002e64       0x58 CMakeFiles/camera_ai_demo_cm33_core0.dir/home/nguyenhoangtrieu/embedded/NPX_Workspace/mcuxsdk/mcuxsdk/drivers/flexio/fsl_flexio.c.obj
 .text.FLEXIO_DriverIRQHandler
                0x00002ebc        0xc CMakeFiles/camera_ai_demo_cm33_core0.dir/home/nguyenhoangtrieu/embedded/NPX_Workspace/mcuxsdk/mcuxsdk/drivers/flexio/fsl_flexio.c.obj
                0x00002ebc                FLEXIO_DriverIRQHandler
 .text.CLOCK_EnableClock
                0x00002ec8       0x9a CMakeFiles/camera_ai_demo_cm33_core0.dir/home/nguyenhoangtrieu/embedded/NPX_Workspace/mcuxsdk/mcuxsdk/drivers/gpio/fsl_gpio.c.obj
 .text.CLOCK_DisableClock
                0x00002f62       0xbe CMakeFiles/camera_ai_demo_cm33_core0.dir/home/nguyenhoangtrieu/embedded/NPX_Workspace/mcuxsdk/mcuxsdk/drivers/gpio/fsl_gpio.c.obj
 .text.GPIO_PinWrite
                0x00003020       0x36 CMakeFiles/camera_ai_demo_cm33_core0.dir/home/nguyenhoangtrieu/embedded/NPX_Workspace/mcuxsdk/mcuxsdk/drivers/gpio/fsl_gpio.c.obj
 *fill*         0x00003056        0x2 
 .text.GPIO_GetInstance
                0x00003058       0x58 CMakeFiles/camera_ai_demo_cm33_core0.dir/home/nguyenhoangtrieu/embedded/NPX_Workspace/mcuxsdk/mcuxsdk/drivers/gpio/fsl_gpio.c.obj
 .text.GPIO_PortClockEnable
                0x000030b0       0x64 CMakeFiles/camera_ai_demo_cm33_core0.dir/home/nguyenhoangtrieu/embedded/NPX_Workspace/mcuxsdk/mcuxsdk/drivers/gpio/fsl_gpio.c.obj
 .text.GPIO_PinInit
                0x00003114       0x78 CMakeFiles/camera_ai_demo_cm33_core0.dir/home/nguyenhoangtrieu/embedded/NPX_Workspace/mcuxsdk/mcuxsdk/drivers/gpio/fsl_gpio.c.obj
                0x00003114                GPIO_PinInit
 .text.CLOCK_EnableClock
                0x0000318c       0x9a CMakeFiles/camera_ai_demo_cm33_core0.dir/home/nguyenhoangtrieu/embedded/NPX_Workspace/mcuxsdk/mcuxsdk/drivers/inputmux/fsl_inputmux.c.obj
 .text.CLOCK_DisableClock
                0x00003226       0xbe CMakeFiles/camera_ai_demo_cm33_core0.dir/home/nguyenhoangtrieu/embedded/NPX_Workspace/mcuxsdk/mcuxsdk/drivers/inputmux/fsl_inputmux.c.obj
 .text.RESET_ReleasePeripheralReset
                0x000032e4       0x16 CMakeFiles/camera_ai_demo_cm33_core0.dir/home/nguyenhoangtrieu/embedded/NPX_Workspace/mcuxsdk/mcuxsdk/drivers/inputmux/fsl_inputmux.c.obj
 *fill*         0x000032fa        0x2 
 .text.INPUTMUX_GetInstance
                0x000032fc       0x54 CMakeFiles/camera_ai_demo_cm33_core0.dir/home/nguyenhoangtrieu/embedded/NPX_Workspace/mcuxsdk/mcuxsdk/drivers/inputmux/fsl_inputmux.c.obj
 .text.INPUTMUX_Init
                0x00003350       0x2c CMakeFiles/camera_ai_demo_cm33_core0.dir/home/nguyenhoangtrieu/embedded/NPX_Workspace/mcuxsdk/mcuxsdk/drivers/inputmux/fsl_inputmux.c.obj
                0x00003350                INPUTMUX_Init
 .text.INPUTMUX_AttachSignal
                0x0000337c       0x3a CMakeFiles/camera_ai_demo_cm33_core0.dir/home/nguyenhoangtrieu/embedded/NPX_Workspace/mcuxsdk/mcuxsdk/drivers/inputmux/fsl_inputmux.c.obj
                0x0000337c                INPUTMUX_AttachSignal
 .text.INPUTMUX_Deinit
                0x000033b6       0x1e CMakeFiles/camera_ai_demo_cm33_core0.dir/home/nguyenhoangtrieu/embedded/NPX_Workspace/mcuxsdk/mcuxsdk/drivers/inputmux/fsl_inputmux.c.obj
                0x000033b6                INPUTMUX_Deinit
 .text.CLOCK_EnableClock
                0x000033d4       0x9a CMakeFiles/camera_ai_demo_cm33_core0.dir/home/nguyenhoangtrieu/embedded/NPX_Workspace/mcuxsdk/mcuxsdk/drivers/lpflexcomm/fsl_lpflexcomm.c.obj
 .text.LP_FLEXCOMM_PeripheralIsPresent
                0x0000346e       0x52 CMakeFiles/camera_ai_demo_cm33_core0.dir/home/nguyenhoangtrieu/embedded/NPX_Workspace/mcuxsdk/mcuxsdk/drivers/lpflexcomm/fsl_lpflexcomm.c.obj
 .text.LP_FLEXCOMM_GetInterruptStatus
                0x000034c0       0x28 CMakeFiles/camera_ai_demo_cm33_core0.dir/home/nguyenhoangtrieu/embedded/NPX_Workspace/mcuxsdk/mcuxsdk/drivers/lpflexcomm/fsl_lpflexcomm.c.obj
                0x000034c0                LP_FLEXCOMM_GetInterruptStatus
 .text.LP_FLEXCOMM_SetPeriph
                0x000034e8       0xa0 CMakeFiles/camera_ai_demo_cm33_core0.dir/home/nguyenhoangtrieu/embedded/NPX_Workspace/mcuxsdk/mcuxsdk/drivers/lpflexcomm/fsl_lpflexcomm.c.obj
 .text.LP_FLEXCOMM_Init
                0x00003588       0x64 CMakeFiles/camera_ai_demo_cm33_core0.dir/home/nguyenhoangtrieu/embedded/NPX_Workspace/mcuxsdk/mcuxsdk/drivers/lpflexcomm/fsl_lpflexcomm.c.obj
                0x00003588                LP_FLEXCOMM_Init
 .text.LP_FLEXCOMM_CommonIRQHandler
                0x000035ec       0xb8 CMakeFiles/camera_ai_demo_cm33_core0.dir/home/nguyenhoangtrieu/embedded/NPX_Workspace/mcuxsdk/mcuxsdk/drivers/lpflexcomm/fsl_lpflexcomm.c.obj
 .text.LP_FLEXCOMM0_DriverIRQHandler
                0x000036a4        0xe CMakeFiles/camera_ai_demo_cm33_core0.dir/home/nguyenhoangtrieu/embedded/NPX_Workspace/mcuxsdk/mcuxsdk/drivers/lpflexcomm/fsl_lpflexcomm.c.obj
                0x000036a4                LP_FLEXCOMM0_DriverIRQHandler
 .text.LP_FLEXCOMM1_DriverIRQHandler
                0x000036b2        0xe CMakeFiles/camera_ai_demo_cm33_core0.dir/home/nguyenhoangtrieu/embedded/NPX_Workspace/mcuxsdk/mcuxsdk/drivers/lpflexcomm/fsl_lpflexcomm.c.obj
                0x000036b2                LP_FLEXCOMM1_DriverIRQHandler
 .text.LP_FLEXCOMM2_DriverIRQHandler
                0x000036c0        0xe CMakeFiles/camera_ai_demo_cm33_core0.dir/home/nguyenhoangtrieu/embedded/NPX_Workspace/mcuxsdk/mcuxsdk/drivers/lpflexcomm/fsl_lpflexcomm.c.obj
                0x000036c0                LP_FLEXCOMM2_DriverIRQHandler
 .text.LP_FLEXCOMM3_DriverIRQHandler
                0x000036ce        0xe CMakeFiles/camera_ai_demo_cm33_core0.dir/home/nguyenhoangtrieu/embedded/NPX_Workspace/mcuxsdk/mcuxsdk/drivers/lpflexcomm/fsl_lpflexcomm.c.obj
                0x000036ce                LP_FLEXCOMM3_DriverIRQHandler
 .text.LP_FLEXCOMM4_DriverIRQHandler
                0x000036dc        0xe CMakeFiles/camera_ai_demo_cm33_core0.dir/home/nguyenhoangtrieu/embedded/NPX_Workspace/mcuxsdk/mcuxsdk/drivers/lpflexcomm/fsl_lpflexcomm.c.obj
                0x000036dc                LP_FLEXCOMM4_DriverIRQHandler
 .text.LP_FLEXCOMM5_DriverIRQHandler
                0x000036ea        0xe CMakeFiles/camera_ai_demo_cm33_core0.dir/home/nguyenhoangtrieu/embedded/NPX_Workspace/mcuxsdk/mcuxsdk/drivers/lpflexcomm/fsl_lpflexcomm.c.obj
                0x000036ea                LP_FLEXCOMM5_DriverIRQHandler
 .text.LP_FLEXCOMM6_DriverIRQHandler
                0x000036f8        0xe CMakeFiles/camera_ai_demo_cm33_core0.dir/home/nguyenhoangtrieu/embedded/NPX_Workspace/mcuxsdk/mcuxsdk/drivers/lpflexcomm/fsl_lpflexcomm.c.obj
                0x000036f8                LP_FLEXCOMM6_DriverIRQHandler
 .text.LP_FLEXCOMM7_DriverIRQHandler
                0x00003706        0xe CMakeFiles/camera_ai_demo_cm33_core0.dir/home/nguyenhoangtrieu/embedded/NPX_Workspace/mcuxsdk/mcuxsdk/drivers/lpflexcomm/fsl_lpflexcomm.c.obj
                0x00003706                LP_FLEXCOMM7_DriverIRQHandler
 .text.LP_FLEXCOMM8_DriverIRQHandler
                0x00003714        0xe CMakeFiles/camera_ai_demo_cm33_core0.dir/home/nguyenhoangtrieu/embedded/NPX_Workspace/mcuxsdk/mcuxsdk/drivers/lpflexcomm/fsl_lpflexcomm.c.obj
                0x00003714                LP_FLEXCOMM8_DriverIRQHandler
 .text.LP_FLEXCOMM9_DriverIRQHandler
                0x00003722        0xe CMakeFiles/camera_ai_demo_cm33_core0.dir/home/nguyenhoangtrieu/embedded/NPX_Workspace/mcuxsdk/mcuxsdk/drivers/lpflexcomm/fsl_lpflexcomm.c.obj
                0x00003722                LP_FLEXCOMM9_DriverIRQHandler
 .text.SPC_GetActiveModeBandgapMode
                0x00003730       0x22 CMakeFiles/camera_ai_demo_cm33_core0.dir/home/nguyenhoangtrieu/embedded/NPX_Workspace/mcuxsdk/mcuxsdk/drivers/mcx_spc/fsl_spc.c.obj
 .text.SPC_GetActiveModeVoltageDetectStatus
                0x00003752       0x22 CMakeFiles/camera_ai_demo_cm33_core0.dir/home/nguyenhoangtrieu/embedded/NPX_Workspace/mcuxsdk/mcuxsdk/drivers/mcx_spc/fsl_spc.c.obj
 .text.SPC_GetActiveModeCoreLDOVDDVoltageLevel
                0x00003774       0x22 CMakeFiles/camera_ai_demo_cm33_core0.dir/home/nguyenhoangtrieu/embedded/NPX_Workspace/mcuxsdk/mcuxsdk/drivers/mcx_spc/fsl_spc.c.obj
 .text.SPC_GetActiveModeCoreLDODriveStrength
                0x00003796       0x22 CMakeFiles/camera_ai_demo_cm33_core0.dir/home/nguyenhoangtrieu/embedded/NPX_Workspace/mcuxsdk/mcuxsdk/drivers/mcx_spc/fsl_spc.c.obj
 .text.SPC_SetActiveModeDCDCRegulatorVoltageLevel
                0x000037b8       0x32 CMakeFiles/camera_ai_demo_cm33_core0.dir/home/nguyenhoangtrieu/embedded/NPX_Workspace/mcuxsdk/mcuxsdk/drivers/mcx_spc/fsl_spc.c.obj
 *fill*         0x000037ea        0x2 
 .text.SPC_SetSRAMOperateVoltage
                0x000037ec       0x68 CMakeFiles/camera_ai_demo_cm33_core0.dir/home/nguyenhoangtrieu/embedded/NPX_Workspace/mcuxsdk/mcuxsdk/drivers/mcx_spc/fsl_spc.c.obj
                0x000037ec                SPC_SetSRAMOperateVoltage
 .text.SPC_SetActiveModeCoreLDORegulatorConfig
                0x00003854       0x94 CMakeFiles/camera_ai_demo_cm33_core0.dir/home/nguyenhoangtrieu/embedded/NPX_Workspace/mcuxsdk/mcuxsdk/drivers/mcx_spc/fsl_spc.c.obj
                0x00003854                SPC_SetActiveModeCoreLDORegulatorConfig
 .text.SPC_SetActiveModeCoreLDORegulatorVoltageLevel
                0x000038e8       0x60 CMakeFiles/camera_ai_demo_cm33_core0.dir/home/nguyenhoangtrieu/embedded/NPX_Workspace/mcuxsdk/mcuxsdk/drivers/mcx_spc/fsl_spc.c.obj
                0x000038e8                SPC_SetActiveModeCoreLDORegulatorVoltageLevel
 .text.SPC_SetActiveModeCoreLDORegulatorDriveStrength
                0x00003948       0x5e CMakeFiles/camera_ai_demo_cm33_core0.dir/home/nguyenhoangtrieu/embedded/NPX_Workspace/mcuxsdk/mcuxsdk/drivers/mcx_spc/fsl_spc.c.obj
                0x00003948                SPC_SetActiveModeCoreLDORegulatorDriveStrength
 *fill*         0x000039a6        0x2 
 .text.SPC_SetActiveModeDCDCRegulatorConfig
                0x000039a8       0x78 CMakeFiles/camera_ai_demo_cm33_core0.dir/home/nguyenhoangtrieu/embedded/NPX_Workspace/mcuxsdk/mcuxsdk/drivers/mcx_spc/fsl_spc.c.obj
                0x000039a8                SPC_SetActiveModeDCDCRegulatorConfig
 .text.SPC_SetActiveModeDCDCRegulatorDriveStrength
                0x00003a20       0x48 CMakeFiles/camera_ai_demo_cm33_core0.dir/home/nguyenhoangtrieu/embedded/NPX_Workspace/mcuxsdk/mcuxsdk/drivers/mcx_spc/fsl_spc.c.obj
                0x00003a20                SPC_SetActiveModeDCDCRegulatorDriveStrength
 .text.SMARTDMA_HandleIRQ
                0x00003a68       0x24 CMakeFiles/camera_ai_demo_cm33_core0.dir/home/nguyenhoangtrieu/embedded/NPX_Workspace/mcuxsdk/mcuxsdk/drivers/smartdma/fsl_smartdma.c.obj
                0x00003a68                SMARTDMA_HandleIRQ
 .text.SMARTDMA_IRQHandler
                0x00003a8c        0xc CMakeFiles/camera_ai_demo_cm33_core0.dir/home/nguyenhoangtrieu/embedded/NPX_Workspace/mcuxsdk/mcuxsdk/drivers/smartdma/mcxn/fsl_smartdma_fw.c.obj
                0x00003a8c                SMARTDMA_IRQHandler
 .text.LPUART_SoftwareReset
                0x00003a98       0x2c CMakeFiles/camera_ai_demo_cm33_core0.dir/home/nguyenhoangtrieu/embedded/NPX_Workspace/mcuxsdk/mcuxsdk/drivers/lpflexcomm/lpuart/fsl_lpuart.c.obj
 .text.LPUART_GetInstance
                0x00003ac4       0x58 CMakeFiles/camera_ai_demo_cm33_core0.dir/home/nguyenhoangtrieu/embedded/NPX_Workspace/mcuxsdk/mcuxsdk/drivers/lpflexcomm/lpuart/fsl_lpuart.c.obj
                0x00003ac4                LPUART_GetInstance
 .text.LPUART_Init
                0x00003b1c      0x470 CMakeFiles/camera_ai_demo_cm33_core0.dir/home/nguyenhoangtrieu/embedded/NPX_Workspace/mcuxsdk/mcuxsdk/drivers/lpflexcomm/lpuart/fsl_lpuart.c.obj
                0x00003b1c                LPUART_Init
 .text.LPUART_GetDefaultConfig
                0x00003f8c       0x9c CMakeFiles/camera_ai_demo_cm33_core0.dir/home/nguyenhoangtrieu/embedded/NPX_Workspace/mcuxsdk/mcuxsdk/drivers/lpflexcomm/lpuart/fsl_lpuart.c.obj
                0x00003f8c                LPUART_GetDefaultConfig
 .text.LPUART_GetStatusFlags
                0x00004028       0x60 CMakeFiles/camera_ai_demo_cm33_core0.dir/home/nguyenhoangtrieu/embedded/NPX_Workspace/mcuxsdk/mcuxsdk/drivers/lpflexcomm/lpuart/fsl_lpuart.c.obj
                0x00004028                LPUART_GetStatusFlags
 .text.LPUART_ClearStatusFlags
                0x00004088       0x94 CMakeFiles/camera_ai_demo_cm33_core0.dir/home/nguyenhoangtrieu/embedded/NPX_Workspace/mcuxsdk/mcuxsdk/drivers/lpflexcomm/lpuart/fsl_lpuart.c.obj
                0x00004088                LPUART_ClearStatusFlags
 .text.LPUART_WriteBlocking
                0x0000411c       0x78 CMakeFiles/camera_ai_demo_cm33_core0.dir/home/nguyenhoangtrieu/embedded/NPX_Workspace/mcuxsdk/mcuxsdk/drivers/lpflexcomm/lpuart/fsl_lpuart.c.obj
                0x0000411c                LPUART_WriteBlocking
 .text.LPUART_ReadBlocking
                0x00004194      0x174 CMakeFiles/camera_ai_demo_cm33_core0.dir/home/nguyenhoangtrieu/embedded/NPX_Workspace/mcuxsdk/mcuxsdk/drivers/lpflexcomm/lpuart/fsl_lpuart.c.obj
                0x00004194                LPUART_ReadBlocking
 .text.fsl_assert_hook
                0x00004308       0x1a CMakeFiles/camera_ai_demo_cm33_core0.dir/home/nguyenhoangtrieu/embedded/NPX_Workspace/mcuxsdk/mcuxsdk/components/assert/fsl_assert.c.obj
                0x00004308                fsl_assert_hook
 *fill*         0x00004322        0x2 
 .text.__assert_func
                0x00004324       0x40 CMakeFiles/camera_ai_demo_cm33_core0.dir/home/nguyenhoangtrieu/embedded/NPX_Workspace/mcuxsdk/mcuxsdk/components/assert/fsl_assert.c.obj
                0x00004324                __assert_func
 .text.DbgConsole_Init
                0x00004364       0x88 CMakeFiles/camera_ai_demo_cm33_core0.dir/home/nguyenhoangtrieu/embedded/NPX_Workspace/mcuxsdk/mcuxsdk/components/debug_console_lite/fsl_debug_console.c.obj
                0x00004364                DbgConsole_Init
 .text.DbgConsole_Printf
                0x000043ec       0x2c CMakeFiles/camera_ai_demo_cm33_core0.dir/home/nguyenhoangtrieu/embedded/NPX_Workspace/mcuxsdk/mcuxsdk/components/debug_console_lite/fsl_debug_console.c.obj
                0x000043ec                DbgConsole_Printf
 .text.DbgConsole_Vprintf
                0x00004418       0x3c CMakeFiles/camera_ai_demo_cm33_core0.dir/home/nguyenhoangtrieu/embedded/NPX_Workspace/mcuxsdk/mcuxsdk/components/debug_console_lite/fsl_debug_console.c.obj
                0x00004418                DbgConsole_Vprintf
 .text.DbgConsole_Putchar
                0x00004454       0x30 CMakeFiles/camera_ai_demo_cm33_core0.dir/home/nguyenhoangtrieu/embedded/NPX_Workspace/mcuxsdk/mcuxsdk/components/debug_console_lite/fsl_debug_console.c.obj
                0x00004454                DbgConsole_Putchar
 .text.DbgConsole_PrintfPaddingCharacter
                0x00004484       0x40 CMakeFiles/camera_ai_demo_cm33_core0.dir/home/nguyenhoangtrieu/embedded/NPX_Workspace/mcuxsdk/mcuxsdk/components/debug_console_lite/fsl_debug_console.c.obj
 .text.DbgConsole_ConvertRadixNumToString
                0x000044c4       0xc2 CMakeFiles/camera_ai_demo_cm33_core0.dir/home/nguyenhoangtrieu/embedded/NPX_Workspace/mcuxsdk/mcuxsdk/components/debug_console_lite/fsl_debug_console.c.obj
 *fill*         0x00004586        0x2 
 .text.DbgConsole_PrintfFormattedData
                0x00004588      0x3e0 CMakeFiles/camera_ai_demo_cm33_core0.dir/home/nguyenhoangtrieu/embedded/NPX_Workspace/mcuxsdk/mcuxsdk/components/debug_console_lite/fsl_debug_console.c.obj
 .text._sbrk    0x00004968       0x68 CMakeFiles/camera_ai_demo_cm33_core0.dir/home/nguyenhoangtrieu/embedded/NPX_Workspace/mcuxsdk/mcuxsdk/components/misc_utilities/fsl_sbrk.c.obj
                0x00004968                _sbrk
 .text.memcpy   0x000049d0       0xa0 CMakeFiles/camera_ai_demo_cm33_core0.dir/home/nguyenhoangtrieu/embedded/NPX_Workspace/mcuxsdk/mcuxsdk/components/misc_utilities/fsl_memcpy.S.obj
                0x000049d0                memcpy
 .text.memset   0x00004a70       0x54 CMakeFiles/camera_ai_demo_cm33_core0.dir/home/nguyenhoangtrieu/embedded/NPX_Workspace/mcuxsdk/mcuxsdk/components/misc_utilities/fsl_memset.S.obj
                0x00004a70                memset
 .text.HAL_UartGetStatus
                0x00004ac4       0x28 CMakeFiles/camera_ai_demo_cm33_core0.dir/home/nguyenhoangtrieu/embedded/NPX_Workspace/mcuxsdk/mcuxsdk/components/uart/fsl_adapter_lpuart.c.obj
 .text.HAL_UartInitCommon
                0x00004aec       0xe4 CMakeFiles/camera_ai_demo_cm33_core0.dir/home/nguyenhoangtrieu/embedded/NPX_Workspace/mcuxsdk/mcuxsdk/components/uart/fsl_adapter_lpuart.c.obj
 .text.HAL_UartInit
                0x00004bd0       0xac CMakeFiles/camera_ai_demo_cm33_core0.dir/home/nguyenhoangtrieu/embedded/NPX_Workspace/mcuxsdk/mcuxsdk/components/uart/fsl_adapter_lpuart.c.obj
                0x00004bd0                HAL_UartInit
 .text.HAL_UartReceiveBlocking
                0x00004c7c       0x8c CMakeFiles/camera_ai_demo_cm33_core0.dir/home/nguyenhoangtrieu/embedded/NPX_Workspace/mcuxsdk/mcuxsdk/components/uart/fsl_adapter_lpuart.c.obj
                0x00004c7c                HAL_UartReceiveBlocking
 .text.HAL_UartSendBlocking
                0x00004d08       0x84 CMakeFiles/camera_ai_demo_cm33_core0.dir/home/nguyenhoangtrieu/embedded/NPX_Workspace/mcuxsdk/mcuxsdk/components/uart/fsl_adapter_lpuart.c.obj
                0x00004d08                HAL_UartSendBlocking
 .text.MCMGR_RegisterEvent
                0x00004d8c       0x4c CMakeFiles/camera_ai_demo_cm33_core0.dir/home/nguyenhoangtrieu/embedded/NPX_Workspace/mcuxsdk/mcuxsdk/middleware/multicore/mcmgr/src/mcmgr.c.obj
                0x00004d8c                MCMGR_RegisterEvent
 .text.MCMGR_TriggerEventCommon
                0x00004dd8       0x64 CMakeFiles/camera_ai_demo_cm33_core0.dir/home/nguyenhoangtrieu/embedded/NPX_Workspace/mcuxsdk/mcuxsdk/middleware/multicore/mcmgr/src/mcmgr.c.obj
 .text.MCMGR_TriggerEvent
                0x00004e3c       0x28 CMakeFiles/camera_ai_demo_cm33_core0.dir/home/nguyenhoangtrieu/embedded/NPX_Workspace/mcuxsdk/mcuxsdk/middleware/multicore/mcmgr/src/mcmgr.c.obj
                0x00004e3c                MCMGR_TriggerEvent
 .text.MCMGR_StartupDataEventHandler
                0x00004e64       0x66 CMakeFiles/camera_ai_demo_cm33_core0.dir/home/nguyenhoangtrieu/embedded/NPX_Workspace/mcuxsdk/mcuxsdk/middleware/multicore/mcmgr/src/mcmgr.c.obj
 .text.MCMGR_FeedStartupDataEventHandler
                0x00004eca       0x7a CMakeFiles/camera_ai_demo_cm33_core0.dir/home/nguyenhoangtrieu/embedded/NPX_Workspace/mcuxsdk/mcuxsdk/middleware/multicore/mcmgr/src/mcmgr.c.obj
 .text.MCMGR_Init
                0x00004f44       0x70 CMakeFiles/camera_ai_demo_cm33_core0.dir/home/nguyenhoangtrieu/embedded/NPX_Workspace/mcuxsdk/mcuxsdk/middleware/multicore/mcmgr/src/mcmgr.c.obj
                0x00004f44                MCMGR_Init
 .text.MCMGR_StartCore
                0x00004fb4       0x6c CMakeFiles/camera_ai_demo_cm33_core0.dir/home/nguyenhoangtrieu/embedded/NPX_Workspace/mcuxsdk/mcuxsdk/middleware/multicore/mcmgr/src/mcmgr.c.obj
                0x00004fb4                MCMGR_StartCore
 .text.MCMGR_GetCurrentCore
                0x00005020        0xe CMakeFiles/camera_ai_demo_cm33_core0.dir/home/nguyenhoangtrieu/embedded/NPX_Workspace/mcuxsdk/mcuxsdk/middleware/multicore/mcmgr/src/mcmgr.c.obj
                0x00005020                MCMGR_GetCurrentCore
 *fill*         0x0000502e        0x2 
 .text.__NVIC_EnableIRQ
                0x00005030       0x3c CMakeFiles/camera_ai_demo_cm33_core0.dir/home/nguyenhoangtrieu/embedded/NPX_Workspace/mcuxsdk/mcuxsdk/middleware/multicore/mcmgr/src/mcmgr_internal_core_api_mcxnx4x.c.obj
 .text.__NVIC_SetPriority
                0x0000506c       0x54 CMakeFiles/camera_ai_demo_cm33_core0.dir/home/nguyenhoangtrieu/embedded/NPX_Workspace/mcuxsdk/mcuxsdk/middleware/multicore/mcmgr/src/mcmgr_internal_core_api_mcxnx4x.c.obj
 .text.CLOCK_EnableClock
                0x000050c0       0x9a CMakeFiles/camera_ai_demo_cm33_core0.dir/home/nguyenhoangtrieu/embedded/NPX_Workspace/mcuxsdk/mcuxsdk/middleware/multicore/mcmgr/src/mcmgr_internal_core_api_mcxnx4x.c.obj
 .text.MAILBOX_Init
                0x0000515a       0x1c CMakeFiles/camera_ai_demo_cm33_core0.dir/home/nguyenhoangtrieu/embedded/NPX_Workspace/mcuxsdk/mcuxsdk/middleware/multicore/mcmgr/src/mcmgr_internal_core_api_mcxnx4x.c.obj
 *fill*         0x00005176        0x2 
 .text.MAILBOX_GetValue
                0x00005178       0x44 CMakeFiles/camera_ai_demo_cm33_core0.dir/home/nguyenhoangtrieu/embedded/NPX_Workspace/mcuxsdk/mcuxsdk/middleware/multicore/mcmgr/src/mcmgr_internal_core_api_mcxnx4x.c.obj
 .text.MAILBOX_SetValueBits
                0x000051bc       0x4c CMakeFiles/camera_ai_demo_cm33_core0.dir/home/nguyenhoangtrieu/embedded/NPX_Workspace/mcuxsdk/mcuxsdk/middleware/multicore/mcmgr/src/mcmgr_internal_core_api_mcxnx4x.c.obj
 .text.MAILBOX_ClearValueBits
                0x00005208       0x4c CMakeFiles/camera_ai_demo_cm33_core0.dir/home/nguyenhoangtrieu/embedded/NPX_Workspace/mcuxsdk/mcuxsdk/middleware/multicore/mcmgr/src/mcmgr_internal_core_api_mcxnx4x.c.obj
 .text.mcmgr_platform_init_internal_early
                0x00005254       0x34 CMakeFiles/camera_ai_demo_cm33_core0.dir/home/nguyenhoangtrieu/embedded/NPX_Workspace/mcuxsdk/mcuxsdk/middleware/multicore/mcmgr/src/mcmgr_internal_core_api_mcxnx4x.c.obj
 .text.mcmgr_platform_init_internal
                0x00005288       0x38 CMakeFiles/camera_ai_demo_cm33_core0.dir/home/nguyenhoangtrieu/embedded/NPX_Workspace/mcuxsdk/mcuxsdk/middleware/multicore/mcmgr/src/mcmgr_internal_core_api_mcxnx4x.c.obj
                0x00005288                mcmgr_platform_init_internal
 .text.mcmgr_start_core_internal
                0x000052c0       0x68 CMakeFiles/camera_ai_demo_cm33_core0.dir/home/nguyenhoangtrieu/embedded/NPX_Workspace/mcuxsdk/mcuxsdk/middleware/multicore/mcmgr/src/mcmgr_internal_core_api_mcxnx4x.c.obj
                0x000052c0                mcmgr_start_core_internal
 .text.mcmgr_get_current_core_internal
                0x00005328       0x10 CMakeFiles/camera_ai_demo_cm33_core0.dir/home/nguyenhoangtrieu/embedded/NPX_Workspace/mcuxsdk/mcuxsdk/middleware/multicore/mcmgr/src/mcmgr_internal_core_api_mcxnx4x.c.obj
                0x00005328                mcmgr_get_current_core_internal
 .text.mcmgr_trigger_event_internal
                0x00005338       0x4c CMakeFiles/camera_ai_demo_cm33_core0.dir/home/nguyenhoangtrieu/embedded/NPX_Workspace/mcuxsdk/mcuxsdk/middleware/multicore/mcmgr/src/mcmgr_internal_core_api_mcxnx4x.c.obj
                0x00005338                mcmgr_trigger_event_internal
 .text.MAILBOX_IRQHandler
                0x00005384       0x88 CMakeFiles/camera_ai_demo_cm33_core0.dir/home/nguyenhoangtrieu/embedded/NPX_Workspace/mcuxsdk/mcuxsdk/middleware/multicore/mcmgr/src/mcmgr_internal_core_api_mcxnx4x.c.obj
                0x00005384                MAILBOX_IRQHandler
 .text.prvCreateTask
                0x0000540c       0x78 CMakeFiles/camera_ai_demo_cm33_core0.dir/home/nguyenhoangtrieu/embedded/NPX_Workspace/mcuxsdk/mcuxsdk/rtos/freertos/freertos-kernel-upstream/tasks.c.obj
 .text.xTaskCreate
                0x00005484       0x46 CMakeFiles/camera_ai_demo_cm33_core0.dir/home/nguyenhoangtrieu/embedded/NPX_Workspace/mcuxsdk/mcuxsdk/rtos/freertos/freertos-kernel-upstream/tasks.c.obj
                0x00005484                xTaskCreate
 .text.prvInitialiseNewTask
                0x000054ca      0x10a CMakeFiles/camera_ai_demo_cm33_core0.dir/home/nguyenhoangtrieu/embedded/NPX_Workspace/mcuxsdk/mcuxsdk/rtos/freertos/freertos-kernel-upstream/tasks.c.obj
 .text.prvAddNewTaskToReadyList
                0x000055d4      0x118 CMakeFiles/camera_ai_demo_cm33_core0.dir/home/nguyenhoangtrieu/embedded/NPX_Workspace/mcuxsdk/mcuxsdk/rtos/freertos/freertos-kernel-upstream/tasks.c.obj
 .text.prvCreateIdleTasks
                0x000056ec       0xac CMakeFiles/camera_ai_demo_cm33_core0.dir/home/nguyenhoangtrieu/embedded/NPX_Workspace/mcuxsdk/mcuxsdk/rtos/freertos/freertos-kernel-upstream/tasks.c.obj
 .text.vTaskStartScheduler
                0x00005798       0x5c CMakeFiles/camera_ai_demo_cm33_core0.dir/home/nguyenhoangtrieu/embedded/NPX_Workspace/mcuxsdk/mcuxsdk/rtos/freertos/freertos-kernel-upstream/tasks.c.obj
                0x00005798                vTaskStartScheduler
 .text.vTaskSuspendAll
                0x000057f4       0x1c CMakeFiles/camera_ai_demo_cm33_core0.dir/home/nguyenhoangtrieu/embedded/NPX_Workspace/mcuxsdk/mcuxsdk/rtos/freertos/freertos-kernel-upstream/tasks.c.obj
                0x000057f4                vTaskSuspendAll
 .text.xTaskResumeAll
                0x00005810      0x1f0 CMakeFiles/camera_ai_demo_cm33_core0.dir/home/nguyenhoangtrieu/embedded/NPX_Workspace/mcuxsdk/mcuxsdk/rtos/freertos/freertos-kernel-upstream/tasks.c.obj
                0x00005810                xTaskResumeAll
 .text.xTaskIncrementTick
                0x00005a00      0x224 CMakeFiles/camera_ai_demo_cm33_core0.dir/home/nguyenhoangtrieu/embedded/NPX_Workspace/mcuxsdk/mcuxsdk/rtos/freertos/freertos-kernel-upstream/tasks.c.obj
                0x00005a00                xTaskIncrementTick
 .text.vTaskSwitchContext
                0x00005c24      0x108 CMakeFiles/camera_ai_demo_cm33_core0.dir/home/nguyenhoangtrieu/embedded/NPX_Workspace/mcuxsdk/mcuxsdk/rtos/freertos/freertos-kernel-upstream/tasks.c.obj
                0x00005c24                vTaskSwitchContext
 .text.prvIdleTask
                0x00005d2c       0x20 CMakeFiles/camera_ai_demo_cm33_core0.dir/home/nguyenhoangtrieu/embedded/NPX_Workspace/mcuxsdk/mcuxsdk/rtos/freertos/freertos-kernel-upstream/tasks.c.obj
 .text.prvInitialiseTaskLists
                0x00005d4c       0x74 CMakeFiles/camera_ai_demo_cm33_core0.dir/home/nguyenhoangtrieu/embedded/NPX_Workspace/mcuxsdk/mcuxsdk/rtos/freertos/freertos-kernel-upstream/tasks.c.obj
 .text.prvCheckTasksWaitingTermination
                0x00005dc0        0xe CMakeFiles/camera_ai_demo_cm33_core0.dir/home/nguyenhoangtrieu/embedded/NPX_Workspace/mcuxsdk/mcuxsdk/rtos/freertos/freertos-kernel-upstream/tasks.c.obj
 *fill*         0x00005dce        0x2 
 .text.prvResetNextTaskUnblockTime
                0x00005dd0       0x38 CMakeFiles/camera_ai_demo_cm33_core0.dir/home/nguyenhoangtrieu/embedded/NPX_Workspace/mcuxsdk/mcuxsdk/rtos/freertos/freertos-kernel-upstream/tasks.c.obj
 .text.vListInitialise
                0x00005e08       0x40 CMakeFiles/camera_ai_demo_cm33_core0.dir/home/nguyenhoangtrieu/embedded/NPX_Workspace/mcuxsdk/mcuxsdk/rtos/freertos/freertos-kernel-upstream/list.c.obj
                0x00005e08                vListInitialise
 .text.vListInitialiseItem
                0x00005e48       0x1a CMakeFiles/camera_ai_demo_cm33_core0.dir/home/nguyenhoangtrieu/embedded/NPX_Workspace/mcuxsdk/mcuxsdk/rtos/freertos/freertos-kernel-upstream/list.c.obj
                0x00005e48                vListInitialiseItem
 *fill*         0x00005e62        0x2 
 .text.vPortSetupTimerInterrupt
                0x00005e64       0x48 CMakeFiles/camera_ai_demo_cm33_core0.dir/home/nguyenhoangtrieu/embedded/NPX_Workspace/mcuxsdk/mcuxsdk/rtos/freertos/freertos-kernel-upstream/portable/GCC/ARM_CM33_NTZ/non_secure/port.c.obj
                0x00005e64                vPortSetupTimerInterrupt
 .text.prvTaskExitError
                0x00005eac       0x38 CMakeFiles/camera_ai_demo_cm33_core0.dir/home/nguyenhoangtrieu/embedded/NPX_Workspace/mcuxsdk/mcuxsdk/rtos/freertos/freertos-kernel-upstream/portable/GCC/ARM_CM33_NTZ/non_secure/port.c.obj
 .text.prvSetupFPU
                0x00005ee4       0x30 CMakeFiles/camera_ai_demo_cm33_core0.dir/home/nguyenhoangtrieu/embedded/NPX_Workspace/mcuxsdk/mcuxsdk/rtos/freertos/freertos-kernel-upstream/portable/GCC/ARM_CM33_NTZ/non_secure/port.c.obj
 .text.vPortYield
                0x00005f14       0x24 CMakeFiles/camera_ai_demo_cm33_core0.dir/home/nguyenhoangtrieu/embedded/NPX_Workspace/mcuxsdk/mcuxsdk/rtos/freertos/freertos-kernel-upstream/portable/GCC/ARM_CM33_NTZ/non_secure/port.c.obj
                0x00005f14                vPortYield
 .text.vPortEnterCritical
                0x00005f38       0x24 CMakeFiles/camera_ai_demo_cm33_core0.dir/home/nguyenhoangtrieu/embedded/NPX_Workspace/mcuxsdk/mcuxsdk/rtos/freertos/freertos-kernel-upstream/portable/GCC/ARM_CM33_NTZ/non_secure/port.c.obj
                0x00005f38                vPortEnterCritical
 .text.vPortExitCritical
                0x00005f5c       0x34 CMakeFiles/camera_ai_demo_cm33_core0.dir/home/nguyenhoangtrieu/embedded/NPX_Workspace/mcuxsdk/mcuxsdk/rtos/freertos/freertos-kernel-upstream/portable/GCC/ARM_CM33_NTZ/non_secure/port.c.obj
                0x00005f5c                vPortExitCritical
 .text.SysTick_Handler
                0x00005f90       0x30 CMakeFiles/camera_ai_demo_cm33_core0.dir/home/nguyenhoangtrieu/embedded/NPX_Workspace/mcuxsdk/mcuxsdk/rtos/freertos/freertos-kernel-upstream/portable/GCC/ARM_CM33_NTZ/non_secure/port.c.obj
                0x00005f90                SysTick_Handler
 .text.vPortSVCHandler_C
                0x00005fc0       0x36 CMakeFiles/camera_ai_demo_cm33_core0.dir/home/nguyenhoangtrieu/embedded/NPX_Workspace/mcuxsdk/mcuxsdk/rtos/freertos/freertos-kernel-upstream/portable/GCC/ARM_CM33_NTZ/non_secure/port.c.obj
                0x00005fc0                vPortSVCHandler_C
 *fill*         0x00005ff6        0x2 
 .text.pxPortInitialiseStack
                0x00005ff8      0x114 CMakeFiles/camera_ai_demo_cm33_core0.dir/home/nguyenhoangtrieu/embedded/NPX_Workspace/mcuxsdk/mcuxsdk/rtos/freertos/freertos-kernel-upstream/portable/GCC/ARM_CM33_NTZ/non_secure/port.c.obj
                0x00005ff8                pxPortInitialiseStack
 .text.xPortStartScheduler
                0x0000610c      0x128 CMakeFiles/camera_ai_demo_cm33_core0.dir/home/nguyenhoangtrieu/embedded/NPX_Workspace/mcuxsdk/mcuxsdk/rtos/freertos/freertos-kernel-upstream/portable/GCC/ARM_CM33_NTZ/non_secure/port.c.obj
                0x0000610c                xPortStartScheduler
 .text.vRestoreContextOfFirstTask
                0x00006234       0x34 CMakeFiles/camera_ai_demo_cm33_core0.dir/home/nguyenhoangtrieu/embedded/NPX_Workspace/mcuxsdk/mcuxsdk/rtos/freertos/freertos-kernel-upstream/portable/GCC/ARM_CM33_NTZ/non_secure/portasm.c.obj
                0x00006234                vRestoreContextOfFirstTask
 .text.vStartFirstTask
                0x00006268       0x20 CMakeFiles/camera_ai_demo_cm33_core0.dir/home/nguyenhoangtrieu/embedded/NPX_Workspace/mcuxsdk/mcuxsdk/rtos/freertos/freertos-kernel-upstream/portable/GCC/ARM_CM33_NTZ/non_secure/portasm.c.obj
                0x00006268                vStartFirstTask
 .text.ulSetInterruptMask
                0x00006288       0x1a CMakeFiles/camera_ai_demo_cm33_core0.dir/home/nguyenhoangtrieu/embedded/NPX_Workspace/mcuxsdk/mcuxsdk/rtos/freertos/freertos-kernel-upstream/portable/GCC/ARM_CM33_NTZ/non_secure/portasm.c.obj
                0x00006288                ulSetInterruptMask
 .text.vClearInterruptMask
                0x000062a2       0x10 CMakeFiles/camera_ai_demo_cm33_core0.dir/home/nguyenhoangtrieu/embedded/NPX_Workspace/mcuxsdk/mcuxsdk/rtos/freertos/freertos-kernel-upstream/portable/GCC/ARM_CM33_NTZ/non_secure/portasm.c.obj
                0x000062a2                vClearInterruptMask
 *fill*         0x000062b2        0x2 
 .text.PendSV_Handler
                0x000062b4       0x60 CMakeFiles/camera_ai_demo_cm33_core0.dir/home/nguyenhoangtrieu/embedded/NPX_Workspace/mcuxsdk/mcuxsdk/rtos/freertos/freertos-kernel-upstream/portable/GCC/ARM_CM33_NTZ/non_secure/portasm.c.obj
                0x000062b4                PendSV_Handler
 .text.SVC_Handler
                0x00006314       0x18 CMakeFiles/camera_ai_demo_cm33_core0.dir/home/nguyenhoangtrieu/embedded/NPX_Workspace/mcuxsdk/mcuxsdk/rtos/freertos/freertos-kernel-upstream/portable/GCC/ARM_CM33_NTZ/non_secure/portasm.c.obj
                0x00006314                SVC_Handler
 .text.pvPortMalloc
                0x0000632c      0x218 CMakeFiles/camera_ai_demo_cm33_core0.dir/home/nguyenhoangtrieu/embedded/NPX_Workspace/mcuxsdk/mcuxsdk/rtos/freertos/freertos-kernel-upstream/portable/MemMang/heap_4.c.obj
                0x0000632c                pvPortMalloc
 .text.vPortFree
                0x00006544       0xbc CMakeFiles/camera_ai_demo_cm33_core0.dir/home/nguyenhoangtrieu/embedded/NPX_Workspace/mcuxsdk/mcuxsdk/rtos/freertos/freertos-kernel-upstream/portable/MemMang/heap_4.c.obj
                0x00006544                vPortFree
 .text.prvHeapInit
                0x00006600       0xb4 CMakeFiles/camera_ai_demo_cm33_core0.dir/home/nguyenhoangtrieu/embedded/NPX_Workspace/mcuxsdk/mcuxsdk/rtos/freertos/freertos-kernel-upstream/portable/MemMang/heap_4.c.obj
 .text.prvInsertBlockIntoFreeList
                0x000066b4       0xe0 CMakeFiles/camera_ai_demo_cm33_core0.dir/home/nguyenhoangtrieu/embedded/NPX_Workspace/mcuxsdk/mcuxsdk/rtos/freertos/freertos-kernel-upstream/portable/MemMang/heap_4.c.obj
 .text.vApplicationStackOverflowHook
                0x00006794       0x12 CMakeFiles/camera_ai_demo_cm33_core0.dir/source/shared/freertos_hooks.c.obj
                0x00006794                vApplicationStackOverflowHook
 .text.vApplicationMallocFailedHook
                0x000067a6        0xc CMakeFiles/camera_ai_demo_cm33_core0.dir/source/shared/freertos_hooks.c.obj
                0x000067a6                vApplicationMallocFailedHook
 *fill*         0x000067b2        0x2 
 .text.main     0x000067b4       0x68 CMakeFiles/camera_ai_demo_cm33_core0.dir/source/main_core0.c.obj
                0x000067b4                main
 *(.rodata)
 .rodata        0x0000681c       0xd8 CMakeFiles/camera_ai_demo_cm33_core0.dir/home/nguyenhoangtrieu/embedded/NPX_Workspace/mcuxsdk/mcuxsdk/devices/MCX/MCXN/MCXN947/drivers/fsl_clock.c.obj
 .rodata        0x000068f4       0xa2 CMakeFiles/camera_ai_demo_cm33_core0.dir/home/nguyenhoangtrieu/embedded/NPX_Workspace/mcuxsdk/mcuxsdk/devices/MCX/MCXN/MCXN947/drivers/fsl_reset.c.obj
 *fill*         0x00006996        0x2 
 .rodata        0x00006998       0x22 CMakeFiles/camera_ai_demo_cm33_core0.dir/home/nguyenhoangtrieu/embedded/NPX_Workspace/mcuxsdk/mcuxsdk/examples/_boards/frdmmcxn947/clock_config.c.obj
 *fill*         0x000069ba        0x2 
 .rodata        0x000069bc       0x6a CMakeFiles/camera_ai_demo_cm33_core0.dir/board_port/pin_mux.c.obj
 *fill*         0x00006a26        0x2 
 .rodata        0x00006a28        0xe CMakeFiles/camera_ai_demo_cm33_core0.dir/board_port/cm33_core0/hardware_init.c.obj
 *fill*         0x00006a36        0x2 
 .rodata        0x00006a38      0x971 CMakeFiles/camera_ai_demo_cm33_core0.dir/home/nguyenhoangtrieu/embedded/NPX_Workspace/mcuxsdk/mcuxsdk/drivers/edma4/fsl_edma.c.obj
 *fill*         0x000073a9        0x3 
 .rodata        0x000073ac       0xc1 CMakeFiles/camera_ai_demo_cm33_core0.dir/home/nguyenhoangtrieu/embedded/NPX_Workspace/mcuxsdk/mcuxsdk/drivers/gpio/fsl_gpio.c.obj
 *fill*         0x0000746d        0x3 
 .rodata        0x00007470       0x86 CMakeFiles/camera_ai_demo_cm33_core0.dir/home/nguyenhoangtrieu/embedded/NPX_Workspace/mcuxsdk/mcuxsdk/drivers/inputmux/fsl_inputmux.c.obj
 *fill*         0x000074f6        0x2 
 .rodata        0x000074f8       0xf2 CMakeFiles/camera_ai_demo_cm33_core0.dir/home/nguyenhoangtrieu/embedded/NPX_Workspace/mcuxsdk/mcuxsdk/drivers/lpflexcomm/fsl_lpflexcomm.c.obj
 *fill*         0x000075ea        0x2 
 .rodata        0x000075ec       0xa7 CMakeFiles/camera_ai_demo_cm33_core0.dir/home/nguyenhoangtrieu/embedded/NPX_Workspace/mcuxsdk/mcuxsdk/drivers/mcx_spc/fsl_spc.c.obj
 *fill*         0x00007693        0x1 
 .rodata        0x00007694      0x21e CMakeFiles/camera_ai_demo_cm33_core0.dir/home/nguyenhoangtrieu/embedded/NPX_Workspace/mcuxsdk/mcuxsdk/drivers/lpflexcomm/lpuart/fsl_lpuart.c.obj
 *fill*         0x000078b2        0x2 
 .rodata        0x000078b4       0x3e CMakeFiles/camera_ai_demo_cm33_core0.dir/home/nguyenhoangtrieu/embedded/NPX_Workspace/mcuxsdk/mcuxsdk/components/assert/fsl_assert.c.obj
 *fill*         0x000078f2        0x2 
 .rodata        0x000078f4      0x128 CMakeFiles/camera_ai_demo_cm33_core0.dir/home/nguyenhoangtrieu/embedded/NPX_Workspace/mcuxsdk/mcuxsdk/components/uart/fsl_adapter_lpuart.c.obj
 .rodata        0x00007a1c       0xb2 CMakeFiles/camera_ai_demo_cm33_core0.dir/home/nguyenhoangtrieu/embedded/NPX_Workspace/mcuxsdk/mcuxsdk/middleware/multicore/mcmgr/src/mcmgr_internal_core_api_mcxnx4x.c.obj
 *fill*         0x00007ace        0x2 
 .rodata        0x00007ad0        0x5 CMakeFiles/camera_ai_demo_cm33_core0.dir/home/nguyenhoangtrieu/embedded/NPX_Workspace/mcuxsdk/mcuxsdk/rtos/freertos/freertos-kernel-upstream/tasks.c.obj
 *fill*         0x00007ad5        0x3 
 .rodata        0x00007ad8       0xb4 CMakeFiles/camera_ai_demo_cm33_core0.dir/source/main_core0.c.obj
 *(.rodata*)
 .rodata.__func__.1
                0x00007b8c       0x10 CMakeFiles/camera_ai_demo_cm33_core0.dir/home/nguyenhoangtrieu/embedded/NPX_Workspace/mcuxsdk/mcuxsdk/devices/MCX/MCXN/MCXN947/drivers/fsl_clock.c.obj
 .rodata.__func__.1
                0x00007b9c       0x19 CMakeFiles/camera_ai_demo_cm33_core0.dir/home/nguyenhoangtrieu/embedded/NPX_Workspace/mcuxsdk/mcuxsdk/devices/MCX/MCXN/MCXN947/drivers/fsl_reset.c.obj
 *fill*         0x00007bb5        0x3 
 .rodata.__func__.0
                0x00007bb8       0x1b CMakeFiles/camera_ai_demo_cm33_core0.dir/home/nguyenhoangtrieu/embedded/NPX_Workspace/mcuxsdk/mcuxsdk/devices/MCX/MCXN/MCXN947/drivers/fsl_reset.c.obj
 *fill*         0x00007bd3        0x1 
 .rodata.__func__.0
                0x00007bd4       0x12 CMakeFiles/camera_ai_demo_cm33_core0.dir/board_port/pin_mux.c.obj
 *fill*         0x00007be6        0x2 
 .rodata.s_edmaBases
                0x00007be8        0x8 CMakeFiles/camera_ai_demo_cm33_core0.dir/home/nguyenhoangtrieu/embedded/NPX_Workspace/mcuxsdk/mcuxsdk/drivers/edma4/fsl_edma.c.obj
 .rodata.__func__.0
                0x00007bf0        0xf CMakeFiles/camera_ai_demo_cm33_core0.dir/home/nguyenhoangtrieu/embedded/NPX_Workspace/mcuxsdk/mcuxsdk/drivers/edma4/fsl_edma.c.obj
 *fill*         0x00007bff        0x1 
 .rodata.s_gpioBases
                0x00007c00       0x30 CMakeFiles/camera_ai_demo_cm33_core0.dir/home/nguyenhoangtrieu/embedded/NPX_Workspace/mcuxsdk/mcuxsdk/drivers/gpio/fsl_gpio.c.obj
 .rodata.s_gpioClockName
                0x00007c30        0xc CMakeFiles/camera_ai_demo_cm33_core0.dir/home/nguyenhoangtrieu/embedded/NPX_Workspace/mcuxsdk/mcuxsdk/drivers/gpio/fsl_gpio.c.obj
 .rodata.__func__.4
                0x00007c3c       0x11 CMakeFiles/camera_ai_demo_cm33_core0.dir/home/nguyenhoangtrieu/embedded/NPX_Workspace/mcuxsdk/mcuxsdk/drivers/gpio/fsl_gpio.c.obj
 *fill*         0x00007c4d        0x3 
 .rodata.__func__.3
                0x00007c50       0x15 CMakeFiles/camera_ai_demo_cm33_core0.dir/home/nguyenhoangtrieu/embedded/NPX_Workspace/mcuxsdk/mcuxsdk/drivers/gpio/fsl_gpio.c.obj
 *fill*         0x00007c65        0x3 
 .rodata.__func__.2
                0x00007c68        0xd CMakeFiles/camera_ai_demo_cm33_core0.dir/home/nguyenhoangtrieu/embedded/NPX_Workspace/mcuxsdk/mcuxsdk/drivers/gpio/fsl_gpio.c.obj
 *fill*         0x00007c75        0x3 
 .rodata.__func__.0