Archive member included to satisfy reference by file (symbol)

/usr/lib/gcc/arm-none-eabi/14.2.1/thumb/v8-m.main+fp/hard/libgcc.a(_aeabi_uldivmod.o)
                              CMakeFiles/camera_ai_demo_cm33_core0.dir/home/nguyenhoangtrieu/embedded/NPX_Workspace/mcuxsdk/mcuxsdk/devices/MCX/MCXN/MCXN947/drivers/fsl_clock.c.obj (__aeabi_uldivmod)
/usr/lib/gcc/arm-none-eabi/14.2.1/thumb/v8-m.main+fp/hard/libgcc.a(_fixunssfdi.o)
                              CMakeFiles/camera_ai_demo_cm33_core0.dir/home/nguyenhoangtrieu/embedded/NPX_Workspace/mcuxsdk/mcuxsdk/devices/MCX/MCXN/MCXN947/drivers/fsl_clock.c.obj (__aeabi_f2ulz)
/usr/lib/gcc/arm-none-eabi/14.2.1/thumb/v8-m.main+fp/hard/libgcc.a(_udivmoddi4.o)
                              /usr/lib/gcc/arm-none-eabi/14.2.1/thumb/v8-m.main+fp/hard/libgcc.a(_aeabi_uldivmod.o) (__udivmoddi4)
/usr/lib/gcc/arm-none-eabi/14.2.1/thumb/v8-m.main+fp/hard/libgcc.a(_arm_muldf3.o)
                              /usr/lib/gcc/arm-none-eabi/14.2.1/thumb/v8-m.main+fp/hard/libgcc.a(_fixunssfdi.o) (__aeabi_dmul)
/usr/lib/gcc/arm-none-eabi/14.2.1/thumb/v8-m.main+fp/hard/libgcc.a(_dvmd_tls.o)
                              /usr/lib/gcc/arm-none-eabi/14.2.1/thumb/v8-m.main+fp/hard/libgcc.a(_aeabi_uldivmod.o) (__aeabi_ldiv0)
/usr/lib/gcc/arm-none-eabi/14.2.1/thumb/v8-m.main+fp/hard/libgcc.a(_arm_addsubdf3.o)
                              /usr/lib/gcc/arm-none-eabi/14.2.1/thumb/v8-m.main+fp/hard/libgcc.a(_fixunssfdi.o) (__aeabi_dsub)
/usr/lib/gcc/arm-none-eabi/14.2.1/thumb/v8-m.main+fp/hard/libgcc.a(_arm_fixunsdfsi.o)
                              /usr/lib/gcc/arm-none-eabi/14.2.1/thumb/v8-m.main+fp/hard/libgcc.a(_fixunssfdi.o) (__aeabi_d2uiz)
/home/nguyenhoangtrieu/embedded/NPX_Workspace/mcuxsdk/mcuxsdk/middleware/eiq/tensorflow-lite/lib/cm33/armgcc/libtflm.a(flatbuffer_conversions.cpp.obj)
                              CMakeFiles/camera_ai_demo_cm33_core0.dir/source/ai/model_runner_npu.cpp.obj (tflite::ParseSlice(tflite::Operator const*, tflite::ErrorReporter*, tflite::BuiltinDataAllocator*, void**))
/home/nguyenhoangtrieu/embedded/NPX_Workspace/mcuxsdk/mcuxsdk/middleware/eiq/tensorflow-lite/lib/cm33/armgcc/libtflm.a(micro_context.cpp.obj)
                              CMakeFiles/camera_ai_demo_cm33_core0.dir/home/nguyenhoangtrieu/embedded/NPX_Workspace/mcuxsdk/mcuxsdk/middleware/eiq/tensorflow-lite/tensorflow/lite/micro/kernels/neutron/neutron.cpp.obj (tflite::MicroContext::AllocateTempInputTensor(TfLiteNode const*, int))
/home/nguyenhoangtrieu/embedded/NPX_Workspace/mcuxsdk/mcuxsdk/middleware/eiq/tensorflow-lite/lib/cm33/armgcc/libtflm.a(slice.cpp.obj)
                              CMakeFiles/camera_ai_demo_cm33_core0.dir/source/ai/model_runner_npu.cpp.obj (tflite::Register_SLICE())
/home/nguyenhoangtrieu/embedded/NPX_Workspace/mcuxsdk/mcuxsdk/middleware/eiq/tensorflow-lite/lib/cm33/armgcc/libtflm.a(kernel_util.cpp.obj)
                              CMakeFiles/camera_ai_demo_cm33_core0.dir/home/nguyenhoangtrieu/embedded/NPX_Workspace/mcuxsdk/mcuxsdk/middleware/eiq/tensorflow-lite/tensorflow/lite/micro/kernels/neutron/neutron.cpp.obj (tflite::micro::RegisterOp(void* (*)(TfLiteContext*, char const*, unsigned int), TfLiteStatus (*)(TfLiteContext*, TfLiteNode*), TfLiteStatus (*)(TfLiteContext*, TfLiteNode*), void (*)(TfLiteContext*, void*), void (*)(TfLiteContext*, void*)))
/home/nguyenhoangtrieu/embedded/NPX_Workspace/mcuxsdk/mcuxsdk/middleware/eiq/tensorflow-lite/lib/cm33/armgcc/libtflm.a(memory_helpers.cpp.obj)
                              /home/nguyenhoangtrieu/embedded/NPX_Workspace/mcuxsdk/mcuxsdk/middleware/eiq/tensorflow-lite/lib/cm33/armgcc/libtflm.a(micro_context.cpp.obj) (tflite::AlignPointerUp(unsigned char*, unsigned int))
/home/nguyenhoangtrieu/embedded/NPX_Workspace/mcuxsdk/mcuxsdk/middleware/eiq/tensorflow-lite/lib/cm33/armgcc/libtflm.a(micro_log.cpp.obj)
                              /home/nguyenhoangtrieu/embedded/NPX_Workspace/mcuxsdk/mcuxsdk/middleware/eiq/tensorflow-lite/lib/cm33/armgcc/libtflm.a(micro_context.cpp.obj) (VMicroPrintf(char const*, std::__va_list))
/home/nguyenhoangtrieu/embedded/NPX_Workspace/mcuxsdk/mcuxsdk/middleware/eiq/tensorflow-lite/lib/cm33/armgcc/libtflm.a(micro_interpreter.cpp.obj)
                              CMakeFiles/camera_ai_demo_cm33_core0.dir/source/ai/model_runner_npu.cpp.obj (tflite::MicroInterpreter::MicroInterpreter(tflite::Model const*, tflite::MicroOpResolver const&, unsigned char*, unsigned int, tflite::MicroResourceVariables*, tflite::MicroProfilerInterface*, bool))
/home/nguyenhoangtrieu/embedded/NPX_Workspace/mcuxsdk/mcuxsdk/middleware/eiq/tensorflow-lite/lib/cm33/armgcc/libtflm.a(micro_allocator.cpp.obj)
                              /home/nguyenhoangtrieu/embedded/NPX_Workspace/mcuxsdk/mcuxsdk/middleware/eiq/tensorflow-lite/lib/cm33/armgcc/libtflm.a(micro_interpreter.cpp.obj) (tflite::MicroAllocator::Create(unsigned char*, unsigned int, tflite::MemoryPlannerType))
[...]
Memory Configuration

Name             Origin             Length             Attributes
m_interrupts     0x00000000         0x00000400         xr
m_text           0x00000400         0x000bfc00         xr
m_core1_image    0x000c0000         0x00040000         xr
m_data           0x20000000         0x00028000         rw
m_shared         0x20028000         0x00026000         rw
rpmsg_sh_mem     0x2004e000         0x00000000         rw
m_flash1         0x00100000         0x00100000         xr
m_sramx          0x04000000         0x00018000         rw
m_flash_config   0x80000400         0x00000400         xr
m_usb_sram       0x400ba000         0x00001000         rw
*default*        0x00000000         0xffffffff

Linker script and memory map

LOAD /usr/lib/gcc/arm-none-eabi/14.2.1/thumb/v8-m.main+fp/hard/crti.o
LOAD /usr/lib/gcc/arm-none-eabi/14.2.1/thumb/v8-m.main+fp/hard/crtbegin.o
LOAD /usr/lib/gcc/arm-none-eabi/14.2.1/../../../arm-none-eabi/lib/thumb/v8-m.main+fp/hard/crt0.o
LOAD CMakeFiles/camera_ai_demo_cm33_core0.dir/home/nguyenhoangtrieu/embedded/NPX_Workspace/mcuxsdk/mcuxsdk/devices/MCX/MCXN/MCXN947/system_MCXN947_cm33_core0.c.obj
LOAD CMakeFiles/camera_ai_demo_cm33_core0.dir/home/nguyenhoangtrieu/embedded/NPX_Workspace/mcuxsdk/mcuxsdk/devices/MCX/MCXN/MCXN947/gcc/startup_MCXN947_cm33_core0.S.obj
LOAD CMakeFiles/camera_ai_demo_cm33_core0.dir/home/nguyenhoangtrieu/embedded/NPX_Workspace/mcuxsdk/mcuxsdk/devices/MCX/MCXN/MCXN947/drivers/fsl_clock.c.obj
LOAD CMakeFiles/camera_ai_demo_cm33_core0.dir/home/nguyenhoangtrieu/embedded/NPX_Workspace/mcuxsdk/mcuxsdk/devices/MCX/MCXN/MCXN947/drivers/fsl_edma_soc.c.obj
LOAD CMakeFiles/camera_ai_demo_cm33_core0.dir/home/nguyenhoangtrieu/embedded/NPX_Workspace/mcuxsdk/mcuxsdk/devices/MCX/MCXN/MCXN947/drivers/fsl_reset.c.obj
LOAD CMakeFiles/camera_ai_demo_cm33_core0.dir/home/nguyenhoangtrieu/embedded/NPX_Workspace/mcuxsdk/mcuxsdk/examples/_boards/frdmmcxn947/board.c.obj
LOAD CMakeFiles/camera_ai_demo_cm33_core0.dir/home/nguyenhoangtrieu/embedded/NPX_Workspace/mcuxsdk/mcuxsdk/examples/_boards/frdmmcxn947/clock_config.c.obj
LOAD CMakeFiles/camera_ai_demo_cm33_core0.dir/board_port/pin_mux.c.obj
LOAD CMakeFiles/camera_ai_demo_cm33_core0.dir/board_port/cm33_core0/hardware_init.c.obj
LOAD CMakeFiles/camera_ai_demo_cm33_core0.dir/home/nguyenhoangtrieu/embedded/NPX_Workspace/mcuxsdk/mcuxsdk/drivers/common/fsl_common.c.obj
LOAD CMakeFiles/camera_ai_demo_cm33_core0.dir/home/nguyenhoangtrieu/embedded/NPX_Workspace/mcuxsdk/mcuxsdk/drivers/common/fsl_common_arm.c.obj
LOAD CMakeFiles/camera_ai_demo_cm33_core0.dir/home/nguyenhoangtrieu/embedded/NPX_Workspace/mcuxsdk/mcuxsdk/drivers/edma4/fsl_edma.c.obj
LOAD CMakeFiles/camera_ai_demo_cm33_core0.dir/home/nguyenhoangtrieu/embedded/NPX_Workspace/mcuxsdk/mcuxsdk/drivers/flexio/fsl_flexio.c.obj
LOAD CMakeFiles/camera_ai_demo_cm33_core0.dir/home/nguyenhoangtrieu/embedded/NPX_Workspace/mcuxsdk/mcuxsdk/drivers/gpio/fsl_gpio.c.obj
LOAD CMakeFiles/camera_ai_demo_cm33_core0.dir/home/nguyenhoangtrieu/embedded/NPX_Workspace/mcuxsdk/mcuxsdk/drivers/inputmux/fsl_inputmux.c.obj
LOAD CMakeFiles/camera_ai_demo_cm33_core0.dir/home/nguyenhoangtrieu/embedded/NPX_Workspace/mcuxsdk/mcuxsdk/drivers/lpflexcomm/fsl_lpflexcomm.c.obj
LOAD CMakeFiles/camera_ai_demo_cm33_core0.dir/home/nguyenhoangtrieu/embedded/NPX_Workspace/mcuxsdk/mcuxsdk/drivers/mcx_spc/fsl_spc.c.obj
LOAD CMakeFiles/camera_ai_demo_cm33_core0.dir/home/nguyenhoangtrieu/embedded/NPX_Workspace/mcuxsdk/mcuxsdk/drivers/smartdma/fsl_smartdma.c.obj
LOAD CMakeFiles/camera_ai_demo_cm33_core0.dir/home/nguyenhoangtrieu/embedded/NPX_Workspace/mcuxsdk/mcuxsdk/drivers/smartdma/mcxn/fsl_smartdma_fw.c.obj
LOAD CMakeFiles/camera_ai_demo_cm33_core0.dir/home/nguyenhoangtrieu/embedded/NPX_Workspace/mcuxsdk/mcuxsdk/drivers/flexio/mculcd/fsl_flexio_mculcd.c.obj
LOAD CMakeFiles/camera_ai_demo_cm33_core0.dir/home/nguyenhoangtrieu/embedded/NPX_Workspace/mcuxsdk/mcuxsdk/drivers/lpflexcomm/lpi2c/fsl_lpi2c.c.obj
LOAD CMakeFiles/camera_ai_demo_cm33_core0.dir/home/nguyenhoangtrieu/embedded/NPX_Workspace/mcuxsdk/mcuxsdk/drivers/lpflexcomm/lpspi/fsl_lpspi.c.obj
LOAD CMakeFiles/camera_ai_demo_cm33_core0.dir/home/nguyenhoangtrieu/embedded/NPX_Workspace/mcuxsdk/mcuxsdk/drivers/lpflexcomm/lpspi/fsl_lpspi_edma.c.obj
LOAD CMakeFiles/camera_ai_demo_cm33_core0.dir/home/nguyenhoangtrieu/embedded/NPX_Workspace/mcuxsdk/mcuxsdk/drivers/lpflexcomm/lpuart/fsl_lpuart.c.obj
LOAD CMakeFiles/camera_ai_demo_cm33_core0.dir/home/nguyenhoangtrieu/embedded/NPX_Workspace/mcuxsdk/mcuxsdk/components/assert/fsl_assert.c.obj
LOAD CMakeFiles/camera_ai_demo_cm33_core0.dir/home/nguyenhoangtrieu/embedded/NPX_Workspace/mcuxsdk/mcuxsdk/components/debug_console_lite/fsl_debug_console.c.obj
LOAD CMakeFiles/camera_ai_demo_cm33_core0.dir/home/nguyenhoangtrieu/embedded/NPX_Workspace/mcuxsdk/mcuxsdk/components/lists/fsl_component_generic_list.c.obj
LOAD CMakeFiles/camera_ai_demo_cm33_core0.dir/home/nguyenhoangtrieu/embedded/NPX_Workspace/mcuxsdk/mcuxsdk/components/misc_utilities/fsl_syscall_stub.c.obj
LOAD CMakeFiles/camera_ai_demo_cm33_core0.dir/home/nguyenhoangtrieu/embedded/NPX_Workspace/mcuxsdk/mcuxsdk/components/misc_utilities/fsl_sbrk.c.obj
LOAD CMakeFiles/camera_ai_demo_cm33_core0.dir/home/nguyenhoangtrieu/embedded/NPX_Workspace/mcuxsdk/mcuxsdk/components/misc_utilities/fsl_memcpy.S.obj
LOAD CMakeFiles/camera_ai_demo_cm33_core0.dir/home/nguyenhoangtrieu/embedded/NPX_Workspace/mcuxsdk/mcuxsdk/components/misc_utilities/fsl_memset.S.obj
LOAD CMakeFiles/camera_ai_demo_cm33_core0.dir/home/nguyenhoangtrieu/embedded/NPX_Workspace/mcuxsdk/mcuxsdk/components/osa/fsl_os_abstraction_bm.c.obj
LOAD CMakeFiles/camera_ai_demo_cm33_core0.dir/home/nguyenhoangtrieu/embedded/NPX_Workspace/mcuxsdk/mcuxsdk/components/str/fsl_str.c.obj
LOAD CMakeFiles/camera_ai_demo_cm33_core0.dir/home/nguyenhoangtrieu/embedded/NPX_Workspace/mcuxsdk/mcuxsdk/components/uart/fsl_adapter_lpuart.c.obj
LOAD CMakeFiles/camera_ai_demo_cm33_core0.dir/home/nguyenhoangtrieu/embedded/NPX_Workspace/mcuxsdk/mcuxsdk/components/video/fsl_video_common.c.obj
LOAD CMakeFiles/camera_ai_demo_cm33_core0.dir/home/nguyenhoangtrieu/embedded/NPX_Workspace/mcuxsdk/mcuxsdk/components/video/camera/device/sccb/fsl_sccb.c.obj
LOAD CMakeFiles/camera_ai_demo_cm33_core0.dir/home/nguyenhoangtrieu/embedded/NPX_Workspace/mcuxsdk/mcuxsdk/components/video/camera/device/ov7670/fsl_ov7670.c.obj
LOAD CMakeFiles/camera_ai_demo_cm33_core0.dir/home/nguyenhoangtrieu/embedded/NPX_Workspace/mcuxsdk/mcuxsdk/middleware/usb/device/usb_device_khci.c.obj
LOAD CMakeFiles/camera_ai_demo_cm33_core0.dir/home/nguyenhoangtrieu/embedded/NPX_Workspace/mcuxsdk/mcuxsdk/middleware/usb/device/usb_device_ehci.c.obj
LOAD CMakeFiles/camera_ai_demo_cm33_core0.dir/home/nguyenhoangtrieu/embedded/NPX_Workspace/mcuxsdk/mcuxsdk/middleware/usb/device/usb_device_dci.c.obj
LOAD CMakeFiles/camera_ai_demo_cm33_core0.dir/home/nguyenhoangtrieu/embedded/NPX_Workspace/mcuxsdk/mcuxsdk/middleware/usb/device/usb_device_ch9.c.obj
LOAD CMakeFiles/camera_ai_demo_cm33_core0.dir/home/nguyenhoangtrieu/embedded/NPX_Workspace/mcuxsdk/mcuxsdk/middleware/usb/device/class/usb_device_class.c.obj
LOAD CMakeFiles/camera_ai_demo_cm33_core0.dir/home/nguyenhoangtrieu/embedded/NPX_Workspace/mcuxsdk/mcuxsdk/middleware/usb/device/class/usb_device_video.c.obj
LOAD CMakeFiles/camera_ai_demo_cm33_core0.dir/home/nguyenhoangtrieu/embedded/NPX_Workspace/mcuxsdk/mcuxsdk/middleware/usb/phy/usb_phy.c.obj
LOAD CMakeFiles/camera_ai_demo_cm33_core0.dir/home/nguyenhoangtrieu/embedded/NPX_Workspace/mcuxsdk/mcuxsdk/middleware/multicore/mcmgr/src/mcmgr.c.obj
LOAD CMakeFiles/camera_ai_demo_cm33_core0.dir/home/nguyenhoangtrieu/embedded/NPX_Workspace/mcuxsdk/mcuxsdk/middleware/multicore/mcmgr/src/mcmgr_internal_core_api_mcxnx4x.c.obj
LOAD CMakeFiles/camera_ai_demo_cm33_core0.dir/home/nguyenhoangtrieu/embedded/NPX_Workspace/mcuxsdk/mcuxsdk/rtos/freertos/freertos-kernel-upstream/tasks.c.obj
LOAD CMakeFiles/camera_ai_demo_cm33_core0.dir/home/nguyenhoangtrieu/embedded/NPX_Workspace/mcuxsdk/mcuxsdk/rtos/freertos/freertos-kernel-upstream/list.c.obj
LOAD CMakeFiles/camera_ai_demo_cm33_core0.dir/home/nguyenhoangtrieu/embedded/NPX_Workspace/mcuxsdk/mcuxsdk/rtos/freertos/freertos-kernel-upstream/queue.c.obj
LOAD CMakeFiles/camera_ai_demo_cm33_core0.dir/home/nguyenhoangtrieu/embedded/NPX_Workspace/mcuxsdk/mcuxsdk/rtos/freertos/freertos-kernel-upstream/portable/GCC/ARM_CM33_NTZ/non_secure/port.c.obj
LOAD CMakeFiles/camera_ai_demo_cm33_core0.dir/home/nguyenhoangtrieu/embedded/NPX_Workspace/mcuxsdk/mcuxsdk/rtos/freertos/freertos-kernel-upstream/portable/GCC/ARM_CM33_NTZ/non_secure/portasm.c.obj
LOAD CMakeFiles/camera_ai_demo_cm33_core0.dir/home/nguyenhoangtrieu/embedded/NPX_Workspace/mcuxsdk/mcuxsdk/rtos/freertos/freertos-kernel-upstream/portable/GCC/ARM_CM33_NTZ/non_secure/mpu_wrappers_v2_asm.c.obj
LOAD CMakeFiles/camera_ai_demo_cm33_core0.dir/home/nguyenhoangtrieu/embedded/NPX_Workspace/mcuxsdk/mcuxsdk/rtos/freertos/freertos-kernel-upstream/portable/MemMang/heap_4.c.obj
LOAD CMakeFiles/camera_ai_demo_cm33_core0.dir/source/shared/ipc_events.c.obj
LOAD CMakeFiles/camera_ai_demo_cm33_core0.dir/source/shared/freertos_hooks.c.obj
LOAD CMakeFiles/camera_ai_demo_cm33_core0.dir/home/nguyenhoangtrieu/embedded/NPX_Workspace/mcuxsdk/mcuxsdk/components/misc_utilities/fsl_incbin.S.obj
LOAD CMakeFiles/camera_ai_demo_cm33_core0.dir/source/main_core0.c.obj
LOAD CMakeFiles/camera_ai_demo_cm33_core0.dir/source/ai/model_runner_npu.cpp.obj
LOAD CMakeFiles/camera_ai_demo_cm33_core0.dir/home/nguyenhoangtrieu/embedded/NPX_Workspace/mcuxsdk/mcuxsdk/middleware/eiq/tensorflow-lite/tensorflow/lite/micro/kernels/neutron/neutron.cpp.obj
LOAD CMakeFiles/camera_ai_demo_cm33_core0.dir/home/nguyenhoangtrieu/embedded/NPX_Workspace/mcuxsdk/mcuxsdk/middleware/eiq/tensorflow-lite/tensorflow/lite/micro/micro_time.cpp.obj
LOAD CMakeFiles/camera_ai_demo_cm33_core0.dir/home/nguyenhoangtrieu/embedded/NPX_Workspace/mcuxsdk/mcuxsdk/middleware/eiq/tensorflow-lite/tensorflow/lite/micro/debug_log.cpp.obj
START GROUP
LOAD /usr/lib/gcc/arm-none-eabi/14.2.1/thumb/v8-m.main+fp/hard/libgcc.a
LOAD /usr/lib/gcc/arm-none-eabi/14.2.1/../../../arm-none-eabi/lib/thumb/v8-m.main+fp/hard/libnosys.a
END GROUP
LOAD /home/nguyenhoangtrieu/embedded/NPX_Workspace/mcuxsdk/mcuxsdk/middleware/eiq/tensorflow-lite/lib/cm33/armgcc/libtflm.a
LOAD /home/nguyenhoangtrieu/embedded/NPX_Workspace/mcuxsdk/mcuxsdk/middleware/eiq/neutron/mcxn/libNeutronDriver.a
LOAD /home/nguyenhoangtrieu/embedded/NPX_Workspace/mcuxsdk/mcuxsdk/middleware/eiq/neutron/mcxn/libNeutronFirmware.a
LOAD /usr/lib/gcc/arm-none-eabi/14.2.1/../../../arm-none-eabi/lib/thumb/v8-m.main+fp/hard/libstdc++_nano.a
LOAD /usr/lib/gcc/arm-none-eabi/14.2.1/../../../arm-none-eabi/lib/thumb/v8-m.main+fp/hard/libm.a
LOAD /usr/lib/gcc/arm-none-eabi/14.2.1/../../../arm-none-eabi/lib/thumb/v8-m.main+fp/hard/libc_nano.a
START GROUP
LOAD /usr/lib/gcc/arm-none-eabi/14.2.1/thumb/v8-m.main+fp/hard/libgcc.a
LOAD /usr/lib/gcc/arm-none-eabi/14.2.1/../../../arm-none-eabi/lib/thumb/v8-m.main+fp/hard/libg_nano.a
LOAD /usr/lib/gcc/arm-none-eabi/14.2.1/../../../arm-none-eabi/lib/thumb/v8-m.main+fp/hard/libc_nano.a
END GROUP
START GROUP
LOAD /usr/lib/gcc/arm-none-eabi/14.2.1/thumb/v8-m.main+fp/hard/libgcc.a
LOAD /usr/lib/gcc/arm-none-eabi/14.2.1/../../../arm-none-eabi/lib/thumb/v8-m.main+fp/hard/libc_nano.a
LOAD /usr/lib/gcc/arm-none-eabi/14.2.1/../../../arm-none-eabi/lib/thumb/v8-m.main+fp/hard/libnosys.a
END GROUP
START GROUP
LOAD /usr/lib/gcc/arm-none-eabi/14.2.1/thumb/v8-m.main+fp/hard/libgcc.a
LOAD /usr/lib/gcc/arm-none-eabi/14.2.1/../../../arm-none-eabi/lib/thumb/v8-m.main+fp/hard/libc_nano.a
LOAD /usr/lib/gcc/arm-none-eabi/14.2.1/../../../arm-none-eabi/lib/thumb/v8-m.main+fp/hard/libnosys.a
END GROUP
LOAD /usr/lib/gcc/arm-none-eabi/14.2.1/thumb/v8-m.main+fp/hard/crtend.o
LOAD /usr/lib/gcc/arm-none-eabi/14.2.1/thumb/v8-m.main+fp/hard/crtn.o
                0x00000400                        HEAP_SIZE = DEFINED (__heap_size__)?__heap_size__:0x400
                0x00000800                        STACK_SIZE = DEFINED (__stack_size__)?__stack_size__:0x800
                0x00000000                        RPMSG_SHMEM_SIZE = DEFINED (__use_shmem__)?0x2000:0x0
                0x00000000                        TEXT_START = DEFINED (__qspi_xip__)?0x80001000:0x0
                0x000c0000                        TEXT_SIZE = DEFINED (__qspi_xip__)?0xffff000:0xc0000

.core1_code     0x000c0000     0xd944
                0x000c0000                        . = ALIGN (0x4)
 *(.core1_code)
 .core1_code    0x000c0000     0xd944 CMakeFiles/camera_ai_demo_cm33_core0.dir/home/nguyenhoangtrieu/embedded/NPX_Workspace/mcuxsdk/mcuxsdk/components/misc_utilities/fsl_incbin.S.obj
                0x000c0000                core1_image_start
                0x000cd934                core1_image_end
                0x000cd940                core1_image_size
 *(.core1_code*)
                0x000cd944                        . = ALIGN (0x4)

.shared_mem     0x20028000        0x0
                0x20028000                        . = ALIGN (0x8)
                0x20028000                        __SHARED_MEM_START__ = .
 *(.shared_mem)
                0x20028000                        . = ALIGN (0x8)
                0x20028000                        __SHARED_MEM_END__ = .

.noinit_rpmsg_sh_mem
                0x2004e000        0x0
                0x2004e000                        __RPMSG_SH_MEM_START__ = .
 *(.noinit.$rpmsg_sh_mem*)
                0x2004e000                        . = ALIGN (0x4)
                0x2004e000                        __RPMSG_SH_MEM_END__ = .

.flash_config   0x80000400        0x0
                0x80000400                        . = ALIGN (0x4)
                0x80000400                        __FLASH_BASE = .
 *(.flexspi_fcb)
                0x80000400                        . = ALIGN (0x4)

.interrupts     0x00000000      0x2b0
                0x00000000                        . = ALIGN (0x4)
 *(.isr_vector)
 .isr_vector    0x00000000      0x2b0 CMakeFiles/camera_ai_demo_cm33_core0.dir/home/nguyenhoangtrieu/embedded/NPX_Workspace/mcuxsdk/mcuxsdk/devices/MCX/MCXN/MCXN947/gcc/startup_MCXN947_cm33_core0.S.obj
                0x00000000                __Vectors
                0x000002b0                        . = ALIGN (0x4)

.text           0x00000400    0x23950
                0x00000400                        . = ALIGN (0x4)
 *(.text)
 .text          0x00000400       0x8c /usr/lib/gcc/arm-none-eabi/14.2.1/thumb/v8-m.main+fp/hard/crtbegin.o
 .text          0x0000048c       0x70 /usr/lib/gcc/arm-none-eabi/14.2.1/../../../arm-none-eabi/lib/thumb/v8-m.main+fp/hard/crt0.o
                0x0000048c                _stack_init
                0x00000494                _mainCRTStartup
                0x00000494                _start
 .text          0x000004fc      0x5a0 CMakeFiles/camera_ai_demo_cm33_core0.dir/home/nguyenhoangtrieu/embedded/NPX_Workspace/mcuxsdk/mcuxsdk/devices/MCX/MCXN/MCXN947/gcc/startup_MCXN947_cm33_core0.S.obj
                0x000004fc                Reset_Handler
                0x00000590                HSCMP1_DriverIRQHandler
                0x00000590                PINT0_DriverIRQHandler
                0x00000590                WWDT1_DriverIRQHandler
                0x00000590                DebugMon_Handler
                0x00000590                EMVSIM0_DriverIRQHandler
                0x00000590                I3C0_DriverIRQHandler
                0x00000590                USB0_FS_DriverIRQHandler
                0x00000590                PKC_ERR_DriverIRQHandler
                0x00000590                QDC1_HOME_DriverIRQHandler
                0x00000590                SCG_DriverIRQHandler
                0x00000590                CMC0_DriverIRQHandler
                0x00000590                LPTMR0_DriverIRQHandler
                0x00000590                FLEXPWM1_SUBMODULE1_DriverIRQHandler
                0x00000590                FLEXPWM0_SUBMODULE1_DriverIRQHandler
                0x00000590                FLEXPWM0_RELOAD_ERROR_DriverIRQHandler
                0x00000590                QDC0_HOME_DriverIRQHandler
                0x00000590                Reserved167_DriverIRQHandler
                0x00000590                SEC_VIO_DriverIRQHandler
                0x00000590                ERM_MULTI_BIT_ERROR_DriverIRQHandler
                0x00000590                GPIO31_DriverIRQHandler
                0x00000590                EWM0_DriverIRQHandler
                0x00000590                PKC_DriverIRQHandler
                0x00000590                USB1_HS_PHY_DriverIRQHandler
                0x00000590                QDC0_IDX_DriverIRQHandler
                0x00000590                ELS_DriverIRQHandler
                0x00000590                Reserved166_DriverIRQHandler
                0x00000590                ETHERNET_DriverIRQHandler
                0x00000590                QDC1_IDX_DriverIRQHandler
                0x00000590                FLEXPWM1_SUBMODULE3_DriverIRQHandler
                0x00000590                DAC1_DriverIRQHandler
                0x00000590                CTIMER2_DriverIRQHandler
                0x00000590                UsageFault_Handler
                0x00000590                ITRC0_DriverIRQHandler
                0x00000590                ETB0_DriverIRQHandler
                0x00000590                Freqme_DriverIRQHandler
                0x00000590                Reserved80_DriverIRQHandler
                0x00000590                DefaultISR
                0x00000590                ELS_ERR_DriverIRQHandler
                0x00000590                DAC0_DriverIRQHandler
                0x00000590                MRT0_DriverIRQHandler
                0x00000590                UTICK0_DriverIRQHandler
                0x00000590                FLEXPWM0_SUBMODULE2_DriverIRQHandler
                0x00000590                GPIO01_DriverIRQHandler
                0x00000590                WWDT0_DriverIRQHandler
                0x00000590                USDHC0_DriverIRQHandler
                0x00000590                GPIO00_DriverIRQHandler
                0x00000590                GPIO11_DriverIRQHandler
                0x00000590                CTIMER4_DriverIRQHandler
                0x00000590                BSP32_DriverIRQHandler
                0x00000590                FLEXPWM0_FAULT_DriverIRQHandler
                0x00000590                SAI1_DriverIRQHandler
                0x00000590                ERM_SINGLE_BIT_ERROR_DriverIRQHandler
                0x00000590                GPIO21_DriverIRQHandler
                0x00000590                FLEXPWM1_FAULT_DriverIRQHandler
                0x00000590                GPIO30_DriverIRQHandler
                0x00000590                CTIMER0_DriverIRQHandler
                0x00000590                CTIMER1_DriverIRQHandler
                0x00000590                QDC0_COMPARE_DriverIRQHandler
                0x00000590                SecureFault_Handler
                0x00000590                ADC1_DriverIRQHandler
                0x00000590                PQ_DriverIRQHandler
                0x00000590                ETHERNET_MACLP_DriverIRQHandler
                0x00000590                USB0_DCD_DriverIRQHandler
                0x00000590                MAILBOX_DriverIRQHandler
                0x00000590                WUU_DriverIRQHandler
                0x00000590                CTIMER3_DriverIRQHandler
                0x00000590                FLEXPWM1_SUBMODULE0_DriverIRQHandler
                0x00000590                CDOG1_DriverIRQHandler
                0x00000590                TSI_OUT_OF_SCAN_DriverIRQHandler
                0x00000590                PUF_DriverIRQHandler
                0x00000590                SPC_DriverIRQHandler
                0x00000590                RTC_DriverIRQHandler
                0x00000590                VBAT0_DriverIRQHandler
                0x00000590                Reserved65_DriverIRQHandler
                0x00000590                HSCMP2_DriverIRQHandler
                0x00000590                MemManage_Handler
                0x00000590                PDM_EVENT_DriverIRQHandler
                0x00000590                ETHERNET_PMT_DriverIRQHandler
                0x00000590                FLEXPWM1_RELOAD_ERROR_DriverIRQHandler
                0x00000590                FMU0_DriverIRQHandler
                0x00000590                QDC1_COMPARE_DriverIRQHandler
                0x00000590                LPTMR1_DriverIRQHandler
                0x00000590                CTI0_DriverIRQHandler
                0x00000590                GPIO40_DriverIRQHandler
                0x00000590                FLEXPWM1_SUBMODULE2_DriverIRQHandler
                0x00000590                GPIO20_DriverIRQHandler
                0x00000590                QDC1_WDG_SAB_DriverIRQHandler
                0x00000590                GDET_DriverIRQHandler
                0x00000590                PORT_EFT_DriverIRQHandler
                0x00000590                Reserved85_DriverIRQHandler
                0x00000590                Reserved81_DriverIRQHandler
                0x00000590                TSI_END_OF_SCAN_DriverIRQHandler
                0x00000590                FLEXPWM0_SUBMODULE3_DriverIRQHandler
                0x00000590                ADC0_DriverIRQHandler
                0x00000590                OR_DriverIRQHandler
                0x00000590                USB1_HS_DriverIRQHandler
                0x00000590                Reserved113_DriverIRQHandler
                0x00000590                DAC2_DriverIRQHandler
                0x00000590                GPIO51_DriverIRQHandler
                0x00000590                HSCMP0_DriverIRQHandler
                0x00000590                QDC0_WDG_SAB_DriverIRQHandler
                0x00000590                CDOG0_DriverIRQHandler
                0x00000590                CAN0_DriverIRQHandler
                0x00000590                SMARTDMA_DriverIRQHandler
                0x00000590                SAI0_DriverIRQHandler
                0x00000590                EMVSIM1_DriverIRQHandler
                0x00000590                I3C1_DriverIRQHandler
                0x00000590                BusFault_Handler
                0x00000590                FLEXSPI0_DriverIRQHandler
                0x00000590                GPIO50_DriverIRQHandler
                0x00000590                GPIO10_DriverIRQHandler
                0x00000590                SCT0_DriverIRQHandler
                0x00000590                CAN1_DriverIRQHandler
                0x00000590                PLU_DriverIRQHandler
                0x00000590                FLEXPWM0_SUBMODULE0_DriverIRQHandler
                0x00000590                OS_EVENT_DriverIRQHandler
                0x00000590                SINC_FILTER_DriverIRQHandler
                0x00000590                GPIO41_DriverIRQHandler
                0x00000590                SEC_HYPERVISOR_CALL_DriverIRQHandler
                0x00000594                NMI_Handler
                0x00000598                HardFault_Handler
                0x000005a8                OR_IRQHandler
                0x000005ac                EDMA_0_CH0_IRQHandler
                0x000005b0                EDMA_0_CH1_IRQHandler
                0x000005b4                EDMA_0_CH2_IRQHandler
                0x000005b8                EDMA_0_CH3_IRQHandler
                0x000005bc                EDMA_0_CH4_IRQHandler
                0x000005c0                EDMA_0_CH5_IRQHandler
                0x000005c4                EDMA_0_CH6_IRQHandler
                0x000005c8                EDMA_0_CH7_IRQHandler
                0x000005cc                EDMA_0_CH8_IRQHandler
                0x000005d0                EDMA_0_CH9_IRQHandler
                0x000005d4                EDMA_0_CH10_IRQHandler
                0x000005d8                EDMA_0_CH11_IRQHandler
                0x000005dc                EDMA_0_CH12_IRQHandler
                0x000005e0                EDMA_0_CH13_IRQHandler
                0x000005e4                EDMA_0_CH14_IRQHandler
                0x000005e8                EDMA_0_CH15_IRQHandler
                0x000005ec                GPIO00_IRQHandler
                0x000005f0                GPIO01_IRQHandler
                0x000005f4                GPIO10_IRQHandler
                0x000005f8                GPIO11_IRQHandler
                0x000005fc                GPIO20_IRQHandler
                0x00000600                GPIO21_IRQHandler
                0x00000604                GPIO30_IRQHandler
                0x00000608                GPIO31_IRQHandler
                0x0000060c                GPIO40_IRQHandler
                0x00000610                GPIO41_IRQHandler
                0x00000614                GPIO50_IRQHandler
                0x00000618                GPIO51_IRQHandler
                0x0000061c                UTICK0_IRQHandler
                0x00000620                MRT0_IRQHandler
                0x00000624                CTIMER0_IRQHandler
                0x00000628                CTIMER1_IRQHandler
                0x0000062c                SCT0_IRQHandler
                0x00000630                CTIMER2_IRQHandler
                0x00000634                LP_FLEXCOMM0_IRQHandler
                0x00000638                LP_FLEXCOMM1_IRQHandler
                0x0000063c                LP_FLEXCOMM2_IRQHandler
                0x00000640                LP_FLEXCOMM3_IRQHandler
                0x00000644                LP_FLEXCOMM4_IRQHandler
                0x00000648                LP_FLEXCOMM5_IRQHandler
                0x0000064c                LP_FLEXCOMM6_IRQHandler
                0x00000650                LP_FLEXCOMM7_IRQHandler
                0x00000654                LP_FLEXCOMM8_IRQHandler
                0x00000658                LP_FLEXCOMM9_IRQHandler
                0x0000065c                ADC0_IRQHandler
                0x00000660                ADC1_IRQHandler
                0x00000664                PINT0_IRQHandler
                0x00000668                PDM_EVENT_IRQHandler
                0x0000066c                Reserved65_IRQHandler
                0x00000670                USB0_FS_IRQHandler
                0x00000674                USB0_DCD_IRQHandler
                0x00000678                RTC_IRQHandler
                0x00000684                CTIMER3_IRQHandler
                0x00000688                CTIMER4_IRQHandler
                0x0000068c                OS_EVENT_IRQHandler
                0x00000690                FLEXSPI0_IRQHandler
                0x00000694                SAI0_IRQHandler
                0x00000698                SAI1_IRQHandler
                0x0000069c                USDHC0_IRQHandler
                0x000006a0                CAN0_IRQHandler
                0x000006a4                CAN1_IRQHandler
                0x000006a8                Reserved80_IRQHandler
                0x000006ac                Reserved81_IRQHandler
                0x000006b0                USB1_HS_PHY_IRQHandler
                0x000006b4                USB1_HS_IRQHandler
                0x000006b8                SEC_HYPERVISOR_CALL_IRQHandler
                0x000006bc                Reserved85_IRQHandler
                0x000006c0                PLU_IRQHandler
                0x000006c4                Freqme_IRQHandler
                0x000006c8                SEC_VIO_IRQHandler
                0x000006cc                ELS_IRQHandler
                0x000006d0                PKC_IRQHandler
                0x000006d4                PUF_IRQHandler
                0x000006d8                PQ_IRQHandler
                0x000006dc                EDMA_1_CH0_IRQHandler
                0x000006e0                EDMA_1_CH1_IRQHandler
                0x000006e4                EDMA_1_CH2_IRQHandler
                0x000006e8                EDMA_1_CH3_IRQHandler
                0x000006ec                EDMA_1_CH4_IRQHandler
                0x000006f0                EDMA_1_CH5_IRQHandler
                0x000006f4                EDMA_1_CH6_IRQHandler
                0x000006f8                EDMA_1_CH7_IRQHandler
                0x000006fc                EDMA_1_CH8_IRQHandler
                0x00000700                EDMA_1_CH9_IRQHandler
                0x00000704                EDMA_1_CH10_IRQHandler
                0x00000708                EDMA_1_CH11_IRQHandler
                0x0000070c                EDMA_1_CH12_IRQHandler
                0x00000710                EDMA_1_CH13_IRQHandler
                0x00000714                EDMA_1_CH14_IRQHandler
                0x00000718                EDMA_1_CH15_IRQHandler
                0x0000071c                CDOG0_IRQHandler
                0x00000720                CDOG1_IRQHandler
                0x00000724                I3C0_IRQHandler
                0x00000728                I3C1_IRQHandler
                0x0000072c                Reserved113_IRQHandler
                0x00000730                GDET_IRQHandler
                0x00000734                VBAT0_IRQHandler
                0x00000738                EWM0_IRQHandler
                0x0000073c                TSI_END_OF_SCAN_IRQHandler
                0x00000740                TSI_OUT_OF_SCAN_IRQHandler
                0x00000744                EMVSIM0_IRQHandler
                0x00000748                EMVSIM1_IRQHandler
                0x0000074c                FLEXIO_IRQHandler
                0x00000750                DAC0_IRQHandler
                0x00000754                DAC1_IRQHandler
                0x00000758                DAC2_IRQHandler
                0x0000075c                HSCMP0_IRQHandler
                0x00000760                HSCMP1_IRQHandler
                0x00000764                HSCMP2_IRQHandler
                0x00000768                FLEXPWM0_RELOAD_ERROR_IRQHandler
                0x0000076c                FLEXPWM0_FAULT_IRQHandler
                0x00000770                FLEXPWM0_SUBMODULE0_IRQHandler
                0x00000774                FLEXPWM0_SUBMODULE1_IRQHandler
                0x00000778                FLEXPWM0_SUBMODULE2_IRQHandler
                0x0000077c                FLEXPWM0_SUBMODULE3_IRQHandler
                0x00000780                FLEXPWM1_RELOAD_ERROR_IRQHandler
                0x00000784                FLEXPWM1_FAULT_IRQHandler
                0x00000788                FLEXPWM1_SUBMODULE0_IRQHandler
                0x0000078c                FLEXPWM1_SUBMODULE1_IRQHandler
                0x00000790                FLEXPWM1_SUBMODULE2_IRQHandler
                0x00000794                FLEXPWM1_SUBMODULE3_IRQHandler
                0x00000798                QDC0_COMPARE_IRQHandler
                0x0000079c                QDC0_HOME_IRQHandler
                0x000007a0                QDC0_WDG_SAB_IRQHandler
                0x000007a4                QDC0_IDX_IRQHandler
                0x000007a8                QDC1_COMPARE_IRQHandler
                0x000007ac                QDC1_HOME_IRQHandler
                0x000007b0                QDC1_WDG_SAB_IRQHandler
                0x000007b4                QDC1_IDX_IRQHandler
                0x000007b8                ITRC0_IRQHandler
                0x000007bc                BSP32_IRQHandler
                0x000007c0                ELS_ERR_IRQHandler
                0x000007c4                PKC_ERR_IRQHandler
                0x000007c8                ERM_SINGLE_BIT_ERROR_IRQHandler
                0x000007cc                ERM_MULTI_BIT_ERROR_IRQHandler
                0x000007d0                FMU0_IRQHandler
                0x000007d4                ETHERNET_IRQHandler
                0x000007d8                ETHERNET_PMT_IRQHandler
                0x000007dc                ETHERNET_MACLP_IRQHandler
                0x000007e0                SINC_FILTER_IRQHandler
                0x000007e4                LPTMR0_IRQHandler
                0x000007e8                LPTMR1_IRQHandler
                0x000007ec                SCG_IRQHandler
                0x000007f0                SPC_IRQHandler
                0x000007f4                WUU_IRQHandler
                0x000007f8                PORT_EFT_IRQHandler
                0x000007fc                ETB0_IRQHandler
                0x00000800                Reserved166_IRQHandler
                0x00000804                Reserved167_IRQHandler
                0x00000808                WWDT0_IRQHandler
                0x0000080c                WWDT1_IRQHandler
                0x00000810                CMC0_IRQHandler
                0x00000814                CTI0_IRQHandler
 .text          0x00000a9c       0x30 /usr/lib/gcc/arm-none-eabi/14.2.1/thumb/v8-m.main+fp/hard/libgcc.a(_aeabi_uldivmod.o)
                0x00000a9c                __aeabi_uldivmod
 .text          0x00000acc       0x40 /usr/lib/gcc/arm-none-eabi/14.2.1/thumb/v8-m.main+fp/hard/libgcc.a(_fixunssfdi.o)
                0x00000acc                __aeabi_f2ulz
                0x00000acc                __fixunssfdi
 .text          0x00000b0c      0x34c /usr/lib/gcc/arm-none-eabi/14.2.1/thumb/v8-m.main+fp/hard/libgcc.a(_udivmoddi4.o)
                0x00000b0c                __udivmoddi4
 .text          0x00000e58        0x4 /usr/lib/gcc/arm-none-eabi/14.2.1/thumb/v8-m.main+fp/hard/libgcc.a(_dvmd_tls.o)
                0x00000e58                __aeabi_ldiv0
                0x00000e58                __aeabi_idiv0
 .text          0x00000e5c      0x378 /usr/lib/gcc/arm-none-eabi/14.2.1/thumb/v8-m.main+fp/hard/libgcc.a(_arm_addsubdf3.o)
                0x00000e5c                __aeabi_drsub
                0x00000e64                __aeabi_dsub
                0x00000e64                __subdf3
                0x00000e68                __adddf3
                0x00000e68                __aeabi_dadd
                0x000010e0                __aeabi_ui2d
                0x000010e0                __floatunsidf
                0x00001100                __floatsidf
                0x00001100                __aeabi_i2d
                0x00001124                __extendsfdf2
                0x00001124                __aeabi_f2d
                0x00001168                __aeabi_ul2d
                0x00001168                __floatundidf
                0x00001178                __floatdidf
                0x00001178                __aeabi_l2d
 .text          0x000011d4       0x40 /usr/lib/gcc/arm-none-eabi/14.2.1/thumb/v8-m.main+fp/hard/libgcc.a(_arm_fixunsdfsi.o)
                0x000011d4                __fixunsdfsi
                0x000011d4                __aeabi_d2uiz
 .text          0x00001214       0x9c /usr/lib/gcc/arm-none-eabi/14.2.1/../../../arm-none-eabi/lib/thumb/v8-m.main+fp/hard/libm.a(libm_a-s_round.o)
                0x00001214                round
 .text          0x000012b0       0x64 /usr/lib/gcc/arm-none-eabi/14.2.1/../../../arm-none-eabi/lib/thumb/v8-m.main+fp/hard/libm.a(libm_a-s_frexp.o)
                0x000012b0                frexp
 *fill*         0x00001314        0x4 
 .text          0x00001318      0x108 /usr/lib/gcc/arm-none-eabi/14.2.1/../../../arm-none-eabi/lib/thumb/v8-m.main+fp/hard/libm.a(libm_a-s_floor.o)
                0x00001318                floor
 .text          0x00001420       0x78 /usr/lib/gcc/arm-none-eabi/14.2.1/../../../arm-none-eabi/lib/thumb/v8-m.main+fp/hard/libm.a(libm_a-wf_exp.o)
                0x00001420                expf
 .text          0x00001498       0x14 /usr/lib/gcc/arm-none-eabi/14.2.1/../../../arm-none-eabi/lib/thumb/v8-m.main+fp/hard/libm.a(libm_a-sf_finite.o)
                0x00001498                finitef
 .text          0x000014ac      0x1d4 /usr/lib/gcc/arm-none-eabi/14.2.1/../../../arm-none-eabi/lib/thumb/v8-m.main+fp/hard/libm.a(libm_a-ef_exp.o)
                0x000014ac                __ieee754_expf
 .text          0x00001680       0x8c /usr/lib/gcc/arm-none-eabi/14.2.1/../../../arm-none-eabi/lib/thumb/v8-m.main+fp/hard/libm.a(libm_a-math_errf.o)
                0x000016b8                __math_uflowf
                0x000016c4                __math_oflowf
                0x000016d0                __math_divzerof
                0x000016f0                __math_invalidf
 .text          0x0000170c      0x114 /usr/lib/gcc/arm-none-eabi/14.2.1/../../../arm-none-eabi/lib/thumb/v8-m.main+fp/hard/libc_nano.a(libc_a-snprintf.o)
                0x0000170c                _sniprintf_r
                0x0000170c                _snprintf_r
                0x00001790                snprintf
                0x00001790                sniprintf
 .text          0x00001820       0x28 /usr/lib/gcc/arm-none-eabi/14.2.1/../../../arm-none-eabi/lib/thumb/v8-m.main+fp/hard/libc_nano.a(libc_a-fini.o)
                0x00001820                __libc_fini_array
 .text          0x00001848      0x3f0 /usr/lib/gcc/arm-none-eabi/14.2.1/../../../arm-none-eabi/lib/thumb/v8-m.main+fp/hard/libc_nano.a(libc_a-nano-svfprintf.o)
                0x00001848                __ssputs_r
                0x00001908                __ssprint_r
                0x00001a14                _svfprintf_r
                0x00001a14                _svfiprintf_r
 .text          0x00001c38      0x130 /usr/lib/gcc/arm-none-eabi/14.2.1/../../../arm-none-eabi/lib/thumb/v8-m.main+fp/hard/libc_nano.a(libc_a-memmove.o)
                0x00001c38                memmove
 .text          0x00001d68       0x10 /usr/lib/gcc/arm-none-eabi/14.2.1/../../../arm-none-eabi/lib/thumb/v8-m.main+fp/hard/libc_nano.a(libc_a-abort.o)
                0x00001d68                abort
 .text          0x00001d78      0x1bc /usr/lib/gcc/arm-none-eabi/14.2.1/../../../arm-none-eabi/lib/thumb/v8-m.main+fp/hard/libc_nano.a(libc_a-strcmp.o)
                0x00001d78                strcmp
 .text          0x00001f34      0x148 /usr/lib/gcc/arm-none-eabi/14.2.1/../../../arm-none-eabi/lib/thumb/v8-m.main+fp/hard/libc_nano.a(libc_a-mallocr.o)
                0x00001f7c                _malloc_r
 .text          0x0000207c       0xa8 /usr/lib/gcc/arm-none-eabi/14.2.1/../../../arm-none-eabi/lib/thumb/v8-m.main+fp/hard/libc_nano.a(libc_a-freer.o)
                0x0000207c                _free_r
 .text          0x00002124       0x20 /usr/lib/gcc/arm-none-eabi/14.2.1/../../../arm-none-eabi/lib/thumb/v8-m.main+fp/hard/libc_nano.a(libc_a-malloc.o)
                0x00002124                malloc
                0x00002134                free
 .text          0x00002144       0x74 /usr/lib/gcc/arm-none-eabi/14.2.1/../../../arm-none-eabi/lib/thumb/v8-m.main+fp/hard/libc_nano.a(libc_a-strncmp.o)
                0x00002144                strncmp
 .text          0x000021b8       0x64 /usr/lib/gcc/arm-none-eabi/14.2.1/../../../arm-none-eabi/lib/thumb/v8-m.main+fp/hard/libc_nano.a(libc_a-reallocr.o)
                0x000021b8                _realloc_r
 .text          0x0000221c       0x5c /usr/lib/gcc/arm-none-eabi/14.2.1/../../../arm-none-eabi/lib/thumb/v8-m.main+fp/hard/libc_nano.a(libc_a-strlen-stub.o)
                0x0000221c                strlen
 .text          0x00002278        0x8 /usr/lib/gcc/arm-none-eabi/14.2.1/../../../arm-none-eabi/lib/thumb/v8-m.main+fp/hard/libc_nano.a(libc_a-mlock.o)
                0x00002278                __malloc_lock
                0x0000227c                __malloc_unlock
 .text          0x00002280        0xc /usr/lib/gcc/arm-none-eabi/14.2.1/../../../arm-none-eabi/lib/thumb/v8-m.main+fp/hard/libc_nano.a(libc_a-errno.o)
                0x00002280                __errno
 .text          0x0000228c       0x64 /usr/lib/gcc/arm-none-eabi/14.2.1/../../../arm-none-eabi/lib/thumb/v8-m.main+fp/hard/libc_nano.a(libc_a-strncpy.o)
                0x0000228c                strncpy
 .text          0x000022f0       0x24 /usr/lib/gcc/arm-none-eabi/14.2.1/../../../arm-none-eabi/lib/thumb/v8-m.main+fp/hard/libc_nano.a(libc_a-exit.o)
                0x000022f0                exit
 .text          0x00002314       0x1c /usr/lib/gcc/arm-none-eabi/14.2.1/../../../arm-none-eabi/lib/thumb/v8-m.main+fp/hard/libc_nano.a(libc_a-cxa_atexit.o)
                0x00002314                __cxa_atexit
 .text          0x00002330        0xc /usr/lib/gcc/arm-none-eabi/14.2.1/../../../arm-none-eabi/lib/thumb/v8-m.main+fp/hard/libc_nano.a(libc_a-atexit.o)
                0x00002330                atexit
 .text          0x0000233c       0x80 /usr/lib/gcc/arm-none-eabi/14.2.1/../../../arm-none-eabi/lib/thumb/v8-m.main+fp/hard/libc_nano.a(libc_a-memchr-stub.o)
                0x0000233c                memchr
 .text          0x000023bc      0x25c /usr/lib/gcc/arm-none-eabi/14.2.1/../../../arm-none-eabi/lib/thumb/v8-m.main+fp/hard/libc_nano.a(libc_a-signal.o)
                0x000023bc                _init_signal_r
                0x000023e8                _signal_r
                0x00002434                _raise_r
                0x00002484                __sigtramp_r
                0x000024e4                raise
                0x00002538                signal
                0x00002584                _init_signal
                0x000025b8                __sigtramp
 .text          0x00002618       0x50 /usr/lib/gcc/arm-none-eabi/14.2.1/../../../arm-none-eabi/lib/thumb/v8-m.main+fp/hard/libc_nano.a(libc_a-init.o)
                0x00002618                __libc_init_array
 .text          0x00002668      0x3ac /usr/lib/gcc/arm-none-eabi/14.2.1/../../../arm-none-eabi/lib/thumb/v8-m.main+fp/hard/libc_nano.a(libc_a-nano-vfprintf_i.o)
                0x00002668                _printf_common
                0x00002788                _printf_i
 .text          0x00002a14       0x30 /usr/lib/gcc/arm-none-eabi/14.2.1/../../../arm-none-eabi/lib/thumb/v8-m.main+fp/hard/libc_nano.a(libc_a-signalr.o)
                0x00002a14                _kill_r
                0x00002a40                _getpid_r
 .text          0x00002a44       0x14 /usr/lib/gcc/arm-none-eabi/14.2.1/../../../arm-none-eabi/lib/thumb/v8-m.main+fp/hard/libc_nano.a(libc_a-msizer.o)
                0x00002a44                _malloc_usable_size_r
 .text          0x00002a58       0x24 /usr/lib/gcc/arm-none-eabi/14.2.1/../../../arm-none-eabi/lib/thumb/v8-m.main+fp/hard/libc_nano.a(libc_a-sbrkr.o)
                0x00002a58                _sbrk_r
 .text          0x00002a7c       0xac /usr/lib/gcc/arm-none-eabi/14.2.1/../../../arm-none-eabi/lib/thumb/v8-m.main+fp/hard/libc_nano.a(libc_a-__atexit.o)
                0x00002a7c                __register_exitproc
 .text          0x00002b28       0xd0 /usr/lib/gcc/arm-none-eabi/14.2.1/../../../arm-none-eabi/lib/thumb/v8-m.main+fp/hard/libc_nano.a(libc_a-__call_atexit.o)
                0x00002b28                __call_exitprocs
 .text          0x00002bf8      0x424 /usr/lib/gcc/arm-none-eabi/14.2.1/thumb/v8-m.main+fp/hard/libgcc.a(_arm_muldivdf3.o)
                0x00002bf8                __aeabi_dmul
                0x00002bf8                __muldf3
                0x00002e4c                __aeabi_ddiv
                0x00002e4c                __divdf3
 .text          0x0000301c      0x110 /usr/lib/gcc/arm-none-eabi/14.2.1/thumb/v8-m.main+fp/hard/libgcc.a(_arm_cmpdf2.o)
                0x0000301c                __gtdf2
                0x0000301c                __gedf2
                0x00003024                __ltdf2
                0x00003024                __ledf2
                0x0000302c                __cmpdf2
                0x0000302c                __eqdf2
                0x0000302c                __nedf2
                0x000030a8                __aeabi_cdrcmple
                0x000030b8                __aeabi_cdcmple
                0x000030b8                __aeabi_cdcmpeq
                0x000030c8                __aeabi_dcmpeq
                0x000030dc                __aeabi_dcmplt
                0x000030f0                __aeabi_dcmple
                0x00003104                __aeabi_dcmpge
                0x00003118                __aeabi_dcmpgt
 .text          0x0000312c       0x50 /usr/lib/gcc/arm-none-eabi/14.2.1/thumb/v8-m.main+fp/hard/libgcc.a(_arm_fixdfsi.o)
                0x0000312c                __fixdfsi
                0x0000312c                __aeabi_d2iz
 .text          0x0000317c       0xa0 /usr/lib/gcc/arm-none-eabi/14.2.1/thumb/v8-m.main+fp/hard/libgcc.a(_arm_truncdfsf2.o)
                0x0000317c                __aeabi_d2f
                0x0000317c                __truncdfsf2
 .text          0x0000321c       0x30 /usr/lib/gcc/arm-none-eabi/14.2.1/thumb/v8-m.main+fp/hard/libgcc.a(_fixdfdi.o)
                0x0000321c                __aeabi_d2lz
                0x0000321c                __fixdfdi
 .text          0x0000324c       0x3c /usr/lib/gcc/arm-none-eabi/14.2.1/thumb/v8-m.main+fp/hard/libgcc.a(_fixunsdfdi.o)
                0x0000324c                __aeabi_d2ulz
                0x0000324c                __fixunsdfdi
 .text          0x00003288        0x4 /usr/lib/gcc/arm-none-eabi/14.2.1/../../../arm-none-eabi/lib/thumb/v8-m.main+fp/hard/libnosys.a(_exit.o)
                0x00003288                _exit
 *(.text*)
 .text.SystemInit
                0x0000328c      0x124 CMakeFiles/camera_ai_demo_cm33_core0.dir/home/nguyenhoangtrieu/embedded/NPX_Workspace/mcuxsdk/mcuxsdk/devices/MCX/MCXN/MCXN947/system_MCXN947_cm33_core0.c.obj
                0x0000328c                SystemInit
 .text.SystemInitHook
                0x000033b0        0xe CMakeFiles/camera_ai_demo_cm33_core0.dir/home/nguyenhoangtrieu/embedded/NPX_Workspace/mcuxsdk/mcuxsdk/devices/MCX/MCXN/MCXN947/system_MCXN947_cm33_core0.c.obj
                0x000033b0                SystemInitHook
 *fill*         0x000033be        0x2 
 .text.CLOCK_IsPLL0Locked
                0x000033c0       0x28 CMakeFiles/camera_ai_demo_cm33_core0.dir/home/nguyenhoangtrieu/embedded/NPX_Workspace/mcuxsdk/mcuxsdk/devices/MCX/MCXN/MCXN947/drivers/fsl_clock.c.obj
 .text.CLOCK_SetupFROHFClocking
                0x000033e8       0x9c CMakeFiles/camera_ai_demo_cm33_core0.dir/home/nguyenhoangtrieu/embedded/NPX_Workspace/mcuxsdk/mcuxsdk/devices/MCX/MCXN/MCXN947/drivers/fsl_clock.c.obj
                0x000033e8                CLOCK_SetupFROHFClocking
 .text.CLOCK_SetPll0MonitorMode
                0x00003484       0x38 CMakeFiles/camera_ai_demo_cm33_core0.dir/home/nguyenhoangtrieu/embedded/NPX_Workspace/mcuxsdk/mcuxsdk/devices/MCX/MCXN/MCXN947/drivers/fsl_clock.c.obj
                0x00003484                CLOCK_SetPll0MonitorMode
 .text.CLOCK_AttachClk
                0x000034bc       0xdc CMakeFiles/camera_ai_demo_cm33_core0.dir/home/nguyenhoangtrieu/embedded/NPX_Workspace/mcuxsdk/mcuxsdk/devices/MCX/MCXN/MCXN947/drivers/fsl_clock.c.obj
                0x000034bc                CLOCK_AttachClk
 .text.CLOCK_SetClkDiv
                0x00003598       0xbc CMakeFiles/camera_ai_demo_cm33_core0.dir/home/nguyenhoangtrieu/embedded/NPX_Workspace/mcuxsdk/mcuxsdk/devices/MCX/MCXN/MCXN947/drivers/fsl_clock.c.obj
                0x00003598                CLOCK_SetClkDiv
 .text.CLOCK_GetPll0OutFreq
                0x00003654       0x88 CMakeFiles/camera_ai_demo_cm33_core0.dir/home/nguyenhoangtrieu/embedded/NPX_Workspace/mcuxsdk/mcuxsdk/devices/MCX/MCXN/MCXN947/drivers/fsl_clock.c.obj
                0x00003654                CLOCK_GetPll0OutFreq
 .text.CLOCK_GetPLL0InClockRate
                0x000036dc       0x5c CMakeFiles/camera_ai_demo_cm33_core0.dir/home/nguyenhoangtrieu/embedded/NPX_Workspace/mcuxsdk/mcuxsdk/devices/MCX/MCXN/MCXN947/drivers/fsl_clock.c.obj
                0x000036dc                CLOCK_GetPLL0InClockRate
 .text.CLOCK_SetPLL0Freq
                0x00003738      0x10c CMakeFiles/camera_ai_demo_cm33_core0.dir/home/nguyenhoangtrieu/embedded/NPX_Workspace/mcuxsdk/mcuxsdk/devices/MCX/MCXN/MCXN947/drivers/fsl_clock.c.obj
                0x00003738                CLOCK_SetPLL0Freq
 .text.CLOCK_GetClk48MFreq
                0x00003844       0x2c CMakeFiles/camera_ai_demo_cm33_core0.dir/home/nguyenhoangtrieu/embedded/NPX_Workspace/mcuxsdk/mcuxsdk/devices/MCX/MCXN/MCXN947/drivers/fsl_clock.c.obj
 .text.CLOCK_GetExtClkFreq
                0x00003870       0x2c CMakeFiles/camera_ai_demo_cm33_core0.dir/home/nguyenhoangtrieu/embedded/NPX_Workspace/mcuxsdk/mcuxsdk/devices/MCX/MCXN/MCXN947/drivers/fsl_clock.c.obj
 .text.CLOCK_GetOsc32KFreq
                0x0000389c       0x4c CMakeFiles/camera_ai_demo_cm33_core0.dir/home/nguyenhoangtrieu/embedded/NPX_Workspace/mcuxsdk/mcuxsdk/devices/MCX/MCXN/MCXN947/drivers/fsl_clock.c.obj
 .text.findPll0PreDiv
                0x000038e8       0x40 CMakeFiles/camera_ai_demo_cm33_core0.dir/home/nguyenhoangtrieu/embedded/NPX_Workspace/mcuxsdk/mcuxsdk/devices/MCX/MCXN/MCXN947/drivers/fsl_clock.c.obj
 .text.findPll0PostDiv
                0x00003928       0x60 CMakeFiles/camera_ai_demo_cm33_core0.dir/home/nguyenhoangtrieu/embedded/NPX_Workspace/mcuxsdk/mcuxsdk/devices/MCX/MCXN/MCXN947/drivers/fsl_clock.c.obj
 .text.findPll0MMult
                0x00003988       0xac CMakeFiles/camera_ai_demo_cm33_core0.dir/home/nguyenhoangtrieu/embedded/NPX_Workspace/mcuxsdk/mcuxsdk/devices/MCX/MCXN/MCXN947/drivers/fsl_clock.c.obj
 .text.EDMA_0_CH0_DriverIRQHandler
                0x00003a34       0x10 CMakeFiles/camera_ai_demo_cm33_core0.dir/home/nguyenhoangtrieu/embedded/NPX_Workspace/mcuxsdk/mcuxsdk/devices/MCX/MCXN/MCXN947/drivers/fsl_edma_soc.c.obj
                0x00003a34                EDMA_0_CH0_DriverIRQHandler
 .text.EDMA_0_CH1_DriverIRQHandler
                0x00003a44       0x10 CMakeFiles/camera_ai_demo_cm33_core0.dir/home/nguyenhoangtrieu/embedded/NPX_Workspace/mcuxsdk/mcuxsdk/devices/MCX/MCXN/MCXN947/drivers/fsl_edma_soc.c.obj
                0x00003a44                EDMA_0_CH1_DriverIRQHandler
 .text.EDMA_0_CH2_DriverIRQHandler
                0x00003a54       0x10 CMakeFiles/camera_ai_demo_cm33_core0.dir/home/nguyenhoangtrieu/embedded/NPX_Workspace/mcuxsdk/mcuxsdk/devices/MCX/MCXN/MCXN947/drivers/fsl_edma_soc.c.obj
                0x00003a54                EDMA_0_CH2_DriverIRQHandler
 .text.EDMA_0_CH3_DriverIRQHandler
                0x00003a64       0x10 CMakeFiles/camera_ai_demo_cm33_core0.dir/home/nguyenhoangtrieu/embedded/NPX_Workspace/mcuxsdk/mcuxsdk/devices/MCX/MCXN/MCXN947/drivers/fsl_edma_soc.c.obj
                0x00003a64                EDMA_0_CH3_DriverIRQHandler
 .text.EDMA_0_CH4_DriverIRQHandler
                0x00003a74       0x10 CMakeFiles/camera_ai_demo_cm33_core0.dir/home/nguyenhoangtrieu/embedded/NPX_Workspace/mcuxsdk/mcuxsdk/devices/MCX/MCXN/MCXN947/drivers/fsl_edma_soc.c.obj
                0x00003a74                EDMA_0_CH4_DriverIRQHandler
 .text.EDMA_0_CH5_DriverIRQHandler
                0x00003a84       0x10 CMakeFiles/camera_ai_demo_cm33_core0.dir/home/nguyenhoangtrieu/embedded/NPX_Workspace/mcuxsdk/mcuxsdk/devices/MCX/MCXN/MCXN947/drivers/fsl_edma_soc.c.obj
                0x00003a84                EDMA_0_CH5_DriverIRQHandler
 .text.EDMA_0_CH6_DriverIRQHandler
                0x00003a94       0x10 CMakeFiles/camera_ai_demo_cm33_core0.dir/home/nguyenhoangtrieu/embedded/NPX_Workspace/mcuxsdk/mcuxsdk/devices/MCX/MCXN/MCXN947/drivers/fsl_edma_soc.c.obj
                0x00003a94                EDMA_0_CH6_DriverIRQHandler
 .text.EDMA_0_CH7_DriverIRQHandler
                0x00003aa4       0x10 CMakeFiles/camera_ai_demo_cm33_core0.dir/home/nguyenhoangtrieu/embedded/NPX_Workspace/mcuxsdk/mcuxsdk/devices/MCX/MCXN/MCXN947/drivers/fsl_edma_soc.c.obj
                0x00003aa4                EDMA_0_CH7_DriverIRQHandler
 .text.EDMA_0_CH8_DriverIRQHandler
                0x00003ab4       0x10 CMakeFiles/camera_ai_demo_cm33_core0.dir/home/nguyenhoangtrieu/embedded/NPX_Workspace/mcuxsdk/mcuxsdk/devices/MCX/MCXN/MCXN947/drivers/fsl_edma_soc.c.obj
                0x00003ab4                EDMA_0_CH8_DriverIRQHandler
 .text.EDMA_0_CH9_DriverIRQHandler
                0x00003ac4       0x10 CMakeFiles/camera_ai_demo_cm33_core0.dir/home/nguyenhoangtrieu/embedded/NPX_Workspace/mcuxsdk/mcuxsdk/devices/MCX/MCXN/MCXN947/drivers/fsl_edma_soc.c.obj
                0x00003ac4                EDMA_0_CH9_DriverIRQHandler
 .text.EDMA_0_CH10_DriverIRQHandler
                0x00003ad4       0x10 CMakeFiles/camera_ai_demo_cm33_core0.dir/home/nguyenhoangtrieu/embedded/NPX_Workspace/mcuxsdk/mcuxsdk/devices/MCX/MCXN/MCXN947/drivers/fsl_edma_soc.c.obj
                0x00003ad4                EDMA_0_CH10_DriverIRQHandler
 .text.EDMA_0_CH11_DriverIRQHandler
                0x00003ae4       0x10 CMakeFiles/camera_ai_demo_cm33_core0.dir/home/nguyenhoangtrieu/embedded/NPX_Workspace/mcuxsdk/mcuxsdk/devices/MCX/MCXN/MCXN947/drivers/fsl_edma_soc.c.obj
                0x00003ae4                EDMA_0_CH11_DriverIRQHandler
 .text.EDMA_0_CH12_DriverIRQHandler
                0x00003af4       0x10 CMakeFiles/camera_ai_demo_cm33_core0.dir/home/nguyenhoangtrieu/embedded/NPX_Workspace/mcuxsdk/mcuxsdk/devices/MCX/MCXN/MCXN947/drivers/fsl_edma_soc.c.obj
                0x00003af4                EDMA_0_CH12_DriverIRQHandler
 .text.EDMA_0_CH13_DriverIRQHandler
                0x00003b04       0x10 CMakeFiles/camera_ai_demo_cm33_core0.dir/home/nguyenhoangtrieu/embedded/NPX_Workspace/mcuxsdk/mcuxsdk/devices/MCX/MCXN/MCXN947/drivers/fsl_edma_soc.c.obj
                0x00003b04                EDMA_0_CH13_DriverIRQHandler
 .text.EDMA_0_CH14_DriverIRQHandler
                0x00003b14       0x10 CMakeFiles/camera_ai_demo_cm33_core0.dir/home/nguyenhoangtrieu/embedded/NPX_Workspace/mcuxsdk/mcuxsdk/devices/MCX/MCXN/MCXN947/drivers/fsl_edma_soc.c.obj
                0x00003b14                EDMA_0_CH14_DriverIRQHandler
 .text.EDMA_0_CH15_DriverIRQHandler
                0x00003b24       0x10 CMakeFiles/camera_ai_demo_cm33_core0.dir/home/nguyenhoangtrieu/embedded/NPX_Workspace/mcuxsdk/mcuxsdk/devices/MCX/MCXN/MCXN947/drivers/fsl_edma_soc.c.obj
                0x00003b24                EDMA_0_CH15_DriverIRQHandler
 .text.EDMA_1_CH0_DriverIRQHandler
                0x00003b34       0x10 CMakeFiles/camera_ai_demo_cm33_core0.dir/home/nguyenhoangtrieu/embedded/NPX_Workspace/mcuxsdk/mcuxsdk/devices/MCX/MCXN/MCXN947/drivers/fsl_edma_soc.c.obj
                0x00003b34                EDMA_1_CH0_DriverIRQHandler
 .text.EDMA_1_CH1_DriverIRQHandler
                0x00003b44       0x10 CMakeFiles/camera_ai_demo_cm33_core0.dir/home/nguyenhoangtrieu/embedded/NPX_Workspace/mcuxsdk/mcuxsdk/devices/MCX/MCXN/MCXN947/drivers/fsl_edma_soc.c.obj
                0x00003b44                EDMA_1_CH1_DriverIRQHandler
 .text.EDMA_1_CH2_DriverIRQHandler
                0x00003b54       0x10 CMakeFiles/camera_ai_demo_cm33_core0.dir/home/nguyenhoangtrieu/embedded/NPX_Workspace/mcuxsdk/mcuxsdk/devices/MCX/MCXN/MCXN947/drivers/fsl_edma_soc.c.obj
                0x00003b54                EDMA_1_CH2_DriverIRQHandler
 .text.EDMA_1_CH3_DriverIRQHandler
                0x00003b64       0x10 CMakeFiles/camera_ai_demo_cm33_core0.dir/home/nguyenhoangtrieu/embedded/NPX_Workspace/mcuxsdk/mcuxsdk/devices/MCX/MCXN/MCXN947/drivers/fsl_edma_soc.c.obj
                0x00003b64                EDMA_1_CH3_DriverIRQHandler
 .text.EDMA_1_CH4_DriverIRQHandler
                0x00003b74       0x10 CMakeFiles/camera_ai_demo_cm33_core0.dir/home/nguyenhoangtrieu/embedded/NPX_Workspace/mcuxsdk/mcuxsdk/devices/MCX/MCXN/MCXN947/drivers/fsl_edma_soc.c.obj
                0x00003b74                EDMA_1_CH4_DriverIRQHandler
 .text.EDMA_1_CH5_DriverIRQHandler
                0x00003b84       0x10 CMakeFiles/camera_ai_demo_cm33_core0.dir/home/nguyenhoangtrieu/embedded/NPX_Workspace/mcuxsdk/mcuxsdk/devices/MCX/MCXN/MCXN947/drivers/fsl_edma_soc.c.obj
                0x00003b84                EDMA_1_CH5_DriverIRQHandler
 .text.EDMA_1_CH6_DriverIRQHandler
                0x00003b94       0x10 CMakeFiles/camera_ai_demo_cm33_core0.dir/home/nguyenhoangtrieu/embedded/NPX_Workspace/mcuxsdk/mcuxsdk/devices/MCX/MCXN/MCXN947/drivers/fsl_edma_soc.c.obj
                0x00003b94                EDMA_1_CH6_DriverIRQHandler
 .text.EDMA_1_CH7_DriverIRQHandler
                0x00003ba4       0x10 CMakeFiles/camera_ai_demo_cm33_core0.dir/home/nguyenhoangtrieu/embedded/NPX_Workspace/mcuxsdk/mcuxsdk/devices/MCX/MCXN/MCXN947/drivers/fsl_edma_soc.c.obj
                0x00003ba4                EDMA_1_CH7_DriverIRQHandler
 .text.EDMA_1_CH8_DriverIRQHandler
                0x00003bb4       0x10 CMakeFiles/camera_ai_demo_cm33_core0.dir/home/nguyenhoangtrieu/embedded/NPX_Workspace/mcuxsdk/mcuxsdk/devices/MCX/MCXN/MCXN947/drivers/fsl_edma_soc.c.obj
                0x00003bb4                EDMA_1_CH8_DriverIRQHandler
 .text.EDMA_1_CH9_DriverIRQHandler
                0x00003bc4       0x10 CMakeFiles/camera_ai_demo_cm33_core0.dir/home/nguyenhoangtrieu/embedded/NPX_Workspace/mcuxsdk/mcuxsdk/devices/MCX/MCXN/MCXN947/drivers/fsl_edma_soc.c.obj
                0x00003bc4                EDMA_1_CH9_DriverIRQHandler
 .text.EDMA_1_CH10_DriverIRQHandler
                0x00003bd4       0x10 CMakeFiles/camera_ai_demo_cm33_core0.dir/home/nguyenhoangtrieu/embedded/NPX_Workspace/mcuxsdk/mcuxsdk/devices/MCX/MCXN/MCXN947/drivers/fsl_edma_soc.c.obj
                0x00003bd4                EDMA_1_CH10_DriverIRQHandler
 .text.EDMA_1_CH11_DriverIRQHandler
                0x00003be4       0x10 CMakeFiles/camera_ai_demo_cm33_core0.dir/home/nguyenhoangtrieu/embedded/NPX_Workspace/mcuxsdk/mcuxsdk/devices/MCX/MCXN/MCXN947/drivers/fsl_edma_soc.c.obj
                0x00003be4                EDMA_1_CH11_DriverIRQHandler
 .text.EDMA_1_CH12_DriverIRQHandler
                0x00003bf4       0x10 CMakeFiles/camera_ai_demo_cm33_core0.dir/home/nguyenhoangtrieu/embedded/NPX_Workspace/mcuxsdk/mcuxsdk/devices/MCX/MCXN/MCXN947/drivers/fsl_edma_soc.c.obj
                0x00003bf4                EDMA_1_CH12_DriverIRQHandler
 .text.EDMA_1_CH13_DriverIRQHandler
                0x00003c04       0x10 CMakeFiles/camera_ai_demo_cm33_core0.dir/home/nguyenhoangtrieu/embedded/NPX_Workspace/mcuxsdk/mcuxsdk/devices/MCX/MCXN/MCXN947/drivers/fsl_edma_soc.c.obj
                0x00003c04                EDMA_1_CH13_DriverIRQHandler
 .text.EDMA_1_CH14_DriverIRQHandler
                0x00003c14       0x10 CMakeFiles/camera_ai_demo_cm33_core0.dir/home/nguyenhoangtrieu/embedded/NPX_Workspace/mcuxsdk/mcuxsdk/devices/MCX/MCXN/MCXN947/drivers/fsl_edma_soc.c.obj
                0x00003c14                EDMA_1_CH14_DriverIRQHandler
 .text.EDMA_1_CH15_DriverIRQHandler
                0x00003c24       0x10 CMakeFiles/camera_ai_demo_cm33_core0.dir/home/nguyenhoangtrieu/embedded/NPX_Workspace/mcuxsdk/mcuxsdk/devices/MCX/MCXN/MCXN947/drivers/fsl_edma_soc.c.obj
                0x00003c24                EDMA_1_CH15_DriverIRQHandler
 .text.RESET_SetPeripheralReset
                0x00003c34       0x94 CMakeFiles/camera_ai_demo_cm33_core0.dir/home/nguyenhoangtrieu/embedded/NPX_Workspace/mcuxsdk/mcuxsdk/devices/MCX/MCXN/MCXN947/drivers/fsl_reset.c.obj
                0x00003c34                RESET_SetPeripheralReset
 .text.RESET_ClearPeripheralReset
                0x00003cc8       0x94 CMakeFiles/camera_ai_demo_cm33_core0.dir/home/nguyenhoangtrieu/embedded/NPX_Workspace/mcuxsdk/mcuxsdk/devices/MCX/MCXN/MCXN947/drivers/fsl_reset.c.obj
                0x00003cc8                RESET_ClearPeripheralReset
 .text.RESET_PeripheralReset
                0x00003d5c       0x24 CMakeFiles/camera_ai_demo_cm33_core0.dir/home/nguyenhoangtrieu/embedded/NPX_Workspace/mcuxsdk/mcuxsdk/devices/MCX/MCXN/MCXN947/drivers/fsl_reset.c.obj
                0x00003d5c                RESET_PeripheralReset
 .text.BOARD_InitDebugConsole
                0x00003d80       0x38 CMakeFiles/camera_ai_demo_cm33_core0.dir/home/nguyenhoangtrieu/embedded/NPX_Workspace/mcuxsdk/mcuxsdk/examples/_boards/frdmmcxn947/board.c.obj
                0x00003d80                BOARD_InitDebugConsole
 .text.CLOCK_EnableClock
                0x00003db8       0x9a CMakeFiles/camera_ai_demo_cm33_core0.dir/home/nguyenhoangtrieu/embedded/NPX_Workspace/mcuxsdk/mcuxsdk/examples/_boards/frdmmcxn947/clock_config.c.obj
 .text.BOARD_InitBootClocks
                0x00003e52        0xc CMakeFiles/camera_ai_demo_cm33_core0.dir/home/nguyenhoangtrieu/embedded/NPX_Workspace/mcuxsdk/mcuxsdk/examples/_boards/frdmmcxn947/clock_config.c.obj
                0x00003e52                BOARD_InitBootClocks
 *fill*         0x00003e5e        0x2 
 .text.BOARD_BootClockPLL150M
                0x00003e60       0xd8 CMakeFiles/camera_ai_demo_cm33_core0.dir/home/nguyenhoangtrieu/embedded/NPX_Workspace/mcuxsdk/mcuxsdk/examples/_boards/frdmmcxn947/clock_config.c.obj
                0x00003e60                BOARD_BootClockPLL150M
 .text.CLOCK_EnableClock
                0x00003f38       0x9a CMakeFiles/camera_ai_demo_cm33_core0.dir/board_port/pin_mux.c.obj
 *fill*         0x00003fd2        0x2 
 .text.PORT_SetPinConfig
                0x00003fd4       0x48 CMakeFiles/camera_ai_demo_cm33_core0.dir/board_port/pin_mux.c.obj
 .text.PORT_SetPinMux
                0x0000401c       0x3e CMakeFiles/camera_ai_demo_cm33_core0.dir/board_port/pin_mux.c.obj
 .text.BOARD_InitBootPins
                0x0000405a        0xc CMakeFiles/camera_ai_demo_cm33_core0.dir/board_port/pin_mux.c.obj
                0x0000405a                BOARD_InitBootPins
 *fill*         0x00004066        0x2 
 .text.BOARD_InitDebugUartPins
                0x00004068       0x64 CMakeFiles/camera_ai_demo_cm33_core0.dir/board_port/pin_mux.c.obj
                0x00004068                BOARD_InitDebugUartPins
 .text.BOARD_InitCameraPins
                0x000040cc      0x1ac CMakeFiles/camera_ai_demo_cm33_core0.dir/board_port/pin_mux.c.obj
                0x000040cc                BOARD_InitCameraPins
 .text.BOARD_InitArduinoLcdPins
                0x00004278       0x88 CMakeFiles/camera_ai_demo_cm33_core0.dir/board_port/pin_mux.c.obj
                0x00004278                BOARD_InitArduinoLcdPins
 .text.BOARD_InitTouchPins
                0x00004300       0x74 CMakeFiles/camera_ai_demo_cm33_core0.dir/board_port/pin_mux.c.obj
                0x00004300                BOARD_InitTouchPins
 .text.BOARD_InitSdCardPins
                0x00004374       0x60 CMakeFiles/camera_ai_demo_cm33_core0.dir/board_port/pin_mux.c.obj
                0x00004374                BOARD_InitSdCardPins
 .text.CLOCK_EnableClock
                0x000043d4       0x9a CMakeFiles/camera_ai_demo_cm33_core0.dir/board_port/cm33_core0/hardware_init.c.obj
 *fill*         0x0000446e        0x2 
 .text.BOARD_SetRegulatorsMidVoltage
                0x00004470       0x3c CMakeFiles/camera_ai_demo_cm33_core0.dir/board_port/cm33_core0/hardware_init.c.obj
                0x00004470                BOARD_SetRegulatorsMidVoltage
 .text.BOARD_InitHardware
                0x000044ac       0xc8 CMakeFiles/camera_ai_demo_cm33_core0.dir/board_port/cm33_core0/hardware_init.c.obj
                0x000044ac                BOARD_InitHardware
 .text.get_core1_image_size
                0x00004574       0x18 CMakeFiles/camera_ai_demo_cm33_core0.dir/board_port/cm33_core0/hardware_init.c.obj
                0x00004574                get_core1_image_size
 .text.EDMA_HandleIRQ
                0x0000458c      0x1d4 CMakeFiles/camera_ai_demo_cm33_core0.dir/home/nguyenhoangtrieu/embedded/NPX_Workspace/mcuxsdk/mcuxsdk/drivers/edma4/fsl_edma.c.obj
                0x0000458c                EDMA_HandleIRQ
 .text.EDMA_DriverIRQHandler
                0x00004760       0x5c CMakeFiles/camera_ai_demo_cm33_core0.dir/home/nguyenhoangtrieu/embedded/NPX_Workspace/mcuxsdk/mcuxsdk/drivers/edma4/fsl_edma.c.obj
                0x00004760                EDMA_DriverIRQHandler
 .text.FLEXIO_CommonIRQHandler
                0x000047bc       0x58 CMakeFiles/camera_ai_demo_cm33_core0.dir/home/nguyenhoangtrieu/embedded/NPX_Workspace/mcuxsdk/mcuxsdk/drivers/flexio/fsl_flexio.c.obj
 .text.FLEXIO_DriverIRQHandler
                0x00004814        0xc CMakeFiles/camera_ai_demo_cm33_core0.dir/home/nguyenhoangtrieu/embedded/NPX_Workspace/mcuxsdk/mcuxsdk/drivers/flexio/fsl_flexio.c.obj
                0x00004814                FLEXIO_DriverIRQHandler
 .text.CLOCK_EnableClock
                0x00004820       0x9a CMakeFiles/camera_ai_demo_cm33_core0.dir/home/nguyenhoangtrieu/embedded/NPX_Workspace/mcuxsdk/mcuxsdk/drivers/gpio/fsl_gpio.c.obj
 .text.CLOCK_DisableClock
                0x000048ba       0xbe CMakeFiles/camera_ai_demo_cm33_core0.dir/home/nguyenhoangtrieu/embedded/NPX_Workspace/mcuxsdk/mcuxsdk/drivers/gpio/fsl_gpio.c.obj
 .text.GPIO_PinWrite
                0x00004978       0x36 CMakeFiles/camera_ai_demo_cm33_core0.dir/home/nguyenhoangtrieu/embedded/NPX_Workspace/mcuxsdk/mcuxsdk/drivers/gpio/fsl_gpio.c.obj
 *fill*         0x000049ae        0x2 
 .text.GPIO_GetInstance
                0x000049b0       0x58 CMakeFiles/camera_ai_demo_cm33_core0.dir/home/nguyenhoangtrieu/embedded/NPX_Workspace/mcuxsdk/mcuxsdk/drivers/gpio/fsl_gpio.c.obj
 .text.GPIO_PortClockEnable
                0x00004a08       0x64 CMakeFiles/camera_ai_demo_cm33_core0.dir/home/nguyenhoangtrieu/embedded/NPX_Workspace/mcuxsdk/mcuxsdk/drivers/gpio/fsl_gpio.c.obj
 .text.GPIO_PinInit
                0x00004a6c       0x78 CMakeFiles/camera_ai_demo_cm33_core0.dir/home/nguyenhoangtrieu/embedded/NPX_Workspace/mcuxsdk/mcuxsdk/drivers/gpio/fsl_gpio.c.obj
                0x00004a6c                GPIO_PinInit
 .text.CLOCK_EnableClock
                0x00004ae4       0x9a CMakeFiles/camera_ai_demo_cm33_core0.dir/home/nguyenhoangtrieu/embedded/NPX_Workspace/mcuxsdk/mcuxsdk/drivers/inputmux/fsl_inputmux.c.obj
 .text.CLOCK_DisableClock
                0x00004b7e       0xbe CMakeFiles/camera_ai_demo_cm33_core0.dir/home/nguyenhoangtrieu/embedded/NPX_Workspace/mcuxsdk/mcuxsdk/drivers/inputmux/fsl_inputmux.c.obj
 .text.RESET_ReleasePeripheralReset
                0x00004c3c       0x16 CMakeFiles/camera_ai_demo_cm33_core0.dir/home/nguyenhoangtrieu/embedded/NPX_Workspace/mcuxsdk/mcuxsdk/drivers/inputmux/fsl_inputmux.c.obj
 *fill*         0x00004c52        0x2 
 .text.INPUTMUX_GetInstance
                0x00004c54       0x54 CMakeFiles/camera_ai_demo_cm33_core0.dir/home/nguyenhoangtrieu/embedded/NPX_Workspace/mcuxsdk/mcuxsdk/drivers/inputmux/fsl_inputmux.c.obj
 .text.INPUTMUX_Init
                0x00004ca8       0x2c CMakeFiles/camera_ai_demo_cm33_core0.dir/home/nguyenhoangtrieu/embedded/NPX_Workspace/mcuxsdk/mcuxsdk/drivers/inputmux/fsl_inputmux.c.obj
                0x00004ca8                INPUTMUX_Init
 .text.INPUTMUX_AttachSignal
                0x00004cd4       0x3a CMakeFiles/camera_ai_demo_cm33_core0.dir/home/nguyenhoangtrieu/embedded/NPX_Workspace/mcuxsdk/mcuxsdk/drivers/inputmux/fsl_inputmux.c.obj
                0x00004cd4                INPUTMUX_AttachSignal
 .text.INPUTMUX_Deinit
                0x00004d0e       0x1e CMakeFiles/camera_ai_demo_cm33_core0.dir/home/nguyenhoangtrieu/embedded/NPX_Workspace/mcuxsdk/mcuxsdk/drivers/inputmux/fsl_inputmux.c.obj
                0x00004d0e                INPUTMUX_Deinit
 .text.CLOCK_EnableClock
                0x00004d2c       0x9a CMakeFiles/camera_ai_demo_cm33_core0.dir/home/nguyenhoangtrieu/embedded/NPX_Workspace/mcuxsdk/mcuxsdk/drivers/lpflexcomm/fsl_lpflexcomm.c.obj
 .text.LP_FLEXCOMM_PeripheralIsPresent
                0x00004dc6       0x52 CMakeFiles/camera_ai_demo_cm33_core0.dir/home/nguyenhoangtrieu/embedded/NPX_Workspace/mcuxsdk/mcuxsdk/drivers/lpflexcomm/fsl_lpflexcomm.c.obj
 .text.LP_FLEXCOMM_GetInterruptStatus
                0x00004e18       0x28 CMakeFiles/camera_ai_demo_cm33_core0.dir/home/nguyenhoangtrieu/embedded/NPX_Workspace/mcuxsdk/mcuxsdk/drivers/lpflexcomm/fsl_lpflexcomm.c.obj
                0x00004e18                LP_FLEXCOMM_GetInterruptStatus
 .text.LP_FLEXCOMM_SetPeriph
                0x00004e40       0xa0 CMakeFiles/camera_ai_demo_cm33_core0.dir/home/nguyenhoangtrieu/embedded/NPX_Workspace/mcuxsdk/mcuxsdk/drivers/lpflexcomm/fsl_lpflexcomm.c.obj
 .text.LP_FLEXCOMM_Init
                0x00004ee0       0x64 CMakeFiles/camera_ai_demo_cm33_core0.dir/home/nguyenhoangtrieu/embedded/NPX_Workspace/mcuxsdk/mcuxsdk/drivers/lpflexcomm/fsl_lpflexcomm.c.obj
                0x00004ee0                LP_FLEXCOMM_Init
 .text.LP_FLEXCOMM_CommonIRQHandler
                0x00004f44       0xb8 CMakeFiles/camera_ai_demo_cm33_core0.dir/home/nguyenhoangtrieu/embedded/NPX_Workspace/mcuxsdk/mcuxsdk/drivers/lpflexcomm/fsl_lpflexcomm.c.obj
 .text.LP_FLEXCOMM0_DriverIRQHandler
                0x00004ffc        0xe CMakeFiles/camera_ai_demo_cm33_core0.dir/home/nguyenhoangtrieu/embedded/NPX_Workspace/mcuxsdk/mcuxsdk/drivers/lpflexcomm/fsl_lpflexcomm.c.obj
                0x00004ffc                LP_FLEXCOMM0_DriverIRQHandler
 .text.LP_FLEXCOMM1_DriverIRQHandler
                0x0000500a        0xe CMakeFiles/camera_ai_demo_cm33_core0.dir/home/nguyenhoangtrieu/embedded/NPX_Workspace/mcuxsdk/mcuxsdk/drivers/lpflexcomm/fsl_lpflexcomm.c.obj
                0x0000500a                LP_FLEXCOMM1_DriverIRQHandler
 .text.LP_FLEXCOMM2_DriverIRQHandler
                0x00005018        0xe CMakeFiles/camera_ai_demo_cm33_core0.dir/home/nguyenhoangtrieu/embedded/NPX_Workspace/mcuxsdk/mcuxsdk/drivers/lpflexcomm/fsl_lpflexcomm.c.obj
                0x00005018                LP_FLEXCOMM2_DriverIRQHandler
 .text.LP_FLEXCOMM3_DriverIRQHandler
                0x00005026        0xe CMakeFiles/camera_ai_demo_cm33_core0.dir/home/nguyenhoangtrieu/embedded/NPX_Workspace/mcuxsdk/mcuxsdk/drivers/lpflexcomm/fsl_lpflexcomm.c.obj
                0x00005026                LP_FLEXCOMM3_DriverIRQHandler
 .text.LP_FLEXCOMM4_DriverIRQHandler
                0x00005034        0xe CMakeFiles/camera_ai_demo_cm33_core0.dir/home/nguyenhoangtrieu/embedded/NPX_Workspace/mcuxsdk/mcuxsdk/drivers/lpflexcomm/fsl_lpflexcomm.c.obj
                0x00005034                LP_FLEXCOMM4_DriverIRQHandler
 .text.LP_FLEXCOMM5_DriverIRQHandler
                0x00005042        0xe CMakeFiles/camera_ai_demo_cm33_core0.dir/home/nguyenhoangtrieu/embedded/NPX_Workspace/mcuxsdk/mcuxsdk/drivers/lpflexcomm/fsl_lpflexcomm.c.obj
                0x00005042                LP_FLEXCOMM5_DriverIRQHandler
 .text.LP_FLEXCOMM6_DriverIRQHandler
                0x00005050        0xe CMakeFiles/camera_ai_demo_cm33_core0.dir/home/nguyenhoangtrieu/embedded/NPX_Workspace/mcuxsdk/mcuxsdk/drivers/lpflexcomm/fsl_lpflexcomm.c.obj
                0x00005050                LP_FLEXCOMM6_DriverIRQHandler
 .text.LP_FLEXCOMM7_DriverIRQHandler
                0x0000505e        0xe CMakeFiles/camera_ai_demo_cm33_core0.dir/home/nguyenhoangtrieu/embedded/NPX_Workspace/mcuxsdk/mcuxsdk/drivers/lpflexcomm/fsl_lpflexcomm.c.obj
                0x0000505e                LP_FLEXCOMM7_DriverIRQHandler
 .text.LP_FLEXCOMM8_DriverIRQHandler
                0x0000506c        0xe CMakeFiles/camera_ai_demo_cm33_core0.dir/home/nguyenhoangtrieu/embedded/NPX_Workspace/mcuxsdk/mcuxsdk/drivers/lpflexcomm/fsl_lpflexcomm.c.obj
                0x0000506c                LP_FLEXCOMM8_DriverIRQHandler
 .text.LP_FLEXCOMM9_DriverIRQHandler
                0x0000507a        0xe CMakeFiles/camera_ai_demo_cm33_core0.dir/home/nguyenhoangtrieu/embedded/NPX_Workspace/mcuxsdk/mcuxsdk/drivers/lpflexcomm/fsl_lpflexcomm.c.obj
                0x0000507a                LP_FLEXCOMM9_DriverIRQHandler
 .text.SPC_GetActiveModeBandgapMode
                0x00005088       0x22 CMakeFiles/camera_ai_demo_cm33_core0.dir/home/nguyenhoangtrieu/embedded/NPX_Workspace/mcuxsdk/mcuxsdk/drivers/mcx_spc/fsl_spc.c.obj
 .text.SPC_GetActiveModeVoltageDetectStatus
                0x000050aa       0x22 CMakeFiles/camera_ai_demo_cm33_core0.dir/home/nguyenhoangtrieu/embedded/NPX_Workspace/mcuxsdk/mcuxsdk/drivers/mcx_spc/fsl_spc.c.obj
 .text.SPC_GetActiveModeCoreLDOVDDVoltageLevel
                0x000050cc       0x22 CMakeFiles/camera_ai_demo_cm33_core0.dir/home/nguyenhoangtrieu/embedded/NPX_Workspace/mcuxsdk/mcuxsdk/drivers/mcx_spc/fsl_spc.c.obj
 .text.SPC_GetActiveModeCoreLDODriveStrength
                0x000050ee       0x22 CMakeFiles/camera_ai_demo_cm33_core0.dir/home/nguyenhoangtrieu/embedded/NPX_Workspace/mcuxsdk/mcuxsdk/drivers/mcx_spc/fsl_spc.c.obj
 .text.SPC_SetActiveModeDCDCRegulatorVoltageLevel
                0x00005110       0x32 CMakeFiles/camera_ai_demo_cm33_core0.dir/home/nguyenhoangtrieu/embedded/NPX_Workspace/mcuxsdk/mcuxsdk/drivers/mcx_spc/fsl_spc.c.obj
 *fill*         0x00005142        0x2 
 .text.SPC_SetSRAMOperateVoltage
                0x00005144       0x68 CMakeFiles/camera_ai_demo_cm33_core0.dir/home/nguyenhoangtrieu/embedded/NPX_Workspace/mcuxsdk/mcuxsdk/drivers/mcx_spc/fsl_spc.c.obj
                0x00005144                SPC_SetSRAMOperateVoltage
 .text.SPC_SetActiveModeCoreLDORegulatorConfig
                0x000051ac       0x94 CMakeFiles/camera_ai_demo_cm33_core0.dir/home/nguyenhoangtrieu/embedded/NPX_Workspace/mcuxsdk/mcuxsdk/drivers/mcx_spc/fsl_spc.c.obj
                0x000051ac                SPC_SetActiveModeCoreLDORegulatorConfig
 .text.SPC_SetActiveModeCoreLDORegulatorVoltageLevel
                0x00005240       0x60 CMakeFiles/camera_ai_demo_cm33_core0.dir/home/nguyenhoangtrieu/embedded/NPX_Workspace/mcuxsdk/mcuxsdk/drivers/mcx_spc/fsl_spc.c.obj
                0x00005240                SPC_SetActiveModeCoreLDORegulatorVoltageLevel
 .text.SPC_SetActiveModeCoreLDORegulatorDriveStrength
                0x000052a0       0x5e CMakeFiles/camera_ai_demo_cm33_core0.dir/home/nguyenhoangtrieu/embedded/NPX_Workspace/mcuxsdk/mcuxsdk/drivers/mcx_spc/fsl_spc.c.obj
                0x000052a0                SPC_SetActiveModeCoreLDORegulatorDriveStrength
 *fill*         0x000052fe        0x2 
 .text.SPC_SetActiveModeDCDCRegulatorConfig
                0x00005300       0x78 CMakeFiles/camera_ai_demo_cm33_core0.dir/home/nguyenhoangtrieu/embedded/NPX_Workspace/mcuxsdk/mcuxsdk/drivers/mcx_spc/fsl_spc.c.obj
                0x00005300                SPC_SetActiveModeDCDCRegulatorConfig
 .text.SPC_SetActiveModeDCDCRegulatorDriveStrength
                0x00005378       0x48 CMakeFiles/camera_ai_demo_cm33_core0.dir/home/nguyenhoangtrieu/embedded/NPX_Workspace/mcuxsdk/mcuxsdk/drivers/mcx_spc/fsl_spc.c.obj
                0x00005378                SPC_SetActiveModeDCDCRegulatorDriveStrength
 .text.SMARTDMA_HandleIRQ
                0x000053c0       0x24 CMakeFiles/camera_ai_demo_cm33_core0.dir/home/nguyenhoangtrieu/embedded/NPX_Workspace/mcuxsdk/mcuxsdk/drivers/smartdma/fsl_smartdma.c.obj
                0x000053c0                SMARTDMA_HandleIRQ
 .text.SMARTDMA_IRQHandler
                0x000053e4        0xc CMakeFiles/camera_ai_demo_cm33_core0.dir/home/nguyenhoangtrieu/embedded/NPX_Workspace/mcuxsdk/mcuxsdk/drivers/smartdma/mcxn/fsl_smartdma_fw.c.obj
                0x000053e4                SMARTDMA_IRQHandler
 .text.LPUART_SoftwareReset
                0x000053f0       0x2c CMakeFiles/camera_ai_demo_cm33_core0.dir/home/nguyenhoangtrieu/embedded/NPX_Workspace/mcuxsdk/mcuxsdk/drivers/lpflexcomm/lpuart/fsl_lpuart.c.obj
 .text.LPUART_GetInstance
                0x0000541c       0x58 CMakeFiles/camera_ai_demo_cm33_core0.dir/home/nguyenhoangtrieu/embedded/NPX_Workspace/mcuxsdk/mcuxsdk/drivers/lpflexcomm/lpuart/fsl_lpuart.c.obj
                0x0000541c                LPUART_GetInstance
 .text.LPUART_Init
                0x00005474      0x470 CMakeFiles/camera_ai_demo_cm33_core0.dir/home/nguyenhoangtrieu/embedded/NPX_Workspace/mcuxsdk/mcuxsdk/drivers/lpflexcomm/lpuart/fsl_lpuart.c.obj
                0x00005474                LPUART_Init
 .text.LPUART_GetDefaultConfig
                0x000058e4       0x9c CMakeFiles/camera_ai_demo_cm33_core0.dir/home/nguyenhoangtrieu/embedded/NPX_Workspace/mcuxsdk/mcuxsdk/drivers/lpflexcomm/lpuart/fsl_lpuart.c.obj
                0x000058e4                LPUART_GetDefaultConfig
 .text.LPUART_GetStatusFlags
                0x00005980       0x60 CMakeFiles/camera_ai_demo_cm33_core0.dir/home/nguyenhoangtrieu/embedded/NPX_Workspace/mcuxsdk/mcuxsdk/drivers/lpflexcomm/lpuart/fsl_lpuart.c.obj
                0x00005980                LPUART_GetStatusFlags
 .text.LPUART_ClearStatusFlags
                0x000059e0       0x94 CMakeFiles/camera_ai_demo_cm33_core0.dir/home/nguyenhoangtrieu/embedded/NPX_Workspace/mcuxsdk/mcuxsdk/drivers/lpflexcomm/lpuart/fsl_lpuart.c.obj
                0x000059e0                LPUART_ClearStatusFlags
 .text.LPUART_WriteBlocking
                0x00005a74       0x78 CMakeFiles/camera_ai_demo_cm33_core0.dir/home/nguyenhoangtrieu/embedded/NPX_Workspace/mcuxsdk/mcuxsdk/drivers/lpflexcomm/lpuart/fsl_lpuart.c.obj
                0x00005a74                LPUART_WriteBlocking
 .text.LPUART_ReadBlocking
                0x00005aec      0x174 CMakeFiles/camera_ai_demo_cm33_core0.dir/home/nguyenhoangtrieu/embedded/NPX_Workspace/mcuxsdk/mcuxsdk/drivers/lpflexcomm/lpuart/fsl_lpuart.c.obj
                0x00005aec                LPUART_ReadBlocking
 .text.fsl_assert_hook
                0x00005c60       0x1a CMakeFiles/camera_ai_demo_cm33_core0.dir/home/nguyenhoangtrieu/embedded/NPX_Workspace/mcuxsdk/mcuxsdk/components/assert/fsl_assert.c.obj
                0x00005c60                fsl_assert_hook
 *fill*         0x00005c7a        0x2 
 .text.__assert_func
                0x00005c7c       0x40 CMakeFiles/camera_ai_demo_cm33_core0.dir/home/nguyenhoangtrieu/embedded/NPX_Workspace/mcuxsdk/mcuxsdk/components/assert/fsl_assert.c.obj
                0x00005c7c                __assert_func
 .text.DbgConsole_Init
                0x00005cbc       0x88 CMakeFiles/camera_ai_demo_cm33_core0.dir/home/nguyenhoangtrieu/embedded/NPX_Workspace/mcuxsdk/mcuxsdk/components/debug_console_lite/fsl_debug_console.c.obj
                0x00005cbc                DbgConsole_Init
 .text.DbgConsole_Printf
                0x00005d44       0x2c CMakeFiles/camera_ai_demo_cm33_core0.dir/home/nguyenhoangtrieu/embedded/NPX_Workspace/mcuxsdk/mcuxsdk/components/debug_console_lite/fsl_debug_console.c.obj
                0x00005d44                DbgConsole_Printf
 .text.DbgConsole_Vprintf
                0x00005d70       0x3c CMakeFiles/camera_ai_demo_cm33_core0.dir/home/nguyenhoangtrieu/embedded/NPX_Workspace/mcuxsdk/mcuxsdk/components/debug_console_lite/fsl_debug_console.c.obj
                0x00005d70                DbgConsole_Vprintf
 .text.DbgConsole_Putchar
                0x00005dac       0x30 CMakeFiles/camera_ai_demo_cm33_core0.dir/home/nguyenhoangtrieu/embedded/NPX_Workspace/mcuxsdk/mcuxsdk/components/debug_console_lite/fsl_debug_console.c.obj
                0x00005dac                DbgConsole_Putchar
 .text.DbgConsole_PrintfPaddingCharacter
                0x00005ddc       0x40 CMakeFiles/camera_ai_demo_cm33_core0.dir/home/nguyenhoangtrieu/embedded/NPX_Workspace/mcuxsdk/mcuxsdk/components/debug_console_lite/fsl_debug_console.c.obj
 .text.DbgConsole_ConvertRadixNumToString
                0x00005e1c       0xc2 CMakeFiles/camera_ai_demo_cm33_core0.dir/home/nguyenhoangtrieu/embedded/NPX_Workspace/mcuxsdk/mcuxsdk/components/debug_console_lite/fsl_debug_console.c.obj
 *fill*         0x00005ede        0x2 
 .text.DbgConsole_PrintfFormattedData
                0x00005ee0      0x3e0 CMakeFiles/camera_ai_demo_cm33_core0.dir/home/nguyenhoangtrieu/embedded/NPX_Workspace/mcuxsdk/mcuxsdk/components/debug_console_lite/fsl_debug_console.c.obj
 .text._getpid  0x000062c0       0x16 CMakeFiles/camera_ai_demo_cm33_core0.dir/home/nguyenhoangtrieu/embedded/NPX_Workspace/mcuxsdk/mcuxsdk/components/misc_utilities/fsl_syscall_stub.c.obj
                0x000062c0                _getpid
 .text._kill    0x000062d6       0x20 CMakeFiles/camera_ai_demo_cm33_core0.dir/home/nguyenhoangtrieu/embedded/NPX_Workspace/mcuxsdk/mcuxsdk/components/misc_utilities/fsl_syscall_stub.c.obj
                0x000062d6                _kill
 *fill*         0x000062f6        0x2 
 .text._sbrk    0x000062f8       0x68 CMakeFiles/camera_ai_demo_cm33_core0.dir/home/nguyenhoangtrieu/embedded/NPX_Workspace/mcuxsdk/mcuxsdk/components/misc_utilities/fsl_sbrk.c.obj
                0x000062f8                _sbrk
 .text.memcpy   0x00006360       0xa0 CMakeFiles/camera_ai_demo_cm33_core0.dir/home/nguyenhoangtrieu/embedded/NPX_Workspace/mcuxsdk/mcuxsdk/components/misc_utilities/fsl_memcpy.S.obj
                0x00006360                memcpy
 .text.memset   0x00006400       0x54 CMakeFiles/camera_ai_demo_cm33_core0.dir/home/nguyenhoangtrieu/embedded/NPX_Workspace/mcuxsdk/mcuxsdk/components/misc_utilities/fsl_memset.S.obj
                0x00006400                memset
 .text.HAL_UartGetStatus
                0x00006454       0x28 CMakeFiles/camera_ai_demo_cm33_core0.dir/home/nguyenhoangtrieu/embedded/NPX_Workspace/mcuxsdk/mcuxsdk/components/uart/fsl_adapter_lpuart.c.obj
 .text.HAL_UartInitCommon
                0x0000647c       0xe4 CMakeFiles/camera_ai_demo_cm33_core0.dir/home/nguyenhoangtrieu/embedded/NPX_Workspace/mcuxsdk/mcuxsdk/components/uart/fsl_adapter_lpuart.c.obj
 .text.HAL_UartInit
                0x00006560       0xac CMakeFiles/camera_ai_demo_cm33_core0.dir/home/nguyenhoangtrieu/embedded/NPX_Workspace/mcuxsdk/mcuxsdk/components/uart/fsl_adapter_lpuart.c.obj
                0x00006560                HAL_UartInit
 .text.HAL_UartReceiveBlocking
                0x0000660c       0x8c CMakeFiles/camera_ai_demo_cm33_core0.dir/home/nguyenhoangtrieu/embedded/NPX_Workspace/mcuxsdk/mcuxsdk/components/uart/fsl_adapter_lpuart.c.obj
                0x0000660c                HAL_UartReceiveBlocking
 .text.HAL_UartSendBlocking
                0x00006698       0x84 CMakeFiles/camera_ai_demo_cm33_core0.dir/home/nguyenhoangtrieu/embedded/NPX_Workspace/mcuxsdk/mcuxsdk/components/uart/fsl_adapter_lpuart.c.obj
                0x00006698                HAL_UartSendBlocking
 .text.MCMGR_RegisterEvent
                0x0000671c       0x4c CMakeFiles/camera_ai_demo_cm33_core0.dir/home/nguyenhoangtrieu/embedded/NPX_Workspace/mcuxsdk/mcuxsdk/middleware/multicore/mcmgr/src/mcmgr.c.obj
                0x0000671c                MCMGR_RegisterEvent
 .text.MCMGR_TriggerEventCommon
                0x00006768       0x64 CMakeFiles/camera_ai_demo_cm33_core0.dir/home/nguyenhoangtrieu/embedded/NPX_Workspace/mcuxsdk/mcuxsdk/middleware/multicore/mcmgr/src/mcmgr.c.obj
 .text.MCMGR_TriggerEvent
                0x000067cc       0x28 CMakeFiles/camera_ai_demo_cm33_core0.dir/home/nguyenhoangtrieu/embedded/NPX_Workspace/mcuxsdk/mcuxsdk/middleware/multicore/mcmgr/src/mcmgr.c.obj
                0x000067cc                MCMGR_TriggerEvent
 .text.MCMGR_StartupDataEventHandler
                0x000067f4       0x66 CMakeFiles/camera_ai_demo_cm33_core0.dir/home/nguyenhoangtrieu/embedded/NPX_Workspace/mcuxsdk/mcuxsdk/middleware/multicore/mcmgr/src/mcmgr.c.obj
 .text.MCMGR_FeedStartupDataEventHandler
                0x0000685a       0x7a CMakeFiles/camera_ai_demo_cm33_core0.dir/home/nguyenhoangtrieu/embedded/NPX_Workspace/mcuxsdk/mcuxsdk/middleware/multicore/mcmgr/src/mcmgr.c.obj
 .text.MCMGR_Init
                0x000068d4       0x70 CMakeFiles/camera_ai_demo_cm33_core0.dir/home/nguyenhoangtrieu/embedded/NPX_Workspace/mcuxsdk/mcuxsdk/middleware/multicore/mcmgr/src/mcmgr.c.obj
                0x000068d4                MCMGR_Init
 .text.MCMGR_StartCore
                0x00006944       0x6c CMakeFiles/camera_ai_demo_cm33_core0.dir/home/nguyenhoangtrieu/embedded/NPX_Workspace/mcuxsdk/mcuxsdk/middleware/multicore/mcmgr/src/mcmgr.c.obj
                0x00006944                MCMGR_StartCore
 .text.MCMGR_GetCurrentCore
                0x000069b0        0xe CMakeFiles/camera_ai_demo_cm33_core0.dir/home/nguyenhoangtrieu/embedded/NPX_Workspace/mcuxsdk/mcuxsdk/middleware/multicore/mcmgr/src/mcmgr.c.obj
                0x000069b0                MCMGR_GetCurrentCore
 *fill*         0x000069be        0x2 
 .text.__NVIC_EnableIRQ
                0x000069c0       0x3c CMakeFiles/camera_ai_demo_cm33_core0.dir/home/nguyenhoangtrieu/embedded/NPX_Workspace/mcuxsdk/mcuxsdk/middleware/multicore/mcmgr/src/mcmgr_internal_core_api_mcxnx4x.c.obj
 .text.__NVIC_SetPriority
                0x000069fc       0x54 CMakeFiles/camera_ai_demo_cm33_core0.dir/home/nguyenhoangtrieu/embedded/NPX_Workspace/mcuxsdk/mcuxsdk/middleware/multicore/mcmgr/src/mcmgr_internal_core_api_mcxnx4x.c.obj
 .text.CLOCK_EnableClock
                0x00006a50       0x9a CMakeFiles/camera_ai_demo_cm33_core0.dir/home/nguyenhoangtrieu/embedded/NPX_Workspace/mcuxsdk/mcuxsdk/middleware/multicore/mcmgr/src/mcmgr_internal_core_api_mcxnx4x.c.obj
 .text.MAILBOX_Init
                0x00006aea       0x1c CMakeFiles/camera_ai_demo_cm33_core0.dir/home/nguyenhoangtrieu/embedded/NPX_Workspace/mcuxsdk/mcuxsdk/middleware/multicore/mcmgr/src/mcmgr_internal_core_api_mcxnx4x.c.obj
 *fill*         0x00006b06        0x2 
 .text.MAILBOX_GetValue
                0x00006b08       0x44 CMakeFiles/camera_ai_demo_cm33_core0.dir/home/nguyenhoangtrieu/embedded/NPX_Workspace/mcuxsdk/mcuxsdk/middleware/multicore/mcmgr/src/mcmgr_internal_core_api_mcxnx4x.c.obj
 .text.MAILBOX_SetValueBits
                0x00006b4c       0x4c CMakeFiles/camera_ai_demo_cm33_core0.dir/home/nguyenhoangtrieu/embedded/NPX_Workspace/mcuxsdk/mcuxsdk/middleware/multicore/mcmgr/src/mcmgr_internal_core_api_mcxnx4x.c.obj
 .text.MAILBOX_ClearValueBits
                0x00006b98       0x4c CMakeFiles/camera_ai_demo_cm33_core0.dir/home/nguyenhoangtrieu/embedded/NPX_Workspace/mcuxsdk/mcuxsdk/middleware/multicore/mcmgr/src/mcmgr_internal_core_api_mcxnx4x.c.obj
 .text.mcmgr_platform_init_internal_early
                0x00006be4       0x34 CMakeFiles/camera_ai_demo_cm33_core0.dir/home/nguyenhoangtrieu/embedded/NPX_Workspace/mcuxsdk/mcuxsdk/middleware/multicore/mcmgr/src/mcmgr_internal_core_api_mcxnx4x.c.obj
 .text.mcmgr_platform_init_internal
                0x00006c18       0x38 CMakeFiles/camera_ai_demo_cm33_core0.dir/home/nguyenhoangtrieu/embedded/NPX_Workspace/mcuxsdk/mcuxsdk/middleware/multicore/mcmgr/src/mcmgr_internal_core_api_mcxnx4x.c.obj
                0x00006c18                mcmgr_platform_init_internal
 .text.mcmgr_start_core_internal
                0x00006c50       0x68 CMakeFiles/camera_ai_demo_cm33_core0.dir/home/nguyenhoangtrieu/embedded/NPX_Workspace/mcuxsdk/mcuxsdk/middleware/multicore/mcmgr/src/mcmgr_internal_core_api_mcxnx4x.c.obj
                0x00006c50                mcmgr_start_core_internal
 .text.mcmgr_get_current_core_internal
                0x00006cb8       0x10 CMakeFiles/camera_ai_demo_cm33_core0.dir/home/nguyenhoangtrieu/embedded/NPX_Workspace/mcuxsdk/mcuxsdk/middleware/multicore/mcmgr/src/mcmgr_internal_core_api_mcxnx4x.c.obj
                0x00006cb8                mcmgr_get_current_core_internal
 .text.mcmgr_trigger_event_internal
                0x00006cc8       0x4c CMakeFiles/camera_ai_demo_cm33_core0.dir/home/nguyenhoangtrieu/embedded/NPX_Workspace/mcuxsdk/mcuxsdk/middleware/multicore/mcmgr/src/mcmgr_internal_core_api_mcxnx4x.c.obj
                0x00006cc8                mcmgr_trigger_event_internal
 .text.MAILBOX_IRQHandler
                0x00006d14       0x88 CMakeFiles/camera_ai_demo_cm33_core0.dir/home/nguyenhoangtrieu/embedded/NPX_Workspace/mcuxsdk/mcuxsdk/middleware/multicore/mcmgr/src/mcmgr_internal_core_api_mcxnx4x.c.obj
                0x00006d14                MAILBOX_IRQHandler
 .text.prvCreateTask
                0x00006d9c       0x78 CMakeFiles/camera_ai_demo_cm33_core0.dir/home/nguyenhoangtrieu/embedded/NPX_Workspace/mcuxsdk/mcuxsdk/rtos/freertos/freertos-kernel-upstream/tasks.c.obj
 .text.xTaskCreate
                0x00006e14       0x46 CMakeFiles/camera_ai_demo_cm33_core0.dir/home/nguyenhoangtrieu/embedded/NPX_Workspace/mcuxsdk/mcuxsdk/rtos/freertos/freertos-kernel-upstream/tasks.c.obj
                0x00006e14                xTaskCreate
 .text.prvInitialiseNewTask
                0x00006e5a      0x10a CMakeFiles/camera_ai_demo_cm33_core0.dir/home/nguyenhoangtrieu/embedded/NPX_Workspace/mcuxsdk/mcuxsdk/rtos/freertos/freertos-kernel-upstream/tasks.c.obj
 .text.prvAddNewTaskToReadyList
                0x00006f64      0x118 CMakeFiles/camera_ai_demo_cm33_core0.dir/home/nguyenhoangtrieu/embedded/NPX_Workspace/mcuxsdk/mcuxsdk/rtos/freertos/freertos-kernel-upstream/tasks.c.obj
 .text.prvCreateIdleTasks
                0x0000707c       0xac CMakeFiles/camera_ai_demo_cm33_core0.dir/home/nguyenhoangtrieu/embedded/NPX_Workspace/mcuxsdk/mcuxsdk/rtos/freertos/freertos-kernel-upstream/tasks.c.obj
 .text.vTaskStartScheduler
                0x00007128       0x5c CMakeFiles/camera_ai_demo_cm33_core0.dir/home/nguyenhoangtrieu/embedded/NPX_Workspace/mcuxsdk/mcuxsdk/rtos/freertos/freertos-kernel-upstream/tasks.c.obj
                0x00007128                vTaskStartScheduler
 .text.vTaskSuspendAll
                0x00007184       0x1c CMakeFiles/camera_ai_demo_cm33_core0.dir/home/nguyenhoangtrieu/embedded/NPX_Workspace/mcuxsdk/mcuxsdk/rtos/freertos/freertos-kernel-upstream/tasks.c.obj
                0x00007184                vTaskSuspendAll
 .text.xTaskResumeAll
                0x000071a0      0x1f0 CMakeFiles/camera_ai_demo_cm33_core0.dir/home/nguyenhoangtrieu/embedded/NPX_Workspace/mcuxsdk/mcuxsdk/rtos/freertos/freertos-kernel-upstream/tasks.c.obj
                0x000071a0                xTaskResumeAll
 .text.xTaskIncrementTick
                0x00007390      0x224 CMakeFiles/camera_ai_demo_cm33_core0.dir/home/nguyenhoangtrieu/embedded/NPX_Workspace/mcuxsdk/mcuxsdk/rtos/freertos/freertos-kernel-upstream/tasks.c.obj
                0x00007390                xTaskIncrementTick
 .text.vTaskSwitchContext
                0x000075b4      0x108 CMakeFiles/camera_ai_demo_cm33_core0.dir/home/nguyenhoangtrieu/embedded/NPX_Workspace/mcuxsdk/mcuxsdk/rtos/freertos/freertos-kernel-upstream/tasks.c.obj
                0x000075b4                vTaskSwitchContext
 .text.prvIdleTask
                0x000076bc       0x20 CMakeFiles/camera_ai_demo_cm33_core0.dir/home/nguyenhoangtrieu/embedded/NPX_Workspace/mcuxsdk/mcuxsdk/rtos/freertos/freertos-kernel-upstream/tasks.c.obj
 .text.prvInitialiseTaskLists
                0x000076dc       0x74 CMakeFiles/camera_ai_demo_cm33_core0.dir/home/nguyenhoangtrieu/embedded/NPX_Workspace/mcuxsdk/mcuxsdk/rtos/freertos/freertos-kernel-upstream/tasks.c.obj
 .text.prvCheckTasksWaitingTermination
                0x00007750        0xe CMakeFiles/camera_ai_demo_cm33_core0.dir/home/nguyenhoangtrieu/embedded/NPX_Workspace/mcuxsdk/mcuxsdk/rtos/freertos/freertos-kernel-upstream/tasks.c.obj
 *fill*         0x0000775e        0x2 
 .text.prvResetNextTaskUnblockTime
                0x00007760       0x38 CMakeFiles/camera_ai_demo_cm33_core0.dir/home/nguyenhoangtrieu/embedded/NPX_Workspace/mcuxsdk/mcuxsdk/rtos/freertos/freertos-kernel-upstream/tasks.c.obj
 .text.xTaskGenericNotifyWait
                0x00007798      0x118 CMakeFiles/camera_ai_demo_cm33_core0.dir/home/nguyenhoangtrieu/embedded/NPX_Workspace/mcuxsdk/mcuxsdk/rtos/freertos/freertos-kernel-upstream/tasks.c.obj
                0x00007798                xTaskGenericNotifyWait
 .text.xTaskGenericNotifyFromISR
                0x000078b0      0x268 CMakeFiles/camera_ai_demo_cm33_core0.dir/home/nguyenhoangtrieu/embedded/NPX_Workspace/mcuxsdk/mcuxsdk/rtos/freertos/freertos-kernel-upstream/tasks.c.obj
                0x000078b0                xTaskGenericNotifyFromISR
 .text.prvAddCurrentTaskToDelayedList
                0x00007b18      0x104 CMakeFiles/camera_ai_demo_cm33_core0.dir/home/nguyenhoangtrieu/embedded/NPX_Workspace/mcuxsdk/mcuxsdk/rtos/freertos/freertos-kernel-upstream/tasks.c.obj
 .text.vListInitialise
                0x00007c1c       0x40 CMakeFiles/camera_ai_demo_cm33_core0.dir/home/nguyenhoangtrieu/embedded/NPX_Workspace/mcuxsdk/mcuxsdk/rtos/freertos/freertos-kernel-upstream/list.c.obj
                0x00007c1c                vListInitialise
 .text.vListInitialiseItem
                0x00007c5c       0x1a CMakeFiles/camera_ai_demo_cm33_core0.dir/home/nguyenhoangtrieu/embedded/NPX_Workspace/mcuxsdk/mcuxsdk/rtos/freertos/freertos-kernel-upstream/list.c.obj
                0x00007c5c                vListInitialiseItem
 .text.vListInsert
                0x00007c76       0x72 CMakeFiles/camera_ai_demo_cm33_core0.dir/home/nguyenhoangtrieu/embedded/NPX_Workspace/mcuxsdk/mcuxsdk/rtos/freertos/freertos-kernel-upstream/list.c.obj
                0x00007c76                vListInsert
 .text.uxListRemove
                0x00007ce8       0x54 CMakeFiles/camera_ai_demo_cm33_core0.dir/home/nguyenhoangtrieu/embedded/NPX_Workspace/mcuxsdk/mcuxsdk/rtos/freertos/freertos-kernel-upstream/list.c.obj
                0x00007ce8                uxListRemove
 .text.vPortSetupTimerInterrupt
                0x00007d3c       0x48 CMakeFiles/camera_ai_demo_cm33_core0.dir/home/nguyenhoangtrieu/embedded/NPX_Workspace/mcuxsdk/mcuxsdk/rtos/freertos/freertos-kernel-upstream/portable/GCC/ARM_CM33_NTZ/non_secure/port.c.obj
                0x00007d3c                vPortSetupTimerInterrupt
 .text.prvTaskExitError
                0x00007d84       0x38 CMakeFiles/camera_ai_demo_cm33_core0.dir/home/nguyenhoangtrieu/embedded/NPX_Workspace/mcuxsdk/mcuxsdk/rtos/freertos/freertos-kernel-upstream/portable/GCC/ARM_CM33_NTZ/non_secure/port.c.obj
 .text.prvSetupFPU
                0x00007dbc       0x30 CMakeFiles/camera_ai_demo_cm33_core0.dir/home/nguyenhoangtrieu/embedded/NPX_Workspace/mcuxsdk/mcuxsdk/rtos/freertos/freertos-kernel-upstream/portable/GCC/ARM_CM33_NTZ/non_secure/port.c.obj
 .text.vPortYield
                0x00007dec       0x24 CMakeFiles/camera_ai_demo_cm33_core0.dir/home/nguyenhoangtrieu/embedded/NPX_Workspace/mcuxsdk/mcuxsdk/rtos/freertos/freertos-kernel-upstream/portable/GCC/ARM_CM33_NTZ/non_secure/port.c.obj
                0x00007dec                vPortYield
 .text.vPortEnterCritical
                0x00007e10       0x24 CMakeFiles/camera_ai_demo_cm33_core0.dir/home/nguyenhoangtrieu/embedded/NPX_Workspace/mcuxsdk/mcuxsdk/rtos/freertos/freertos-kernel-upstream/portable/GCC/ARM_CM33_NTZ/non_secure/port.c.obj
                0x00007e10                vPortEnterCritical
 .text.vPortExitCritical
                0x00007e34       0x34 CMakeFiles/camera_ai_demo_cm33_core0.dir/home/nguyenhoangtrieu/embedded/NPX_Workspace/mcuxsdk/mcuxsdk/rtos/freertos/freertos-kernel-upstream/portable/GCC/ARM_CM33_NTZ/non_secure/port.c.obj
                0x00007e34                vPortExitCritical
 .text.SysTick_Handler
                0x00007e68       0x30 CMakeFiles/camera_ai_demo_cm33_core0.dir/home/nguyenhoangtrieu/embedded/NPX_Workspace/mcuxsdk/mcuxsdk/rtos/freertos/freertos-kernel-upstream/portable/GCC/ARM_CM33_NTZ/non_secure/port.c.obj
                0x00007e68                SysTick_Handler
 .text.vPortSVCHandler_C