/home/nguyenhoangtrieu/embedded/NPX_Workspace/mcuxsdk/mcuxsdk/devices/MCX/MCXN/MCXN947/drivers/fsl_clock.h:1496:20:CLOCK_EnableClock	0	static
/home/nguyenhoangtrieu/embedded/NPX_Workspace/mcuxsdk/mcuxsdk/drivers/lpflexcomm/lpspi/fsl_lpspi.h:622:24:LPSPI_GetTcr	8	static
/home/nguyenhoangtrieu/embedded/NPX_Workspace/mcuxsdk/mcuxsdk/drivers/lpflexcomm/lpspi/fsl_lpspi.c:2160:13:LPSPI_TxFifoReady	0	static
/home/nguyenhoangtrieu/embedded/NPX_Workspace/mcuxsdk/mcuxsdk/drivers/lpflexcomm/lpspi/fsl_lpspi.c:1996:17:LPSPI_CombineWriteData	8	static
/home/nguyenhoangtrieu/embedded/NPX_Workspace/mcuxsdk/mcuxsdk/drivers/lpflexcomm/lpspi/fsl_lpspi.c:2080:13:LPSPI_SeparateReadData	16	static
/home/nguyenhoangtrieu/embedded/NPX_Workspace/mcuxsdk/mcuxsdk/drivers/lpflexcomm/lpspi/fsl_lpspi.c:1278:13:LPSPI_MasterTransferFillUpTxFifo	32	static
/home/nguyenhoangtrieu/embedded/NPX_Workspace/mcuxsdk/mcuxsdk/drivers/lpflexcomm/lpspi/fsl_lpspi.c:1751:13:LPSPI_SlaveTransferFillUpTxFifo	24	static
/home/nguyenhoangtrieu/embedded/NPX_Workspace/mcuxsdk/mcuxsdk/drivers/common/fsl_common_arm.h:753:24:EnableIRQ.isra	0	static
/home/nguyenhoangtrieu/embedded/NPX_Workspace/mcuxsdk/mcuxsdk/drivers/lpflexcomm/lpspi/fsl_lpspi.c:1881:6:LPSPI_SlaveTransferHandleIRQ	24	static
/home/nguyenhoangtrieu/embedded/NPX_Workspace/mcuxsdk/mcuxsdk/drivers/lpflexcomm/lpspi/fsl_lpspi.c:1433:6:LPSPI_MasterTransferHandleIRQ	24	static
/home/nguyenhoangtrieu/embedded/NPX_Workspace/mcuxsdk/mcuxsdk/drivers/lpflexcomm/lpspi/fsl_lpspi.c:153:10:LPSPI_GetInstance	8	static
/home/nguyenhoangtrieu/embedded/NPX_Workspace/mcuxsdk/mcuxsdk/drivers/lpflexcomm/lpspi/fsl_lpspi.c:181:6:LPSPI_SetDummyData	8	static
/home/nguyenhoangtrieu/embedded/NPX_Workspace/mcuxsdk/mcuxsdk/drivers/lpflexcomm/lpspi/fsl_lpspi.c:276:6:LPSPI_MasterGetDefaultConfig	8	static
/home/nguyenhoangtrieu/embedded/NPX_Workspace/mcuxsdk/mcuxsdk/drivers/lpflexcomm/lpspi/fsl_lpspi.c:309:6:LPSPI_SlaveInit	16	static
/home/nguyenhoangtrieu/embedded/NPX_Workspace/mcuxsdk/mcuxsdk/drivers/lpflexcomm/lpspi/fsl_lpspi.c:371:6:LPSPI_SlaveGetDefaultConfig	8	static
/home/nguyenhoangtrieu/embedded/NPX_Workspace/mcuxsdk/mcuxsdk/drivers/lpflexcomm/lpspi/fsl_lpspi.c:396:6:LPSPI_Reset	0	static
/home/nguyenhoangtrieu/embedded/NPX_Workspace/mcuxsdk/mcuxsdk/drivers/lpflexcomm/lpspi/fsl_lpspi.c:412:6:LPSPI_Deinit	16	static
/home/nguyenhoangtrieu/embedded/NPX_Workspace/mcuxsdk/mcuxsdk/drivers/lpflexcomm/lpspi/fsl_lpspi.c:473:10:LPSPI_MasterSetBaudRate	32	static
/home/nguyenhoangtrieu/embedded/NPX_Workspace/mcuxsdk/mcuxsdk/drivers/lpflexcomm/lpspi/fsl_lpspi.c:586:6:LPSPI_MasterSetDelayScaler	16	static
/home/nguyenhoangtrieu/embedded/NPX_Workspace/mcuxsdk/mcuxsdk/drivers/lpflexcomm/lpspi/fsl_lpspi.c:652:10:LPSPI_MasterSetDelayTimes	24	static
/home/nguyenhoangtrieu/embedded/NPX_Workspace/mcuxsdk/mcuxsdk/drivers/lpflexcomm/lpspi/fsl_lpspi.c:194:6:LPSPI_MasterInit	40	static
/home/nguyenhoangtrieu/embedded/NPX_Workspace/mcuxsdk/mcuxsdk/drivers/lpflexcomm/lpspi/fsl_lpspi.c:704:6:LPSPI_MasterTransferCreateHandle	24	static
/home/nguyenhoangtrieu/embedded/NPX_Workspace/mcuxsdk/mcuxsdk/drivers/lpflexcomm/lpspi/fsl_lpspi.c:744:6:LPSPI_CheckTransferArgument	24	static
/home/nguyenhoangtrieu/embedded/NPX_Workspace/mcuxsdk/mcuxsdk/drivers/lpflexcomm/lpspi/fsl_lpspi.c:830:10:LPSPI_MasterTransferBlocking	72	static
/home/nguyenhoangtrieu/embedded/NPX_Workspace/mcuxsdk/mcuxsdk/drivers/lpflexcomm/lpspi/fsl_lpspi.c:1100:10:LPSPI_MasterTransferNonBlocking	48	static
/home/nguyenhoangtrieu/embedded/NPX_Workspace/mcuxsdk/mcuxsdk/drivers/lpflexcomm/lpspi/fsl_lpspi.c:1371:10:LPSPI_MasterTransferGetCount	8	static
/home/nguyenhoangtrieu/embedded/NPX_Workspace/mcuxsdk/mcuxsdk/drivers/lpflexcomm/lpspi/fsl_lpspi.c:1411:6:LPSPI_MasterTransferAbort	8	static
/home/nguyenhoangtrieu/embedded/NPX_Workspace/mcuxsdk/mcuxsdk/drivers/lpflexcomm/lpspi/fsl_lpspi.c:1566:6:LPSPI_SlaveTransferCreateHandle	24	static
/home/nguyenhoangtrieu/embedded/NPX_Workspace/mcuxsdk/mcuxsdk/drivers/lpflexcomm/lpspi/fsl_lpspi.c:1616:10:LPSPI_SlaveTransferNonBlocking	32	static
/home/nguyenhoangtrieu/embedded/NPX_Workspace/mcuxsdk/mcuxsdk/drivers/lpflexcomm/lpspi/fsl_lpspi.c:1819:10:LPSPI_SlaveTransferGetCount	8	static
/home/nguyenhoangtrieu/embedded/NPX_Workspace/mcuxsdk/mcuxsdk/drivers/lpflexcomm/lpspi/fsl_lpspi.c:1859:6:LPSPI_SlaveTransferAbort	8	static
/home/nguyenhoangtrieu/embedded/NPX_Workspace/mcuxsdk/mcuxsdk/drivers/lpflexcomm/lpspi/fsl_lpspi.c:2180:6:LPSPI_CommonIRQHandler	8	static
